
         /\      Grafana   /‾‾/  
    /\  /  \     |\  __   /  /   
   /  \/    \    | |/ /  /   ‾‾\ 
  /          \   |   (  |  (‾)  |
 / __________ \  |_|\_\  \_____/ 


     execution: local
        script: C:\Users\qkrwl\Desktop\repo\my\srrrg\scripts\performance\warm-cache.js
        output: -

     scenarios: (100.00%) 2 scenarios, 240 max VUs, 7m10s max duration (incl. graceful stop):
              * warmup: 10.00 iterations/s for 30s (maxVUs: 20-40, exec: warmup, gracefulStop: 5s)
              * warm_cache: Up to 200.00 iterations/s for 6m30s over 6 stages (maxVUs: 40-200, exec: warmCache, startTime: 30s, gracefulStop: 10s)

time="2026-07-29T11:05:46+09:00" level=info msg="test configuration: scenario=warm-cache, baseUrl=https://jhhomehub.gonetis.com/srrrg-dev, rates=100,150,200, stageDuration=2m, rampDuration=10s, dataLinks=20, warmupRate=10, warmupDuration=30s, preAllocatedVUs=40, maxVUs=200" source=console
time="2026-07-29T11:05:47+09:00" level=info msg="test link created: code=pCxEdQ, shortUrl=https://jhhomehub.gonetis.com/srrrg-dev/pCxEdQ" source=console
time="2026-07-29T11:05:47+09:00" level=info msg="test link created: code=361CJM, shortUrl=https://jhhomehub.gonetis.com/srrrg-dev/361CJM" source=console

Run          [ 100% ] setup()
warmup       [   0% ]
warm_cache   [   0% ]
time="2026-07-29T11:05:47+09:00" level=info msg="test link created: code=2axO5H, shortUrl=https://jhhomehub.gonetis.com/srrrg-dev/2axO5H" source=console
time="2026-07-29T11:05:47+09:00" level=info msg="test link created: code=iq3rsd, shortUrl=https://jhhomehub.gonetis.com/srrrg-dev/iq3rsd" source=console
time="2026-07-29T11:05:47+09:00" level=info msg="test link created: code=ohsUQt, shortUrl=https://jhhomehub.gonetis.com/srrrg-dev/ohsUQt" source=console
time="2026-07-29T11:05:48+09:00" level=info msg="test link created: code=cl7ELh, shortUrl=https://jhhomehub.gonetis.com/srrrg-dev/cl7ELh" source=console

Run          [ 100% ] setup()
warmup       [   0% ]
warm_cache   [   0% ]
time="2026-07-29T11:05:48+09:00" level=info msg="test link created: code=wkca8d, shortUrl=https://jhhomehub.gonetis.com/srrrg-dev/wkca8d" source=console
time="2026-07-29T11:05:48+09:00" level=info msg="test link created: code=4MlIPk, shortUrl=https://jhhomehub.gonetis.com/srrrg-dev/4MlIPk" source=console
time="2026-07-29T11:05:48+09:00" level=info msg="test link created: code=YZkx3l, shortUrl=https://jhhomehub.gonetis.com/srrrg-dev/YZkx3l" source=console
time="2026-07-29T11:05:49+09:00" level=info msg="test link created: code=a4faag, shortUrl=https://jhhomehub.gonetis.com/srrrg-dev/a4faag" source=console

Run          [ 100% ] setup()
warmup       [   0% ]
warm_cache   [   0% ]
time="2026-07-29T11:05:49+09:00" level=info msg="test link created: code=8notzw, shortUrl=https://jhhomehub.gonetis.com/srrrg-dev/8notzw" source=console
time="2026-07-29T11:05:49+09:00" level=info msg="test link created: code=HHf7NE, shortUrl=https://jhhomehub.gonetis.com/srrrg-dev/HHf7NE" source=console
time="2026-07-29T11:05:49+09:00" level=info msg="test link created: code=uKW5f8, shortUrl=https://jhhomehub.gonetis.com/srrrg-dev/uKW5f8" source=console
time="2026-07-29T11:05:50+09:00" level=info msg="test link created: code=QtkMWa, shortUrl=https://jhhomehub.gonetis.com/srrrg-dev/QtkMWa" source=console
time="2026-07-29T11:05:50+09:00" level=info msg="test link created: code=ySf0hD, shortUrl=https://jhhomehub.gonetis.com/srrrg-dev/ySf0hD" source=console

Run          [ 100% ] setup()
warmup       [   0% ]
warm_cache   [   0% ]
time="2026-07-29T11:05:50+09:00" level=info msg="test link created: code=MrbKmM, shortUrl=https://jhhomehub.gonetis.com/srrrg-dev/MrbKmM" source=console
time="2026-07-29T11:05:50+09:00" level=info msg="test link created: code=czIAP7, shortUrl=https://jhhomehub.gonetis.com/srrrg-dev/czIAP7" source=console
time="2026-07-29T11:05:51+09:00" level=info msg="test link created: code=nbPiyf, shortUrl=https://jhhomehub.gonetis.com/srrrg-dev/nbPiyf" source=console
time="2026-07-29T11:05:51+09:00" level=info msg="test link created: code=jciiKu, shortUrl=https://jhhomehub.gonetis.com/srrrg-dev/jciiKu" source=console

Run          [ 100% ] setup()
warmup       [   0% ]
warm_cache   [   0% ]
time="2026-07-29T11:05:51+09:00" level=info msg="test link created: code=xB8hRi, shortUrl=https://jhhomehub.gonetis.com/srrrg-dev/xB8hRi" source=console

running (0m06.0s), 001/060 VUs, 8 complete and 0 interrupted iterations
warmup       [   3% ] 01/20 VUs  00.8s/30s  10.00 iters/s
warm_cache • [   0% ] waiting    29.2s     

running (0m07.0s), 001/060 VUs, 18 complete and 0 interrupted iterations
warmup       [   6% ] 01/20 VUs  01.8s/30s  10.00 iters/s
warm_cache • [   0% ] waiting    28.2s     

running (0m08.0s), 001/060 VUs, 28 complete and 0 interrupted iterations
warmup       [   9% ] 01/20 VUs  02.8s/30s  10.00 iters/s
warm_cache • [   0% ] waiting    27.2s     

running (0m09.0s), 001/060 VUs, 38 complete and 0 interrupted iterations
warmup       [  13% ] 01/20 VUs  03.8s/30s  10.00 iters/s
warm_cache • [   0% ] waiting    26.2s     

running (0m10.0s), 001/060 VUs, 48 complete and 0 interrupted iterations
warmup       [  16% ] 01/20 VUs  04.8s/30s  10.00 iters/s
warm_cache • [   0% ] waiting    25.2s     

running (0m11.0s), 001/060 VUs, 58 complete and 0 interrupted iterations
warmup       [  19% ] 01/20 VUs  05.8s/30s  10.00 iters/s
warm_cache • [   0% ] waiting    24.2s     

running (0m12.0s), 001/060 VUs, 68 complete and 0 interrupted iterations
warmup       [  23% ] 01/20 VUs  06.8s/30s  10.00 iters/s
warm_cache • [   0% ] waiting    23.2s     

running (0m13.0s), 001/060 VUs, 78 complete and 0 interrupted iterations
warmup       [  26% ] 01/20 VUs  07.8s/30s  10.00 iters/s
warm_cache • [   0% ] waiting    22.2s     

running (0m14.0s), 001/060 VUs, 88 complete and 0 interrupted iterations
warmup       [  29% ] 01/20 VUs  08.8s/30s  10.00 iters/s
warm_cache • [   0% ] waiting    21.2s     

running (0m15.0s), 001/060 VUs, 98 complete and 0 interrupted iterations
warmup       [  33% ] 01/20 VUs  09.8s/30s  10.00 iters/s
warm_cache • [   0% ] waiting    20.2s     

running (0m16.0s), 001/060 VUs, 108 complete and 0 interrupted iterations
warmup       [  36% ] 01/20 VUs  10.8s/30s  10.00 iters/s
warm_cache • [   0% ] waiting    19.2s     

running (0m17.0s), 001/060 VUs, 118 complete and 0 interrupted iterations
warmup       [  39% ] 01/20 VUs  11.8s/30s  10.00 iters/s
warm_cache • [   0% ] waiting    18.2s     

running (0m18.0s), 001/060 VUs, 128 complete and 0 interrupted iterations
warmup       [  43% ] 01/20 VUs  12.8s/30s  10.00 iters/s
warm_cache • [   0% ] waiting    17.2s     

running (0m19.0s), 001/060 VUs, 138 complete and 0 interrupted iterations
warmup       [  46% ] 01/20 VUs  13.8s/30s  10.00 iters/s
warm_cache • [   0% ] waiting    16.2s     

running (0m20.0s), 001/060 VUs, 148 complete and 0 interrupted iterations
warmup       [  49% ] 01/20 VUs  14.8s/30s  10.00 iters/s
warm_cache • [   0% ] waiting    15.2s     

running (0m21.0s), 001/060 VUs, 158 complete and 0 interrupted iterations
warmup       [  53% ] 01/20 VUs  15.8s/30s  10.00 iters/s
warm_cache • [   0% ] waiting    14.2s     

running (0m22.0s), 001/060 VUs, 168 complete and 0 interrupted iterations
warmup       [  56% ] 01/20 VUs  16.8s/30s  10.00 iters/s
warm_cache • [   0% ] waiting    13.2s     

running (0m23.0s), 001/060 VUs, 178 complete and 0 interrupted iterations
warmup       [  59% ] 01/20 VUs  17.8s/30s  10.00 iters/s
warm_cache • [   0% ] waiting    12.2s     

running (0m24.0s), 001/060 VUs, 188 complete and 0 interrupted iterations
warmup       [  63% ] 01/20 VUs  18.8s/30s  10.00 iters/s
warm_cache • [   0% ] waiting    11.2s     

running (0m25.0s), 001/060 VUs, 198 complete and 0 interrupted iterations
warmup       [  66% ] 01/20 VUs  19.8s/30s  10.00 iters/s
warm_cache • [   0% ] waiting    10.2s     

running (0m26.0s), 001/060 VUs, 208 complete and 0 interrupted iterations
warmup       [  69% ] 01/20 VUs  20.8s/30s  10.00 iters/s
warm_cache • [   0% ] waiting    09.2s     

running (0m27.0s), 001/060 VUs, 218 complete and 0 interrupted iterations
warmup       [  73% ] 01/20 VUs  21.8s/30s  10.00 iters/s
warm_cache • [   0% ] waiting    08.2s     

running (0m28.0s), 001/060 VUs, 228 complete and 0 interrupted iterations
warmup       [  76% ] 01/20 VUs  22.8s/30s  10.00 iters/s
warm_cache • [   0% ] waiting    07.2s     

running (0m29.0s), 001/060 VUs, 238 complete and 0 interrupted iterations
warmup       [  79% ] 01/20 VUs  23.8s/30s  10.00 iters/s
warm_cache • [   0% ] waiting    06.2s     

running (0m30.0s), 001/060 VUs, 248 complete and 0 interrupted iterations
warmup       [  83% ] 01/20 VUs  24.8s/30s  10.00 iters/s
warm_cache • [   0% ] waiting    05.2s     

running (0m31.0s), 001/060 VUs, 258 complete and 0 interrupted iterations
warmup       [  86% ] 01/20 VUs  25.8s/30s  10.00 iters/s
warm_cache • [   0% ] waiting    04.2s     

running (0m32.0s), 001/060 VUs, 268 complete and 0 interrupted iterations
warmup       [  89% ] 01/20 VUs  26.8s/30s  10.00 iters/s
warm_cache • [   0% ] waiting    03.2s     

running (0m33.0s), 001/060 VUs, 278 complete and 0 interrupted iterations
warmup       [  93% ] 01/20 VUs  27.8s/30s  10.00 iters/s
warm_cache • [   0% ] waiting    02.2s     

running (0m34.0s), 001/060 VUs, 288 complete and 0 interrupted iterations
warmup       [  96% ] 01/20 VUs  28.8s/30s  10.00 iters/s
warm_cache • [   0% ] waiting    01.2s     

running (0m35.0s), 001/060 VUs, 298 complete and 0 interrupted iterations
warmup       [  99% ] 01/20 VUs  29.8s/30s  10.00 iters/s
warm_cache • [   0% ] waiting    00.2s     

running (0m36.0s), 000/060 VUs, 310 complete and 0 interrupted iterations
warmup     ✓ [ 100% ] 00/20 VUs    30s            10.00 iters/s
warm_cache   [   0% ] 000/040 VUs  0m00.8s/6m30s  017.00 iters/s

running (0m37.0s), 001/060 VUs, 331 complete and 0 interrupted iterations
warmup     ✓ [ 100% ] 00/20 VUs    30s            10.00 iters/s
warm_cache   [   0% ] 001/040 VUs  0m01.8s/6m30s  026.17 iters/s

running (0m38.0s), 001/060 VUs, 362 complete and 0 interrupted iterations
warmup     ✓ [ 100% ] 00/20 VUs    30s            10.00 iters/s
warm_cache   [   1% ] 001/040 VUs  0m02.8s/6m30s  035.26 iters/s

running (0m39.0s), 004/060 VUs, 399 complete and 0 interrupted iterations
warmup     ✓ [ 100% ] 00/20 VUs    30s            10.00 iters/s
warm_cache   [   1% ] 004/040 VUs  0m03.8s/6m30s  044.31 iters/s

running (0m40.0s), 005/060 VUs, 446 complete and 0 interrupted iterations
warmup     ✓ [ 100% ] 00/20 VUs    30s            10.00 iters/s
warm_cache   [   1% ] 005/040 VUs  0m04.8s/6m30s  053.17 iters/s

running (0m41.0s), 004/060 VUs, 505 complete and 0 interrupted iterations
warmup     ✓ [ 100% ] 00/20 VUs    30s            10.00 iters/s
warm_cache   [   1% ] 004/040 VUs  0m05.8s/6m30s  062.22 iters/s

running (0m42.0s), 001/060 VUs, 575 complete and 0 interrupted iterations
warmup     ✓ [ 100% ] 00/20 VUs    30s            10.00 iters/s
warm_cache   [   2% ] 001/040 VUs  0m06.8s/6m30s  071.25 iters/s

running (0m43.0s), 001/060 VUs, 651 complete and 0 interrupted iterations
warmup     ✓ [ 100% ] 00/20 VUs    30s            10.00 iters/s
warm_cache   [   2% ] 001/040 VUs  0m07.8s/6m30s  080.28 iters/s

running (0m44.0s), 001/060 VUs, 735 complete and 0 interrupted iterations
warmup     ✓ [ 100% ] 00/20 VUs    30s            10.00 iters/s
warm_cache   [   2% ] 001/040 VUs  0m08.8s/6m30s  089.20 iters/s

running (0m45.0s), 005/060 VUs, 825 complete and 0 interrupted iterations
warmup     ✓ [ 100% ] 00/20 VUs    30s            10.00 iters/s
warm_cache   [   3% ] 005/040 VUs  0m09.8s/6m30s  098.23 iters/s

running (0m46.0s), 005/060 VUs, 925 complete and 0 interrupted iterations
warmup     ✓ [ 100% ] 00/20 VUs    30s            10.00 iters/s
warm_cache   [   3% ] 005/040 VUs  0m10.8s/6m30s  100.00 iters/s

running (0m47.0s), 001/060 VUs, 1029 complete and 0 interrupted iterations
warmup     ✓ [ 100% ] 00/20 VUs    30s            10.00 iters/s
warm_cache   [   3% ] 001/040 VUs  0m11.8s/6m30s  100.00 iters/s

running (0m48.0s), 003/060 VUs, 1127 complete and 0 interrupted iterations
warmup     ✓ [ 100% ] 00/20 VUs    30s            10.00 iters/s
warm_cache   [   3% ] 003/040 VUs  0m12.8s/6m30s  100.00 iters/s

running (0m49.0s), 001/060 VUs, 1229 complete and 0 interrupted iterations
warmup     ✓ [ 100% ] 00/20 VUs    30s            10.00 iters/s
warm_cache   [   4% ] 001/040 VUs  0m13.8s/6m30s  100.00 iters/s

running (0m50.0s), 001/060 VUs, 1329 complete and 0 interrupted iterations
warmup     ✓ [ 100% ] 00/20 VUs    30s            10.00 iters/s
warm_cache   [   4% ] 001/040 VUs  0m14.8s/6m30s  100.00 iters/s

running (0m51.0s), 005/060 VUs, 1425 complete and 0 interrupted iterations
warmup     ✓ [ 100% ] 00/20 VUs    30s            10.00 iters/s
warm_cache   [   4% ] 005/040 VUs  0m15.8s/6m30s  100.00 iters/s

running (0m52.0s), 001/060 VUs, 1529 complete and 0 interrupted iterations
warmup     ✓ [ 100% ] 00/20 VUs    30s            10.00 iters/s
warm_cache   [   4% ] 001/040 VUs  0m16.8s/6m30s  100.00 iters/s

running (0m53.0s), 001/060 VUs, 1629 complete and 0 interrupted iterations
warmup     ✓ [ 100% ] 00/20 VUs    30s            10.00 iters/s
warm_cache   [   5% ] 001/040 VUs  0m17.8s/6m30s  100.00 iters/s

running (0m54.0s), 001/060 VUs, 1729 complete and 0 interrupted iterations
warmup     ✓ [ 100% ] 00/20 VUs    30s            10.00 iters/s
warm_cache   [   5% ] 001/040 VUs  0m18.8s/6m30s  100.00 iters/s

running (0m55.0s), 001/060 VUs, 1829 complete and 0 interrupted iterations
warmup     ✓ [ 100% ] 00/20 VUs    30s            10.00 iters/s
warm_cache   [   5% ] 001/040 VUs  0m19.8s/6m30s  100.00 iters/s

running (0m56.0s), 001/060 VUs, 1929 complete and 0 interrupted iterations
warmup     ✓ [ 100% ] 00/20 VUs    30s            10.00 iters/s
warm_cache   [   5% ] 001/040 VUs  0m20.8s/6m30s  100.00 iters/s

running (0m57.0s), 001/060 VUs, 2029 complete and 0 interrupted iterations
warmup     ✓ [ 100% ] 00/20 VUs    30s            10.00 iters/s
warm_cache   [   6% ] 001/040 VUs  0m21.8s/6m30s  100.00 iters/s

running (0m58.0s), 001/060 VUs, 2129 complete and 0 interrupted iterations
warmup     ✓ [ 100% ] 00/20 VUs    30s            10.00 iters/s
warm_cache   [   6% ] 001/040 VUs  0m22.8s/6m30s  100.00 iters/s

running (0m59.0s), 001/060 VUs, 2229 complete and 0 interrupted iterations
warmup     ✓ [ 100% ] 00/20 VUs    30s            10.00 iters/s
warm_cache   [   6% ] 001/040 VUs  0m23.8s/6m30s  100.00 iters/s

running (1m00.0s), 001/060 VUs, 2329 complete and 0 interrupted iterations
warmup     ✓ [ 100% ] 00/20 VUs    30s            10.00 iters/s
warm_cache   [   6% ] 001/040 VUs  0m24.8s/6m30s  100.00 iters/s

running (1m01.0s), 001/060 VUs, 2429 complete and 0 interrupted iterations
warmup     ✓ [ 100% ] 00/20 VUs    30s            10.00 iters/s
warm_cache   [   7% ] 001/040 VUs  0m25.8s/6m30s  100.00 iters/s

running (1m02.0s), 001/060 VUs, 2529 complete and 0 interrupted iterations
warmup     ✓ [ 100% ] 00/20 VUs    30s            10.00 iters/s
warm_cache   [   7% ] 001/040 VUs  0m26.8s/6m30s  100.00 iters/s

running (1m03.0s), 001/060 VUs, 2629 complete and 0 interrupted iterations
warmup     ✓ [ 100% ] 00/20 VUs    30s            10.00 iters/s
warm_cache   [   7% ] 001/040 VUs  0m27.8s/6m30s  100.00 iters/s

running (1m04.0s), 001/060 VUs, 2729 complete and 0 interrupted iterations
warmup     ✓ [ 100% ] 00/20 VUs    30s            10.00 iters/s
warm_cache   [   7% ] 001/040 VUs  0m28.8s/6m30s  100.00 iters/s

running (1m05.0s), 001/060 VUs, 2829 complete and 0 interrupted iterations
warmup     ✓ [ 100% ] 00/20 VUs    30s            10.00 iters/s
warm_cache   [   8% ] 001/040 VUs  0m29.8s/6m30s  100.00 iters/s

running (1m06.0s), 001/060 VUs, 2929 complete and 0 interrupted iterations
warmup     ✓ [ 100% ] 00/20 VUs    30s            10.00 iters/s
warm_cache   [   8% ] 001/040 VUs  0m30.8s/6m30s  100.00 iters/s

running (1m07.0s), 001/060 VUs, 3029 complete and 0 interrupted iterations
warmup     ✓ [ 100% ] 00/20 VUs    30s            10.00 iters/s
warm_cache   [   8% ] 001/040 VUs  0m31.8s/6m30s  100.00 iters/s

running (1m08.0s), 001/060 VUs, 3129 complete and 0 interrupted iterations
warmup     ✓ [ 100% ] 00/20 VUs    30s            10.00 iters/s
warm_cache   [   8% ] 001/040 VUs  0m32.8s/6m30s  100.00 iters/s

running (1m09.0s), 001/060 VUs, 3229 complete and 0 interrupted iterations
warmup     ✓ [ 100% ] 00/20 VUs    30s            10.00 iters/s
warm_cache   [   9% ] 001/040 VUs  0m33.8s/6m30s  100.00 iters/s

running (1m10.0s), 001/060 VUs, 3329 complete and 0 interrupted iterations
warmup     ✓ [ 100% ] 00/20 VUs    30s            10.00 iters/s
warm_cache   [   9% ] 001/040 VUs  0m34.8s/6m30s  100.00 iters/s

running (1m11.0s), 001/060 VUs, 3429 complete and 0 interrupted iterations
warmup     ✓ [ 100% ] 00/20 VUs    30s            10.00 iters/s
warm_cache   [   9% ] 001/040 VUs  0m35.8s/6m30s  100.00 iters/s

running (1m12.0s), 001/060 VUs, 3529 complete and 0 interrupted iterations
warmup     ✓ [ 100% ] 00/20 VUs    30s            10.00 iters/s
warm_cache   [   9% ] 001/040 VUs  0m36.8s/6m30s  100.00 iters/s

running (1m13.0s), 001/060 VUs, 3629 complete and 0 interrupted iterations
warmup     ✓ [ 100% ] 00/20 VUs    30s            10.00 iters/s
warm_cache   [  10% ] 001/040 VUs  0m37.8s/6m30s  100.00 iters/s

running (1m14.0s), 001/060 VUs, 3729 complete and 0 interrupted iterations
warmup     ✓ [ 100% ] 00/20 VUs    30s            10.00 iters/s
warm_cache   [  10% ] 001/040 VUs  0m38.8s/6m30s  100.00 iters/s

running (1m15.0s), 001/060 VUs, 3829 complete and 0 interrupted iterations
warmup     ✓ [ 100% ] 00/20 VUs    30s            10.00 iters/s
warm_cache   [  10% ] 001/040 VUs  0m39.8s/6m30s  100.00 iters/s

running (1m16.0s), 001/060 VUs, 3929 complete and 0 interrupted iterations
warmup     ✓ [ 100% ] 00/20 VUs    30s            10.00 iters/s
warm_cache   [  10% ] 001/040 VUs  0m40.8s/6m30s  100.00 iters/s

running (1m17.0s), 001/060 VUs, 4029 complete and 0 interrupted iterations
warmup     ✓ [ 100% ] 00/20 VUs    30s            10.00 iters/s
warm_cache   [  11% ] 001/040 VUs  0m41.8s/6m30s  100.00 iters/s

running (1m18.0s), 001/060 VUs, 4129 complete and 0 interrupted iterations
warmup     ✓ [ 100% ] 00/20 VUs    30s            10.00 iters/s
warm_cache   [  11% ] 001/040 VUs  0m42.8s/6m30s  100.00 iters/s

running (1m19.0s), 001/060 VUs, 4229 complete and 0 interrupted iterations
warmup     ✓ [ 100% ] 00/20 VUs    30s            10.00 iters/s
warm_cache   [  11% ] 001/040 VUs  0m43.8s/6m30s  100.00 iters/s

running (1m20.0s), 001/060 VUs, 4329 complete and 0 interrupted iterations
warmup     ✓ [ 100% ] 00/20 VUs    30s            10.00 iters/s
warm_cache   [  11% ] 001/040 VUs  0m44.8s/6m30s  100.00 iters/s

running (1m21.0s), 001/060 VUs, 4429 complete and 0 interrupted iterations
warmup     ✓ [ 100% ] 00/20 VUs    30s            10.00 iters/s
warm_cache   [  12% ] 001/040 VUs  0m45.8s/6m30s  100.00 iters/s

running (1m22.0s), 001/060 VUs, 4529 complete and 0 interrupted iterations
warmup     ✓ [ 100% ] 00/20 VUs    30s            10.00 iters/s
warm_cache   [  12% ] 001/040 VUs  0m46.8s/6m30s  100.00 iters/s

running (1m23.0s), 001/060 VUs, 4629 complete and 0 interrupted iterations
warmup     ✓ [ 100% ] 00/20 VUs    30s            10.00 iters/s
warm_cache   [  12% ] 001/040 VUs  0m47.8s/6m30s  100.00 iters/s

running (1m24.0s), 001/060 VUs, 4729 complete and 0 interrupted iterations
warmup     ✓ [ 100% ] 00/20 VUs    30s            10.00 iters/s
warm_cache   [  13% ] 001/040 VUs  0m48.8s/6m30s  100.00 iters/s

running (1m25.0s), 002/060 VUs, 4828 complete and 0 interrupted iterations
warmup     ✓ [ 100% ] 00/20 VUs    30s            10.00 iters/s
warm_cache   [  13% ] 002/040 VUs  0m49.8s/6m30s  100.00 iters/s

running (1m26.0s), 001/060 VUs, 4929 complete and 0 interrupted iterations
warmup     ✓ [ 100% ] 00/20 VUs    30s            10.00 iters/s
warm_cache   [  13% ] 001/040 VUs  0m50.8s/6m30s  100.00 iters/s

running (1m27.0s), 001/060 VUs, 5029 complete and 0 interrupted iterations
warmup     ✓ [ 100% ] 00/20 VUs    30s            10.00 iters/s
warm_cache   [  13% ] 001/040 VUs  0m51.8s/6m30s  100.00 iters/s

running (1m28.0s), 001/060 VUs, 5129 complete and 0 interrupted iterations
warmup     ✓ [ 100% ] 00/20 VUs    30s            10.00 iters/s
warm_cache   [  14% ] 001/040 VUs  0m52.8s/6m30s  100.00 iters/s

running (1m29.0s), 001/060 VUs, 5229 complete and 0 interrupted iterations
warmup     ✓ [ 100% ] 00/20 VUs    30s            10.00 iters/s
warm_cache   [  14% ] 001/040 VUs  0m53.8s/6m30s  100.00 iters/s

running (1m30.0s), 001/060 VUs, 5329 complete and 0 interrupted iterations
warmup     ✓ [ 100% ] 00/20 VUs    30s            10.00 iters/s
warm_cache   [  14% ] 001/040 VUs  0m54.8s/6m30s  100.00 iters/s

running (1m31.0s), 001/060 VUs, 5429 complete and 0 interrupted iterations
warmup     ✓ [ 100% ] 00/20 VUs    30s            10.00 iters/s
warm_cache   [  14% ] 001/040 VUs  0m55.8s/6m30s  100.00 iters/s

running (1m32.0s), 001/060 VUs, 5529 complete and 0 interrupted iterations
warmup     ✓ [ 100% ] 00/20 VUs    30s            10.00 iters/s
warm_cache   [  15% ] 001/040 VUs  0m56.8s/6m30s  100.00 iters/s

running (1m33.0s), 001/060 VUs, 5629 complete and 0 interrupted iterations
warmup     ✓ [ 100% ] 00/20 VUs    30s            10.00 iters/s
warm_cache   [  15% ] 001/040 VUs  0m57.8s/6m30s  100.00 iters/s

running (1m34.0s), 001/060 VUs, 5729 complete and 0 interrupted iterations
warmup     ✓ [ 100% ] 00/20 VUs    30s            10.00 iters/s
warm_cache   [  15% ] 001/040 VUs  0m58.8s/6m30s  100.00 iters/s

running (1m35.0s), 001/060 VUs, 5829 complete and 0 interrupted iterations
warmup     ✓ [ 100% ] 00/20 VUs    30s            10.00 iters/s
warm_cache   [  15% ] 001/040 VUs  0m59.8s/6m30s  100.00 iters/s

running (1m36.0s), 001/060 VUs, 5929 complete and 0 interrupted iterations
warmup     ✓ [ 100% ] 00/20 VUs    30s            10.00 iters/s
warm_cache   [  16% ] 001/040 VUs  1m00.8s/6m30s  100.00 iters/s

running (1m37.0s), 001/060 VUs, 6029 complete and 0 interrupted iterations
warmup     ✓ [ 100% ] 00/20 VUs    30s            10.00 iters/s
warm_cache   [  16% ] 001/040 VUs  1m01.8s/6m30s  100.00 iters/s

running (1m38.0s), 001/060 VUs, 6129 complete and 0 interrupted iterations
warmup     ✓ [ 100% ] 00/20 VUs    30s            10.00 iters/s
warm_cache   [  16% ] 001/040 VUs  1m02.8s/6m30s  100.00 iters/s

running (1m39.0s), 001/060 VUs, 6229 complete and 0 interrupted iterations
warmup     ✓ [ 100% ] 00/20 VUs    30s            10.00 iters/s
warm_cache   [  16% ] 001/040 VUs  1m03.8s/6m30s  100.00 iters/s

running (1m40.0s), 001/060 VUs, 6329 complete and 0 interrupted iterations
warmup     ✓ [ 100% ] 00/20 VUs    30s            10.00 iters/s
warm_cache   [  17% ] 001/040 VUs  1m04.8s/6m30s  100.00 iters/s

running (1m41.0s), 001/060 VUs, 6429 complete and 0 interrupted iterations
warmup     ✓ [ 100% ] 00/20 VUs    30s            10.00 iters/s
warm_cache   [  17% ] 001/040 VUs  1m05.8s/6m30s  100.00 iters/s

running (1m42.0s), 001/060 VUs, 6529 complete and 0 interrupted iterations
warmup     ✓ [ 100% ] 00/20 VUs    30s            10.00 iters/s
warm_cache   [  17% ] 001/040 VUs  1m06.8s/6m30s  100.00 iters/s

running (1m43.0s), 001/060 VUs, 6629 complete and 0 interrupted iterations
warmup     ✓ [ 100% ] 00/20 VUs    30s            10.00 iters/s
warm_cache   [  17% ] 001/040 VUs  1m07.8s/6m30s  100.00 iters/s

running (1m44.0s), 001/060 VUs, 6729 complete and 0 interrupted iterations
warmup     ✓ [ 100% ] 00/20 VUs    30s            10.00 iters/s
warm_cache   [  18% ] 001/040 VUs  1m08.8s/6m30s  100.00 iters/s

running (1m45.0s), 001/060 VUs, 6829 complete and 0 interrupted iterations
warmup     ✓ [ 100% ] 00/20 VUs    30s            10.00 iters/s
warm_cache   [  18% ] 001/040 VUs  1m09.8s/6m30s  100.00 iters/s

running (1m46.0s), 001/060 VUs, 6929 complete and 0 interrupted iterations
warmup     ✓ [ 100% ] 00/20 VUs    30s            10.00 iters/s
warm_cache   [  18% ] 001/040 VUs  1m10.8s/6m30s  100.00 iters/s

running (1m47.0s), 001/060 VUs, 7029 complete and 0 interrupted iterations
warmup     ✓ [ 100% ] 00/20 VUs    30s            10.00 iters/s
warm_cache   [  18% ] 001/040 VUs  1m11.8s/6m30s  100.00 iters/s

running (1m48.0s), 001/060 VUs, 7129 complete and 0 interrupted iterations
warmup     ✓ [ 100% ] 00/20 VUs    30s            10.00 iters/s
warm_cache   [  19% ] 001/040 VUs  1m12.8s/6m30s  100.00 iters/s

running (1m49.0s), 001/060 VUs, 7229 complete and 0 interrupted iterations
warmup     ✓ [ 100% ] 00/20 VUs    30s            10.00 iters/s
warm_cache   [  19% ] 001/040 VUs  1m13.8s/6m30s  100.00 iters/s

running (1m50.0s), 001/060 VUs, 7329 complete and 0 interrupted iterations
warmup     ✓ [ 100% ] 00/20 VUs    30s            10.00 iters/s
warm_cache   [  19% ] 001/040 VUs  1m14.8s/6m30s  100.00 iters/s

running (1m51.0s), 001/060 VUs, 7429 complete and 0 interrupted iterations
warmup     ✓ [ 100% ] 00/20 VUs    30s            10.00 iters/s
warm_cache   [  19% ] 001/040 VUs  1m15.8s/6m30s  100.00 iters/s

running (1m52.0s), 001/060 VUs, 7529 complete and 0 interrupted iterations
warmup     ✓ [ 100% ] 00/20 VUs    30s            10.00 iters/s
warm_cache   [  20% ] 001/040 VUs  1m16.8s/6m30s  100.00 iters/s

running (1m53.0s), 001/060 VUs, 7629 complete and 0 interrupted iterations
warmup     ✓ [ 100% ] 00/20 VUs    30s            10.00 iters/s
warm_cache   [  20% ] 001/040 VUs  1m17.8s/6m30s  100.00 iters/s

running (1m54.0s), 001/060 VUs, 7729 complete and 0 interrupted iterations
warmup     ✓ [ 100% ] 00/20 VUs    30s            10.00 iters/s
warm_cache   [  20% ] 001/040 VUs  1m18.8s/6m30s  100.00 iters/s

running (1m55.0s), 001/060 VUs, 7829 complete and 0 interrupted iterations
warmup     ✓ [ 100% ] 00/20 VUs    30s            10.00 iters/s
warm_cache   [  20% ] 001/040 VUs  1m19.8s/6m30s  100.00 iters/s

running (1m56.0s), 001/060 VUs, 7929 complete and 0 interrupted iterations
warmup     ✓ [ 100% ] 00/20 VUs    30s            10.00 iters/s
warm_cache   [  21% ] 001/040 VUs  1m20.8s/6m30s  100.00 iters/s

running (1m57.0s), 001/060 VUs, 8029 complete and 0 interrupted iterations
warmup     ✓ [ 100% ] 00/20 VUs    30s            10.00 iters/s
warm_cache   [  21% ] 001/040 VUs  1m21.8s/6m30s  100.00 iters/s

running (1m58.0s), 001/060 VUs, 8129 complete and 0 interrupted iterations
warmup     ✓ [ 100% ] 00/20 VUs    30s            10.00 iters/s
warm_cache   [  21% ] 001/040 VUs  1m22.8s/6m30s  100.00 iters/s

running (1m59.0s), 001/060 VUs, 8229 complete and 0 interrupted iterations
warmup     ✓ [ 100% ] 00/20 VUs    30s            10.00 iters/s
warm_cache   [  21% ] 001/040 VUs  1m23.8s/6m30s  100.00 iters/s

running (2m00.0s), 001/060 VUs, 8329 complete and 0 interrupted iterations
warmup     ✓ [ 100% ] 00/20 VUs    30s            10.00 iters/s
warm_cache   [  22% ] 001/040 VUs  1m24.8s/6m30s  100.00 iters/s

running (2m01.0s), 001/060 VUs, 8429 complete and 0 interrupted iterations
warmup     ✓ [ 100% ] 00/20 VUs    30s            10.00 iters/s
warm_cache   [  22% ] 001/040 VUs  1m25.8s/6m30s  100.00 iters/s

running (2m02.0s), 001/060 VUs, 8529 complete and 0 interrupted iterations
warmup     ✓ [ 100% ] 00/20 VUs    30s            10.00 iters/s
warm_cache   [  22% ] 001/040 VUs  1m26.8s/6m30s  100.00 iters/s

running (2m03.0s), 001/060 VUs, 8629 complete and 0 interrupted iterations
warmup     ✓ [ 100% ] 00/20 VUs    30s            10.00 iters/s
warm_cache   [  23% ] 001/040 VUs  1m27.8s/6m30s  100.00 iters/s

running (2m04.0s), 001/060 VUs, 8729 complete and 0 interrupted iterations
warmup     ✓ [ 100% ] 00/20 VUs    30s            10.00 iters/s
warm_cache   [  23% ] 001/040 VUs  1m28.8s/6m30s  100.00 iters/s

running (2m05.0s), 001/060 VUs, 8829 complete and 0 interrupted iterations
warmup     ✓ [ 100% ] 00/20 VUs    30s            10.00 iters/s
warm_cache   [  23% ] 001/040 VUs  1m29.8s/6m30s  100.00 iters/s

running (2m06.0s), 001/060 VUs, 8929 complete and 0 interrupted iterations
warmup     ✓ [ 100% ] 00/20 VUs    30s            10.00 iters/s
warm_cache   [  23% ] 001/040 VUs  1m30.8s/6m30s  100.00 iters/s

running (2m07.0s), 001/060 VUs, 9029 complete and 0 interrupted iterations
warmup     ✓ [ 100% ] 00/20 VUs    30s            10.00 iters/s
warm_cache   [  24% ] 001/040 VUs  1m31.8s/6m30s  100.00 iters/s

running (2m08.0s), 003/060 VUs, 9127 complete and 0 interrupted iterations
warmup     ✓ [ 100% ] 00/20 VUs    30s            10.00 iters/s
warm_cache   [  24% ] 003/040 VUs  1m32.8s/6m30s  100.00 iters/s

running (2m09.0s), 001/060 VUs, 9229 complete and 0 interrupted iterations
warmup     ✓ [ 100% ] 00/20 VUs    30s            10.00 iters/s
warm_cache   [  24% ] 001/040 VUs  1m33.8s/6m30s  100.00 iters/s

running (2m10.0s), 001/060 VUs, 9329 complete and 0 interrupted iterations
warmup     ✓ [ 100% ] 00/20 VUs    30s            10.00 iters/s
warm_cache   [  24% ] 001/040 VUs  1m34.8s/6m30s  100.00 iters/s

running (2m11.0s), 001/060 VUs, 9429 complete and 0 interrupted iterations
warmup     ✓ [ 100% ] 00/20 VUs    30s            10.00 iters/s
warm_cache   [  25% ] 001/040 VUs  1m35.8s/6m30s  100.00 iters/s

running (2m12.0s), 002/060 VUs, 9528 complete and 0 interrupted iterations
warmup     ✓ [ 100% ] 00/20 VUs    30s            10.00 iters/s
warm_cache   [  25% ] 002/040 VUs  1m36.8s/6m30s  100.00 iters/s

running (2m13.0s), 001/060 VUs, 9629 complete and 0 interrupted iterations
warmup     ✓ [ 100% ] 00/20 VUs    30s            10.00 iters/s
warm_cache   [  25% ] 001/040 VUs  1m37.8s/6m30s  100.00 iters/s

running (2m14.0s), 001/060 VUs, 9729 complete and 0 interrupted iterations
warmup     ✓ [ 100% ] 00/20 VUs    30s            10.00 iters/s
warm_cache   [  25% ] 001/040 VUs  1m38.8s/6m30s  100.00 iters/s

running (2m15.0s), 001/060 VUs, 9829 complete and 0 interrupted iterations
warmup     ✓ [ 100% ] 00/20 VUs    30s            10.00 iters/s
warm_cache   [  26% ] 001/040 VUs  1m39.8s/6m30s  100.00 iters/s

running (2m16.0s), 001/060 VUs, 9929 complete and 0 interrupted iterations
warmup     ✓ [ 100% ] 00/20 VUs    30s            10.00 iters/s
warm_cache   [  26% ] 001/040 VUs  1m40.8s/6m30s  100.00 iters/s

running (2m17.0s), 001/060 VUs, 10029 complete and 0 interrupted iterations
warmup     ✓ [ 100% ] 00/20 VUs    30s            10.00 iters/s
warm_cache   [  26% ] 001/040 VUs  1m41.8s/6m30s  100.00 iters/s

running (2m18.0s), 001/060 VUs, 10129 complete and 0 interrupted iterations
warmup     ✓ [ 100% ] 00/20 VUs    30s            10.00 iters/s
warm_cache   [  26% ] 001/040 VUs  1m42.8s/6m30s  100.00 iters/s

running (2m19.0s), 001/060 VUs, 10229 complete and 0 interrupted iterations
warmup     ✓ [ 100% ] 00/20 VUs    30s            10.00 iters/s
warm_cache   [  27% ] 001/040 VUs  1m43.8s/6m30s  100.00 iters/s

running (2m20.0s), 001/060 VUs, 10329 complete and 0 interrupted iterations
warmup     ✓ [ 100% ] 00/20 VUs    30s            10.00 iters/s
warm_cache   [  27% ] 001/040 VUs  1m44.8s/6m30s  100.00 iters/s

running (2m21.0s), 001/060 VUs, 10429 complete and 0 interrupted iterations
warmup     ✓ [ 100% ] 00/20 VUs    30s            10.00 iters/s
warm_cache   [  27% ] 001/040 VUs  1m45.8s/6m30s  100.00 iters/s

running (2m22.0s), 001/060 VUs, 10529 complete and 0 interrupted iterations
warmup     ✓ [ 100% ] 00/20 VUs    30s            10.00 iters/s
warm_cache   [  27% ] 001/040 VUs  1m46.8s/6m30s  100.00 iters/s

running (2m23.0s), 001/060 VUs, 10629 complete and 0 interrupted iterations
warmup     ✓ [ 100% ] 00/20 VUs    30s            10.00 iters/s
warm_cache   [  28% ] 001/040 VUs  1m47.8s/6m30s  100.00 iters/s

running (2m24.0s), 001/060 VUs, 10729 complete and 0 interrupted iterations
warmup     ✓ [ 100% ] 00/20 VUs    30s            10.00 iters/s
warm_cache   [  28% ] 001/040 VUs  1m48.8s/6m30s  100.00 iters/s

running (2m25.0s), 001/060 VUs, 10829 complete and 0 interrupted iterations
warmup     ✓ [ 100% ] 00/20 VUs    30s            10.00 iters/s
warm_cache   [  28% ] 001/040 VUs  1m49.8s/6m30s  100.00 iters/s

running (2m26.0s), 001/060 VUs, 10929 complete and 0 interrupted iterations
warmup     ✓ [ 100% ] 00/20 VUs    30s            10.00 iters/s
warm_cache   [  28% ] 001/040 VUs  1m50.8s/6m30s  100.00 iters/s

running (2m27.0s), 001/060 VUs, 11029 complete and 0 interrupted iterations
warmup     ✓ [ 100% ] 00/20 VUs    30s            10.00 iters/s
warm_cache   [  29% ] 001/040 VUs  1m51.8s/6m30s  100.00 iters/s

running (2m28.0s), 001/060 VUs, 11129 complete and 0 interrupted iterations
warmup     ✓ [ 100% ] 00/20 VUs    30s            10.00 iters/s
warm_cache   [  29% ] 001/040 VUs  1m52.8s/6m30s  100.00 iters/s

running (2m29.0s), 001/060 VUs, 11229 complete and 0 interrupted iterations
warmup     ✓ [ 100% ] 00/20 VUs    30s            10.00 iters/s
warm_cache   [  29% ] 001/040 VUs  1m53.8s/6m30s  100.00 iters/s

running (2m30.0s), 002/060 VUs, 11328 complete and 0 interrupted iterations
warmup     ✓ [ 100% ] 00/20 VUs    30s            10.00 iters/s
warm_cache   [  29% ] 002/040 VUs  1m54.8s/6m30s  100.00 iters/s

running (2m31.0s), 001/060 VUs, 11429 complete and 0 interrupted iterations
warmup     ✓ [ 100% ] 00/20 VUs    30s            10.00 iters/s
warm_cache   [  30% ] 001/040 VUs  1m55.8s/6m30s  100.00 iters/s

running (2m32.0s), 001/060 VUs, 11529 complete and 0 interrupted iterations
warmup     ✓ [ 100% ] 00/20 VUs    30s            10.00 iters/s
warm_cache   [  30% ] 001/040 VUs  1m56.8s/6m30s  100.00 iters/s

running (2m33.0s), 001/060 VUs, 11629 complete and 0 interrupted iterations
warmup     ✓ [ 100% ] 00/20 VUs    30s            10.00 iters/s
warm_cache   [  30% ] 001/040 VUs  1m57.8s/6m30s  100.00 iters/s

running (2m34.0s), 001/060 VUs, 11729 complete and 0 interrupted iterations
warmup     ✓ [ 100% ] 00/20 VUs    30s            10.00 iters/s
warm_cache   [  30% ] 001/040 VUs  1m58.8s/6m30s  100.00 iters/s

running (2m35.0s), 001/060 VUs, 11829 complete and 0 interrupted iterations
warmup     ✓ [ 100% ] 00/20 VUs    30s            10.00 iters/s
warm_cache   [  31% ] 001/040 VUs  1m59.8s/6m30s  100.00 iters/s

running (2m36.0s), 001/060 VUs, 11929 complete and 0 interrupted iterations
warmup     ✓ [ 100% ] 00/20 VUs    30s            10.00 iters/s
warm_cache   [  31% ] 001/040 VUs  2m00.8s/6m30s  100.00 iters/s

running (2m37.0s), 001/060 VUs, 12029 complete and 0 interrupted iterations
warmup     ✓ [ 100% ] 00/20 VUs    30s            10.00 iters/s
warm_cache   [  31% ] 001/040 VUs  2m01.8s/6m30s  100.00 iters/s

running (2m38.0s), 001/060 VUs, 12129 complete and 0 interrupted iterations
warmup     ✓ [ 100% ] 00/20 VUs    30s            10.00 iters/s
warm_cache   [  31% ] 001/040 VUs  2m02.8s/6m30s  100.00 iters/s

running (2m39.0s), 001/060 VUs, 12229 complete and 0 interrupted iterations
warmup     ✓ [ 100% ] 00/20 VUs    30s            10.00 iters/s
warm_cache   [  32% ] 001/040 VUs  2m03.8s/6m30s  100.00 iters/s

running (2m40.0s), 001/060 VUs, 12329 complete and 0 interrupted iterations
warmup     ✓ [ 100% ] 00/20 VUs    30s            10.00 iters/s
warm_cache   [  32% ] 001/040 VUs  2m04.8s/6m30s  100.00 iters/s

running (2m41.0s), 001/060 VUs, 12429 complete and 0 interrupted iterations
warmup     ✓ [ 100% ] 00/20 VUs    30s            10.00 iters/s
warm_cache   [  32% ] 001/040 VUs  2m05.8s/6m30s  100.00 iters/s

running (2m42.0s), 001/060 VUs, 12529 complete and 0 interrupted iterations
warmup     ✓ [ 100% ] 00/20 VUs    30s            10.00 iters/s
warm_cache   [  33% ] 001/040 VUs  2m06.8s/6m30s  100.00 iters/s

running (2m43.0s), 002/060 VUs, 12628 complete and 0 interrupted iterations
warmup     ✓ [ 100% ] 00/20 VUs    30s            10.00 iters/s
warm_cache   [  33% ] 002/040 VUs  2m07.8s/6m30s  100.00 iters/s

running (2m44.0s), 001/060 VUs, 12729 complete and 0 interrupted iterations
warmup     ✓ [ 100% ] 00/20 VUs    30s            10.00 iters/s
warm_cache   [  33% ] 001/040 VUs  2m08.8s/6m30s  100.00 iters/s

running (2m45.0s), 001/060 VUs, 12829 complete and 0 interrupted iterations
warmup     ✓ [ 100% ] 00/20 VUs    30s            10.00 iters/s
warm_cache   [  33% ] 001/040 VUs  2m09.8s/6m30s  100.00 iters/s

running (2m46.0s), 001/060 VUs, 12931 complete and 0 interrupted iterations
warmup     ✓ [ 100% ] 00/20 VUs    30s            10.00 iters/s
warm_cache   [  34% ] 001/040 VUs  2m10.8s/6m30s  104.04 iters/s

running (2m47.0s), 001/060 VUs, 13037 complete and 0 interrupted iterations
warmup     ✓ [ 100% ] 00/20 VUs    30s            10.00 iters/s
warm_cache   [  34% ] 001/040 VUs  2m11.8s/6m30s  109.02 iters/s

running (2m48.0s), 001/060 VUs, 13149 complete and 0 interrupted iterations
warmup     ✓ [ 100% ] 00/20 VUs    30s            10.00 iters/s
warm_cache   [  34% ] 001/040 VUs  2m12.8s/6m30s  114.04 iters/s

running (2m49.0s), 001/060 VUs, 13265 complete and 0 interrupted iterations
warmup     ✓ [ 100% ] 00/20 VUs    30s            10.00 iters/s
warm_cache   [  34% ] 001/040 VUs  2m13.8s/6m30s  119.02 iters/s

running (2m50.0s), 003/060 VUs, 13385 complete and 0 interrupted iterations
warmup     ✓ [ 100% ] 00/20 VUs    30s            10.00 iters/s
warm_cache   [  35% ] 003/040 VUs  2m14.8s/6m30s  124.04 iters/s

running (2m51.0s), 001/060 VUs, 13513 complete and 0 interrupted iterations
warmup     ✓ [ 100% ] 00/20 VUs    30s            10.00 iters/s
warm_cache   [  35% ] 001/040 VUs  2m15.8s/6m30s  129.02 iters/s

running (2m52.0s), 003/060 VUs, 13643 complete and 0 interrupted iterations
warmup     ✓ [ 100% ] 00/20 VUs    30s            10.00 iters/s
warm_cache   [  35% ] 003/040 VUs  2m16.8s/6m30s  134.03 iters/s

running (2m53.0s), 001/060 VUs, 13781 complete and 0 interrupted iterations
warmup     ✓ [ 100% ] 00/20 VUs    30s            10.00 iters/s
warm_cache   [  35% ] 001/040 VUs  2m17.8s/6m30s  139.01 iters/s

running (2m54.0s), 002/060 VUs, 13922 complete and 0 interrupted iterations
warmup     ✓ [ 100% ] 00/20 VUs    30s            10.00 iters/s
warm_cache   [  36% ] 002/040 VUs  2m18.8s/6m30s  144.03 iters/s

running (2m55.0s), 001/060 VUs, 14069 complete and 0 interrupted iterations
warmup     ✓ [ 100% ] 00/20 VUs    30s            10.00 iters/s
warm_cache   [  36% ] 001/040 VUs  2m19.8s/6m30s  149.01 iters/s

running (2m56.0s), 001/060 VUs, 14219 complete and 0 interrupted iterations
warmup     ✓ [ 100% ] 00/20 VUs    30s            10.00 iters/s
warm_cache   [  36% ] 001/040 VUs  2m20.8s/6m30s  150.00 iters/s

running (2m57.0s), 001/060 VUs, 14369 complete and 0 interrupted iterations
warmup     ✓ [ 100% ] 00/20 VUs    30s            10.00 iters/s
warm_cache   [  36% ] 001/040 VUs  2m21.8s/6m30s  150.00 iters/s

running (2m58.0s), 001/060 VUs, 14519 complete and 0 interrupted iterations
warmup     ✓ [ 100% ] 00/20 VUs    30s            10.00 iters/s
warm_cache   [  37% ] 001/040 VUs  2m22.8s/6m30s  150.00 iters/s

running (2m59.0s), 002/060 VUs, 14668 complete and 0 interrupted iterations
warmup     ✓ [ 100% ] 00/20 VUs    30s            10.00 iters/s
warm_cache   [  37% ] 002/040 VUs  2m23.8s/6m30s  150.00 iters/s

running (3m00.0s), 001/060 VUs, 14819 complete and 0 interrupted iterations
warmup     ✓ [ 100% ] 00/20 VUs    30s            10.00 iters/s
warm_cache   [  37% ] 001/040 VUs  2m24.8s/6m30s  150.00 iters/s

running (3m01.0s), 001/060 VUs, 14969 complete and 0 interrupted iterations
warmup     ✓ [ 100% ] 00/20 VUs    30s            10.00 iters/s
warm_cache   [  37% ] 001/040 VUs  2m25.8s/6m30s  150.00 iters/s

running (3m02.0s), 001/060 VUs, 15119 complete and 0 interrupted iterations
warmup     ✓ [ 100% ] 00/20 VUs    30s            10.00 iters/s
warm_cache   [  38% ] 001/040 VUs  2m26.8s/6m30s  150.00 iters/s

running (3m03.0s), 001/060 VUs, 15269 complete and 0 interrupted iterations
warmup     ✓ [ 100% ] 00/20 VUs    30s            10.00 iters/s
warm_cache   [  38% ] 001/040 VUs  2m27.8s/6m30s  150.00 iters/s

running (3m04.0s), 001/060 VUs, 15419 complete and 0 interrupted iterations
warmup     ✓ [ 100% ] 00/20 VUs    30s            10.00 iters/s
warm_cache   [  38% ] 001/040 VUs  2m28.8s/6m30s  150.00 iters/s

running (3m05.0s), 001/060 VUs, 15569 complete and 0 interrupted iterations
warmup     ✓ [ 100% ] 00/20 VUs    30s            10.00 iters/s
warm_cache   [  38% ] 001/040 VUs  2m29.8s/6m30s  150.00 iters/s

running (3m06.0s), 001/060 VUs, 15719 complete and 0 interrupted iterations
warmup     ✓ [ 100% ] 00/20 VUs    30s            10.00 iters/s
warm_cache   [  39% ] 001/040 VUs  2m30.8s/6m30s  150.00 iters/s

running (3m07.0s), 001/060 VUs, 15869 complete and 0 interrupted iterations
warmup     ✓ [ 100% ] 00/20 VUs    30s            10.00 iters/s
warm_cache   [  39% ] 001/040 VUs  2m31.8s/6m30s  150.00 iters/s

running (3m08.0s), 001/060 VUs, 16019 complete and 0 interrupted iterations
warmup     ✓ [ 100% ] 00/20 VUs    30s            10.00 iters/s
warm_cache   [  39% ] 001/040 VUs  2m32.8s/6m30s  150.00 iters/s

running (3m09.0s), 002/060 VUs, 16168 complete and 0 interrupted iterations
warmup     ✓ [ 100% ] 00/20 VUs    30s            10.00 iters/s
warm_cache   [  39% ] 002/040 VUs  2m33.8s/6m30s  150.00 iters/s

running (3m10.0s), 001/060 VUs, 16319 complete and 0 interrupted iterations
warmup     ✓ [ 100% ] 00/20 VUs    30s            10.00 iters/s
warm_cache   [  40% ] 001/040 VUs  2m34.8s/6m30s  150.00 iters/s

running (3m11.0s), 001/060 VUs, 16469 complete and 0 interrupted iterations
warmup     ✓ [ 100% ] 00/20 VUs    30s            10.00 iters/s
warm_cache   [  40% ] 001/040 VUs  2m35.8s/6m30s  150.00 iters/s

running (3m12.0s), 001/060 VUs, 16619 complete and 0 interrupted iterations
warmup     ✓ [ 100% ] 00/20 VUs    30s            10.00 iters/s
warm_cache   [  40% ] 001/040 VUs  2m36.8s/6m30s  150.00 iters/s

running (3m13.0s), 001/060 VUs, 16769 complete and 0 interrupted iterations
warmup     ✓ [ 100% ] 00/20 VUs    30s            10.00 iters/s
warm_cache   [  40% ] 001/040 VUs  2m37.8s/6m30s  150.00 iters/s

running (3m14.0s), 001/060 VUs, 16919 complete and 0 interrupted iterations
warmup     ✓ [ 100% ] 00/20 VUs    30s            10.00 iters/s
warm_cache   [  41% ] 001/040 VUs  2m38.8s/6m30s  150.00 iters/s

running (3m15.0s), 001/060 VUs, 17069 complete and 0 interrupted iterations
warmup     ✓ [ 100% ] 00/20 VUs    30s            10.00 iters/s
warm_cache   [  41% ] 001/040 VUs  2m39.8s/6m30s  150.00 iters/s

running (3m16.0s), 001/060 VUs, 17219 complete and 0 interrupted iterations
warmup     ✓ [ 100% ] 00/20 VUs    30s            10.00 iters/s
warm_cache   [  41% ] 001/040 VUs  2m40.8s/6m30s  150.00 iters/s

running (3m17.0s), 002/060 VUs, 17368 complete and 0 interrupted iterations
warmup     ✓ [ 100% ] 00/20 VUs    30s            10.00 iters/s
warm_cache   [  41% ] 002/040 VUs  2m41.8s/6m30s  150.00 iters/s

running (3m18.0s), 001/060 VUs, 17519 complete and 0 interrupted iterations
warmup     ✓ [ 100% ] 00/20 VUs    30s            10.00 iters/s
warm_cache   [  42% ] 001/040 VUs  2m42.8s/6m30s  150.00 iters/s

running (3m19.0s), 001/060 VUs, 17669 complete and 0 interrupted iterations
warmup     ✓ [ 100% ] 00/20 VUs    30s            10.00 iters/s
warm_cache   [  42% ] 001/040 VUs  2m43.8s/6m30s  150.00 iters/s

running (3m20.0s), 001/060 VUs, 17819 complete and 0 interrupted iterations
warmup     ✓ [ 100% ] 00/20 VUs    30s            10.00 iters/s
warm_cache   [  42% ] 001/040 VUs  2m44.8s/6m30s  150.00 iters/s

running (3m21.0s), 001/060 VUs, 17969 complete and 0 interrupted iterations
warmup     ✓ [ 100% ] 00/20 VUs    30s            10.00 iters/s
warm_cache   [  43% ] 001/040 VUs  2m45.8s/6m30s  150.00 iters/s

running (3m22.0s), 001/060 VUs, 18119 complete and 0 interrupted iterations
warmup     ✓ [ 100% ] 00/20 VUs    30s            10.00 iters/s
warm_cache   [  43% ] 001/040 VUs  2m46.8s/6m30s  150.00 iters/s

running (3m23.0s), 001/060 VUs, 18269 complete and 0 interrupted iterations
warmup     ✓ [ 100% ] 00/20 VUs    30s            10.00 iters/s
warm_cache   [  43% ] 001/040 VUs  2m47.8s/6m30s  150.00 iters/s

running (3m24.0s), 001/060 VUs, 18419 complete and 0 interrupted iterations
warmup     ✓ [ 100% ] 00/20 VUs    30s            10.00 iters/s
warm_cache   [  43% ] 001/040 VUs  2m48.8s/6m30s  150.00 iters/s

running (3m25.0s), 001/060 VUs, 18569 complete and 0 interrupted iterations
warmup     ✓ [ 100% ] 00/20 VUs    30s            10.00 iters/s
warm_cache   [  44% ] 001/040 VUs  2m49.8s/6m30s  150.00 iters/s

running (3m26.0s), 003/060 VUs, 18717 complete and 0 interrupted iterations
warmup     ✓ [ 100% ] 00/20 VUs    30s            10.00 iters/s
warm_cache   [  44% ] 003/040 VUs  2m50.8s/6m30s  150.00 iters/s

running (3m27.0s), 002/060 VUs, 18868 complete and 0 interrupted iterations
warmup     ✓ [ 100% ] 00/20 VUs    30s            10.00 iters/s
warm_cache   [  44% ] 002/040 VUs  2m51.8s/6m30s  150.00 iters/s

running (3m28.0s), 001/060 VUs, 19019 complete and 0 interrupted iterations
warmup     ✓ [ 100% ] 00/20 VUs    30s            10.00 iters/s
warm_cache   [  44% ] 001/040 VUs  2m52.8s/6m30s  150.00 iters/s

running (3m29.0s), 002/060 VUs, 19168 complete and 0 interrupted iterations
warmup     ✓ [ 100% ] 00/20 VUs    30s            10.00 iters/s
warm_cache   [  45% ] 002/040 VUs  2m53.8s/6m30s  150.00 iters/s

running (3m30.0s), 001/060 VUs, 19319 complete and 0 interrupted iterations
warmup     ✓ [ 100% ] 00/20 VUs    30s            10.00 iters/s
warm_cache   [  45% ] 001/040 VUs  2m54.8s/6m30s  150.00 iters/s

running (3m31.0s), 001/060 VUs, 19469 complete and 0 interrupted iterations
warmup     ✓ [ 100% ] 00/20 VUs    30s            10.00 iters/s
warm_cache   [  45% ] 001/040 VUs  2m55.8s/6m30s  150.00 iters/s

running (3m32.0s), 001/060 VUs, 19619 complete and 0 interrupted iterations
warmup     ✓ [ 100% ] 00/20 VUs    30s            10.00 iters/s
warm_cache   [  45% ] 001/040 VUs  2m56.8s/6m30s  150.00 iters/s

running (3m33.0s), 001/060 VUs, 19769 complete and 0 interrupted iterations
warmup     ✓ [ 100% ] 00/20 VUs    30s            10.00 iters/s
warm_cache   [  46% ] 001/040 VUs  2m57.8s/6m30s  150.00 iters/s

running (3m34.0s), 003/061 VUs, 19916 complete and 0 interrupted iterations
warmup     ✓ [ 100% ] 00/20 VUs    30s            10.00 iters/s
warm_cache   [  46% ] 003/041 VUs  2m58.8s/6m30s  150.00 iters/s

running (3m35.0s), 002/061 VUs, 20067 complete and 0 interrupted iterations
warmup     ✓ [ 100% ] 00/20 VUs    30s            10.00 iters/s
warm_cache   [  46% ] 002/041 VUs  2m59.8s/6m30s  150.00 iters/s

running (3m36.0s), 001/061 VUs, 20218 complete and 0 interrupted iterations
warmup     ✓ [ 100% ] 00/20 VUs    30s            10.00 iters/s
warm_cache   [  46% ] 001/041 VUs  3m00.8s/6m30s  150.00 iters/s

running (3m37.0s), 000/061 VUs, 20219 complete and 1 interrupted iterations
warmup     ✓ [ 100% ] 00/20 VUs    30s            10.00 iters/s
warm_cache ✗ [  46% ] 001/041 VUs  3m00.8s/6m30s  150.00 iters/s

running (3m38.0s), 000/061 VUs, 20219 complete and 1 interrupted iterations
warmup     ✓ [ 100% ] 00/20 VUs    30s            10.00 iters/s
warm_cache ✗ [  46% ] 001/041 VUs  3m00.8s/6m30s  150.00 iters/s


  █ THRESHOLDS 

    checks
    ✓ 'rate==1' rate=100.00%

    dropped_iterations
    ✗ 'count==0' count=1

    http_req_duration{endpoint:redirect_warm_cache}
    ✓ 'p(95)<100' p(95)=17.58ms
    ✓ 'p(99)<250' p(99)=53.95ms

    http_req_failed
    ✓ 'rate<0.001' rate=0.00%


  █ TOTAL RESULTS 

    checks_total.......: 20319   93.069986/s
    checks_succeeded...: 100.00% 20319 out of 20319
    checks_failed......: 0.00%   0 out of 20319

    ✓ setup link create returns 201
    ✓ setup link has a valid code
    ✓ setup link has a short URL
    ✓ setup link has a secret key
    ✓ redirect_warm_cache_warmup returns 302
    ✓ redirect_warm_cache returns 302
    ✓ test link cleanup returns 200

    CUSTOM
    redirect_client_blocked..............: avg=57.98µs  min=0s     med=0s     max=53.53ms  p(90)=0s       p(95)=0s      
    redirect_client_connecting...........: avg=16µs     min=0s     med=0s     max=17.29ms  p(90)=0s       p(95)=0s      
    redirect_client_receiving............: avg=192.64µs min=0s     med=0s     max=1.8ms    p(90)=752.9µs  p(95)=914.61µs
    redirect_client_sending..............: avg=195.73µs min=0s     med=0s     max=2.86ms   p(90)=552.79µs p(95)=634.5µs 
    redirect_client_tls_handshaking......: avg=41.3µs   min=0s     med=0s     max=39.04ms  p(90)=0s       p(95)=0s      
    redirect_client_waiting..............: avg=10.66ms  min=4.85ms med=8.6ms  max=278.67ms p(90)=12.91ms  p(95)=17.16ms 

    HTTP
    http_req_duration....................: avg=11.44ms  min=5.42ms med=8.97ms max=531.65ms p(90)=13.55ms  p(95)=18.3ms  
      { endpoint:redirect_warm_cache }...: avg=11.05ms  min=5.42ms med=8.94ms max=278.67ms p(90)=13.3ms   p(95)=17.58ms 
      { expected_response:true }.........: avg=11.44ms  min=5.42ms med=8.97ms max=531.65ms p(90)=13.55ms  p(95)=18.3ms  
    http_req_failed......................: 0.00%  0 out of 20259
    http_reqs............................: 20259  92.795159/s

    EXECUTION
    dropped_iterations...................: 1      0.00458/s
    iteration_duration...................: avg=11.33ms  min=5.42ms med=9.13ms max=278.67ms p(90)=13.68ms  p(95)=18.62ms 
    iterations...........................: 20219  92.611942/s
    vus..................................: 1      min=0          max=5 
    vus_max..............................: 61     min=60         max=61

    NETWORK
    data_received........................: 1.4 MB 6.2 kB/s
    data_sent............................: 852 kB 3.9 kB/s




running (3m38.4s), 000/061 VUs, 20219 complete and 1 interrupted iterations
warmup     ✓ [ 100% ] 00/20 VUs    30s            10.00 iters/s
warm_cache ✗ [  46% ] 001/041 VUs  3m00.8s/6m30s  150.00 iters/s
time="2026-07-29T11:09:24+09:00" level=error msg="thresholds on metrics 'dropped_iterations' were crossed; at least one has abortOnFail enabled, stopping test prematurely"
