time="2026-07-29T15:57:41+09:00" level=info msg="test configuration: scenario=concurrent-cold-cache, baseUrl=https://jhhomehub.gonetis.com/srrrg-dev, concurrentVUs=25, warmupRate=10, warmupDuration=30s, concurrentStartTime=45s" source=console


  █ THRESHOLDS 

    checks
    ✓ 'rate==1' rate=100.00%

    http_req_duration{endpoint:redirect_concurrent_cold_cache}
    ✓ 'p(95)<500' p(95)=184.76ms
    ✓ 'p(99)<750' p(99)=184.76ms

    http_req_failed
    ✓ 'rate<0.001' rate=0.00%


  █ TOTAL RESULTS 

    checks_total.......: 333     7.261786/s
    checks_succeeded...: 100.00% 333 out of 333
    checks_failed......: 0.00%   0 out of 333

    ✓ setup link create returns 201
    ✓ setup link has a valid code
    ✓ setup link has a secret key
    ✓ redirect_concurrent_warmup returns 302
    ✓ redirect_concurrent_cold_cache returns 302
    ✓ test link cleanup returns 200

    HTTP
    http_req_duration...............................: avg=43.77ms  min=10.96ms  med=15.28ms  max=196.34ms p(90)=117.85ms p(95)=174.63ms
      { endpoint:redirect_concurrent_cold_cache }...: avg=164.89ms min=114.47ms med=174.63ms max=184.76ms p(90)=184.76ms p(95)=184.76ms
      { expected_response:true }....................: avg=43.77ms  min=10.96ms  med=15.28ms  max=196.34ms p(90)=117.85ms p(95)=174.63ms
    http_req_failed.................................: 0.00%  0 out of 329
    http_reqs.......................................: 329    7.174558/s

    EXECUTION
    iteration_duration..............................: avg=45.69ms  min=10.96ms  med=15.64ms  max=185.82ms p(90)=120.18ms p(95)=178.33ms
    iterations......................................: 325    7.087329/s
    vus.............................................: 0      min=0        max=2 
    vus_max.........................................: 25     min=25       max=25

    NETWORK
    data_received...................................: 195 kB 4.2 kB/s
    data_sent.......................................: 60 kB  1.3 kB/s



