time="2026-07-29T16:40:13+09:00" level=info msg="test configuration: scenario=link-create, cacheMode=hit, baseUrl=https://jhhomehub.gonetis.com/srrrg-dev, rates=1, stageDuration=30s, rampDuration=5s, warmupRate=1, warmupDuration=30s, preAllocatedVUs=20, maxVUs=20" source=console


  █ THRESHOLDS 

    checks
    ✓ 'rate==1' rate=100.00%

    dropped_iterations
    ✓ 'rate<1' rate=0/s
    ✓ 'count<10' count=0

    http_req_duration{endpoint:link_create_cache_hit}
    ✓ 'p(95)<300' p(95)=186.59ms
    ✓ 'p(99)<500' p(99)=216.27ms

    http_req_failed
    ✓ 'rate<0.001' rate=0.00%


  █ TOTAL RESULTS 

    checks_total.......: 264     4.022927/s
    checks_succeeded...: 100.00% 264 out of 264
    checks_failed......: 0.00%   0 out of 264

    ✓ link_create_setup_seed returns 201
    ✓ link_create_setup_seed has a valid code
    ✓ link_create_setup_seed has a secret key
    ✓ created link cleanup returns 200
    ✓ link_create_warmup returns 201
    ✓ link_create_warmup has a valid code
    ✓ link_create_warmup has a secret key
    ✓ link_create_cache_hit returns 201
    ✓ link_create_cache_hit has a valid code
    ✓ link_create_cache_hit has a secret key

    HTTP
    http_req_duration......................: avg=85.72ms  min=57.65ms  med=70.63ms  max=227.62ms p(90)=155.26ms p(95)=174.97ms
      { endpoint:link_create_cache_hit }...: avg=95.84ms  min=59.81ms  med=64.86ms  max=227.62ms p(90)=176.29ms p(95)=186.59ms
      { expected_response:true }...........: avg=85.72ms  min=57.65ms  med=70.63ms  max=227.62ms p(90)=155.26ms p(95)=174.97ms
    http_req_failed........................: 0.00%  0 out of 132
    http_reqs..............................: 132    2.011463/s

    EXECUTION
    dropped_iterations.....................: 0      0/s
    iteration_duration.....................: avg=233.28ms min=122.96ms med=225.93ms max=399.64ms p(90)=295.16ms p(95)=313.59ms
    iterations.............................: 65     0.990493/s
    vus....................................: 0      min=0        max=0 
    vus_max................................: 40     min=40       max=40

    NETWORK
    data_received..........................: 287 kB 4.4 kB/s
    data_sent..............................: 92 kB  1.4 kB/s



