time="2026-07-29T17:45:42+09:00" level=info msg="test configuration: scenario=link-create, cacheMode=hit, baseUrl=https://jhhomehub.gonetis.com/srrrg-dev, rates=14, stageDuration=30s, rampDuration=5s, warmupRate=1, warmupDuration=30s, preAllocatedVUs=20, maxVUs=100, runId=1785314742951-519843" source=console


  █ THRESHOLDS 

    checks
    ✓ 'rate==1' rate=100.00%

    dropped_iterations
    ✓ 'rate<1' rate=0/s
    ✓ 'count<10' count=0

    http_req_duration{endpoint:link_create_cache_hit}
    ✓ 'p(95)<300' p(95)=112.61ms
    ✓ 'p(99)<500' p(99)=247.38ms

    http_req_failed
    ✓ 'rate<0.001' rate=0.00%


  █ TOTAL RESULTS 

    checks_total.......: 1464    22.342299/s
    checks_succeeded...: 100.00% 1464 out of 1464
    checks_failed......: 0.00%   0 out of 1464

    ✓ link_create_setup_seed returns 201
    ✓ link_create_setup_seed has a valid code
    ✓ link_create_setup_seed has a secret key
    ✓ link_create_warmup returns 201
    ✓ link_create_warmup has a valid code
    ✓ link_create_warmup has a secret key
    ✓ link_create_cache_hit returns 201
    ✓ link_create_cache_hit has a valid code
    ✓ link_create_cache_hit has a secret key

    HTTP
    http_req_duration......................: avg=72.54ms min=55.72ms med=61.48ms max=285.77ms p(90)=83.89ms  p(95)=132.03ms
      { endpoint:link_create_cache_hit }...: avg=71.77ms min=55.72ms med=61.43ms max=285.77ms p(90)=81.58ms  p(95)=112.61ms
      { expected_response:true }...........: avg=72.54ms min=55.72ms med=61.48ms max=285.77ms p(90)=83.89ms  p(95)=132.03ms
    http_req_failed........................: 0.00%  0 out of 488
    http_reqs..............................: 488    7.447433/s

    EXECUTION
    dropped_iterations.....................: 0      0/s
    iteration_duration.....................: avg=77.36ms min=56ms    med=63.2ms  max=285.77ms p(90)=105.69ms p(95)=174.41ms
    iterations.............................: 487    7.432172/s
    vus....................................: 3      min=0        max=3 
    vus_max................................: 40     min=40       max=40

    NETWORK
    data_received..........................: 398 kB 6.1 kB/s
    data_sent..............................: 158 kB 2.4 kB/s



