time="2026-07-30T15:57:53+09:00" level=info msg="test configuration: scenario=link-create, cacheMode=hit, baseUrl=https://jhhomehub.gonetis.com/srrrg-dev, rates=2300, stageDuration=2m, rampDuration=15s, warmupRate=200, warmupDuration=30s, preAllocatedVUs=1150, maxVUs=1150, runId=1785394673993-162871" source=console


  █ THRESHOLDS 

    checks
    ✓ 'rate==1' rate=100.00%

    dropped_iterations
    ✓ 'rate<1' rate=0/s
    ✓ 'count<10' count=0

    http_req_duration{endpoint:link_create_cache_hit}
    ✓ 'p(95)<300' p(95)=62.35ms
    ✗ 'p(99)<500' p(99)=574.21ms

    http_req_failed
    ✓ 'rate<0.001' rate=0.00%


  █ TOTAL RESULTS 

    checks_total.......: 186573  3014.568225/s
    checks_succeeded...: 100.00% 186573 out of 186573
    checks_failed......: 0.00%   0 out of 186573

    ✓ link_create_setup_seed returns 201
    ✓ link_create_setup_seed has a valid code
    ✓ link_create_setup_seed has a secret key
    ✓ link_create_warmup returns 201
    ✓ link_create_warmup has a valid code
    ✓ link_create_warmup has a secret key
    ✓ link_create_cache_hit returns 201
    ✓ link_create_cache_hit has a valid code
    ✓ link_create_cache_hit has a secret key

    HTTP
    http_req_duration......................: avg=28.9ms  min=4.56ms med=11.71ms max=1.15s p(90)=28.74ms p(95)=56.15ms
      { endpoint:link_create_cache_hit }...: avg=30.94ms min=4.56ms med=12.05ms max=1.15s p(90)=31.11ms p(95)=62.35ms
      { expected_response:true }...........: avg=28.9ms  min=4.56ms med=11.71ms max=1.15s p(90)=28.74ms p(95)=56.15ms
    http_req_failed........................: 0.00% 0 out of 62191
    http_reqs..............................: 62191 1004.856075/s

    EXECUTION
    dropped_iterations.....................: 0     0/s
    iteration_duration.....................: avg=30.25ms min=4.56ms med=11.81ms max=1.15s p(90)=35.56ms p(95)=73.85ms
    iterations.............................: 62190 1004.839918/s
    vus....................................: 887   min=1          max=887 
    vus_max................................: 1550  min=1550       max=1550

    NETWORK
    data_received..........................: 27 MB 434 kB/s
    data_sent..............................: 14 MB 224 kB/s



time="2026-07-30T15:58:56+09:00" level=error msg="thresholds on metrics 'http_req_duration{endpoint:link_create_cache_hit}' were crossed; at least one has abortOnFail enabled, stopping test prematurely"
