time="2026-07-30T11:22:44+09:00" level=info msg="test configuration: scenario=mixed-workload, baseUrl=https://jhhomehub.gonetis.com/srrrg-dev, redirectRate=500, hitCreateRate=4, missCreateRate=1, duration=2m, rampDuration=10s, warmupRate=10, warmupDuration=30s, dataLinks=20, redirectPreAllocatedVUs=100, redirectMaxVUs=200, runId=1785378164820-847975" source=console


  █ THRESHOLDS 

    checks
    ✓ 'rate==1' rate=100.00%

    dropped_iterations
    ✗ 'count==0' count=163

    http_req_duration{endpoint:mixed_link_create_hit}
    ✓ 'p(95)<300' p(95)=23.23ms
    ✓ 'p(99)<500' p(99)=44.98ms

    http_req_duration{endpoint:mixed_link_create_miss}
    ✓ 'p(95)<300' p(95)=125.78ms
    ✓ 'p(99)<500' p(99)=152.63ms

    http_req_duration{endpoint:mixed_redirect}
    ✓ 'p(95)<100' p(95)=21.54ms
    ✓ 'p(99)<250' p(99)=44.68ms

    http_req_failed
    ✓ 'rate<0.001' rate=0.00%


  █ TOTAL RESULTS 

    checks_total.......: 64575   394.684069/s
    checks_succeeded...: 100.00% 64575 out of 64575
    checks_failed......: 0.00%   0 out of 64575

    ✓ mixed_setup_redirect_link returns 201
    ✓ mixed_setup_redirect_link has a valid code
    ✓ mixed_setup_redirect_link has a secret key
    ✓ mixed_setup_hit_seed returns 201
    ✓ mixed_setup_hit_seed has a valid code
    ✓ mixed_setup_hit_seed has a secret key
    ✓ mixed_redirect_warmup returns 302
    ✓ mixed_redirect returns 302
    ✓ mixed_link_create_hit returns 201
    ✓ mixed_link_create_hit has a valid code
    ✓ mixed_link_create_hit has a secret key
    ✓ mixed_link_create_miss returns 201
    ✓ mixed_link_create_miss has a valid code
    ✓ mixed_link_create_miss has a secret key
    ✓ mixed setup link cleanup returns 200

    CUSTOM
    mixed_redirect_client_blocked...........: avg=60.42µs  min=0s       med=0s       max=122.1ms  p(90)=0s       p(95)=0s      
    mixed_redirect_client_connecting........: avg=17.48µs  min=0s       med=0s       max=83.8ms   p(90)=0s       p(95)=0s      
    mixed_redirect_client_receiving.........: avg=227.47µs min=0s       med=0s       max=547.38ms p(90)=539µs    p(95)=892.79µs
    mixed_redirect_client_sending...........: avg=301.33µs min=0s       med=0s       max=991.36ms p(90)=603.1µs  p(95)=743.2µs 
    mixed_redirect_client_tls_handshaking...: avg=42.19µs  min=0s       med=0s       max=59.55ms  p(90)=0s       p(95)=0s      
    mixed_redirect_client_waiting...........: avg=11.06ms  min=0s       med=8.91ms   max=373.72ms p(90)=16.23ms  p(95)=20.72ms 

    HTTP
    http_req_duration.......................: avg=11.87ms  min=3.92ms   med=9.24ms   max=1.1s     p(90)=16.91ms  p(95)=22.11ms 
      { endpoint:mixed_link_create_hit }....: avg=12.59ms  min=5.63ms   med=10.22ms  max=247.12ms p(90)=17.33ms  p(95)=23.23ms 
      { endpoint:mixed_link_create_miss }...: avg=117.65ms min=107.25ms med=111.53ms max=603.31ms p(90)=121.18ms p(95)=125.78ms
      { endpoint:mixed_redirect }...........: avg=11.59ms  min=3.92ms   med=9.19ms   max=1.1s     p(90)=16.76ms  p(95)=21.54ms 
      { expected_response:true }............: avg=11.87ms  min=3.92ms   med=9.24ms   max=1.1s     p(90)=16.91ms  p(95)=22.11ms 
    http_req_failed.........................: 0.00%  0 out of 63329
    http_reqs...............................: 63329  387.068485/s

    EXECUTION
    dropped_iterations......................: 163    0.99626/s
    iteration_duration......................: avg=12.25ms  min=3.92ms   med=9.56ms   max=1.02s    p(90)=17.42ms  p(95)=22.95ms 
    iterations..............................: 63288  386.817892/s
    vus.....................................: 8      min=0          max=28 
    vus_max.................................: 162    min=160        max=162

    NETWORK
    data_received...........................: 4.3 MB 26 kB/s
    data_sent...............................: 2.7 MB 16 kB/s



time="2026-07-30T11:25:28+09:00" level=error msg="thresholds on metrics 'dropped_iterations' have been crossed"
