time="2026-07-29T17:37:05+09:00" level=info msg="test configuration: scenario=link-create, cacheMode=hit, baseUrl=https://jhhomehub.gonetis.com/srrrg-dev, rates=10, stageDuration=30s, rampDuration=5s, warmupRate=1, warmupDuration=30s, preAllocatedVUs=20, maxVUs=100, runId=1785314225890-319817" source=console


  █ THRESHOLDS 

    checks
    ✓ 'rate==1' rate=100.00%

    dropped_iterations
    ✓ 'rate<1' rate=0/s
    ✓ 'count<10' count=0

    http_req_duration{endpoint:link_create_cache_hit}
    ✓ 'p(95)<300' p(95)=76.66ms
    ✓ 'p(99)<500' p(99)=91.95ms

    http_req_failed
    ✓ 'rate<0.001' rate=0.00%


  █ TOTAL RESULTS 

    checks_total.......: 1077    16.477514/s
    checks_succeeded...: 100.00% 1077 out of 1077
    checks_failed......: 0.00%   0 out of 1077

    ✓ link_create_setup_seed returns 201
    ✓ link_create_setup_seed has a valid code
    ✓ link_create_setup_seed has a secret key
    ✓ link_create_warmup returns 201
    ✓ link_create_warmup has a valid code
    ✓ link_create_warmup has a secret key
    ✓ link_create_cache_hit returns 201
    ✓ link_create_cache_hit has a valid code
    ✓ link_create_cache_hit has a secret key

    HTTP
    http_req_duration......................: avg=65.23ms min=56.46ms med=60.88ms max=187.42ms p(90)=73.29ms p(95)=84.09ms 
      { endpoint:link_create_cache_hit }...: avg=63.1ms  min=56.46ms med=60.57ms max=101.43ms p(90)=70.98ms p(95)=76.66ms 
      { expected_response:true }...........: avg=65.23ms min=56.46ms med=60.88ms max=187.42ms p(90)=73.29ms p(95)=84.09ms 
    http_req_failed........................: 0.00%  0 out of 359
    http_reqs..............................: 359    5.492505/s

    EXECUTION
    dropped_iterations.....................: 0      0/s
    iteration_duration.....................: avg=71.44ms min=57.13ms med=61.12ms max=212.05ms p(90)=95.5ms  p(95)=128.19ms
    iterations.............................: 358    5.477205/s
    vus....................................: 0      min=0        max=1 
    vus_max................................: 40     min=40       max=40

    NETWORK
    data_received..........................: 362 kB 5.5 kB/s
    data_sent..............................: 136 kB 2.1 kB/s



