time="2026-07-30T11:36:38+09:00" level=info msg="test configuration: scenario=mixed-workload, baseUrl=https://jhhomehub.gonetis.com/srrrg-dev, redirectRate=500, hitCreateRate=4, missCreateRate=1, duration=30m, rampDuration=10s, warmupRate=10, warmupDuration=30s, dataLinks=20, redirectPreAllocatedVUs=500, redirectMaxVUs=1000, runId=1785378998281-464448" source=console


  █ THRESHOLDS 

    checks
    ✓ 'rate==1' rate=100.00%

    dropped_iterations
    ✓ 'count==0' count=0

    http_req_duration{endpoint:mixed_link_create_hit}
    ✓ 'p(95)<300' p(95)=19.92ms
    ✓ 'p(99)<500' p(99)=49.52ms

    http_req_duration{endpoint:mixed_link_create_miss}
    ✓ 'p(95)<300' p(95)=121.8ms
    ✓ 'p(99)<500' p(99)=159.79ms

    http_req_duration{endpoint:mixed_redirect}
    ✓ 'p(95)<100' p(95)=18.97ms
    ✓ 'p(99)<250' p(99)=51.94ms

    http_req_failed
    ✓ 'rate<0.001' rate=0.00%


  █ TOTAL RESULTS 

    checks_total.......: 929932  504.491755/s
    checks_succeeded...: 100.00% 929932 out of 929932
    checks_failed......: 0.00%   0 out of 929932

    ✓ mixed_setup_redirect_link returns 201
    ✓ mixed_setup_redirect_link has a valid code
    ✓ mixed_setup_redirect_link has a secret key
    ✓ mixed_setup_hit_seed returns 201
    ✓ mixed_setup_hit_seed has a valid code
    ✓ mixed_setup_hit_seed has a secret key
    ✓ mixed_redirect_warmup returns 302
    ✓ mixed_redirect returns 302
    ✓ mixed_link_create_hit returns 201
    ✓ mixed_link_create_hit has a valid code
    ✓ mixed_link_create_hit has a secret key
    ✓ mixed_link_create_miss returns 201
    ✓ mixed_link_create_miss has a valid code
    ✓ mixed_link_create_miss has a secret key
    ✓ mixed setup link cleanup returns 200

    CUSTOM
    mixed_redirect_client_blocked...........: avg=18.33µs  min=0s       med=0s       max=75.13ms  p(90)=0s       p(95)=0s      
    mixed_redirect_client_connecting........: avg=5.6µs    min=0s       med=0s       max=49.17ms  p(90)=0s       p(95)=0s      
    mixed_redirect_client_receiving.........: avg=94.84µs  min=0s       med=0s       max=209.67ms p(90)=359.4µs  p(95)=594.57µs
    mixed_redirect_client_sending...........: avg=141.44µs min=0s       med=0s       max=382ms    p(90)=517.7µs  p(95)=566.1µs 
    mixed_redirect_client_tls_handshaking...: avg=12.51µs  min=0s       med=0s       max=61ms     p(90)=0s       p(95)=0s      
    mixed_redirect_client_waiting...........: avg=11.33ms  min=0s       med=8.3ms    max=1.84s    p(90)=13.99ms  p(95)=18.61ms 

    HTTP
    http_req_duration.......................: avg=11.78ms  min=3.88ms   med=8.5ms    max=1.84s    p(90)=14.32ms  p(95)=19.43ms 
      { endpoint:mixed_link_create_hit }....: avg=11.98ms  min=4.8ms    med=9.13ms   max=863.74ms p(90)=14.9ms   p(95)=19.92ms 
      { endpoint:mixed_link_create_miss }...: avg=113.52ms min=105.42ms med=110.18ms max=966.17ms p(90)=116.04ms p(95)=121.8ms 
      { endpoint:mixed_redirect }...........: avg=11.57ms  min=3.88ms   med=8.49ms   max=1.84s    p(90)=14.23ms  p(95)=18.97ms 
      { expected_response:true }............: avg=11.78ms  min=3.88ms   med=8.5ms    max=1.84s    p(90)=14.32ms  p(95)=19.43ms 
    http_req_failed.........................: 0.00%  0 out of 911888
    http_reqs...............................: 911888 494.702814/s

    EXECUTION
    dropped_iterations......................: 0      0/s
    iteration_duration......................: avg=11.98ms  min=3.88ms   med=8.61ms   max=1.84s    p(90)=14.51ms  p(95)=19.98ms 
    iterations..............................: 911847 494.680571/s
    vus.....................................: 4      min=0           max=362
    vus_max.................................: 560    min=560         max=560

    NETWORK
    data_received...........................: 69 MB  37 kB/s
    data_sent...............................: 35 MB  19 kB/s



