time="2026-07-30T15:54:55+09:00" level=info msg="test configuration: scenario=link-create, cacheMode=hit, baseUrl=https://jhhomehub.gonetis.com/srrrg-dev, rates=2200, stageDuration=2m, rampDuration=15s, warmupRate=200, warmupDuration=30s, preAllocatedVUs=1100, maxVUs=1100, runId=1785394495076-714515" source=console


  █ THRESHOLDS 

    checks
    ✓ 'rate==1' rate=100.00%

    dropped_iterations
    ✓ 'rate<1' rate=0/s
    ✓ 'count<10' count=0

    http_req_duration{endpoint:link_create_cache_hit}
    ✓ 'p(95)<300' p(95)=42.5ms
    ✓ 'p(99)<500' p(99)=441.47ms

    http_req_failed
    ✓ 'rate<0.001' rate=0.00%


  █ TOTAL RESULTS 

    checks_total.......: 863904  5220.57703/s
    checks_succeeded...: 100.00% 863904 out of 863904
    checks_failed......: 0.00%   0 out of 863904

    ✓ link_create_setup_seed returns 201
    ✓ link_create_setup_seed has a valid code
    ✓ link_create_setup_seed has a secret key
    ✓ link_create_warmup returns 201
    ✓ link_create_warmup has a valid code
    ✓ link_create_warmup has a secret key
    ✓ link_create_cache_hit returns 201
    ✓ link_create_cache_hit has a valid code
    ✓ link_create_cache_hit has a secret key

    HTTP
    http_req_duration......................: avg=25.18ms min=3.68ms med=11.74ms max=1.18s p(90)=21.84ms p(95)=41.1ms 
      { endpoint:link_create_cache_hit }...: avg=25.51ms min=3.68ms med=11.81ms max=1.18s p(90)=22.09ms p(95)=42.5ms 
      { expected_response:true }...........: avg=25.18ms min=3.68ms med=11.74ms max=1.18s p(90)=21.84ms p(95)=41.1ms 
    http_req_failed........................: 0.00%  0 out of 287968
    http_reqs..............................: 287968 1740.192343/s

    EXECUTION
    dropped_iterations.....................: 0      0/s
    iteration_duration.....................: avg=25.44ms min=3.82ms med=11.81ms max=1.18s p(90)=22.52ms p(95)=46.38ms
    iterations.............................: 287967 1740.1863/s
    vus....................................: 314    min=1           max=618 
    vus_max................................: 1500   min=1500        max=1500

    NETWORK
    data_received..........................: 88 MB  530 kB/s
    data_sent..............................: 53 MB  323 kB/s



