
         /\      Grafana   /‾‾/  
    /\  /  \     |\  __   /  /   
   /  \/    \    | |/ /  /   ‾‾\ 
  /          \   |   (  |  (‾)  |
 / __________ \  |_|\_\  \_____/ 


     execution: local
        script: C:\Users\qkrwl\Desktop\repo\my\srrrg\scripts\performance\warm-cache.js
        output: -

     scenarios: (100.00%) 1 scenario, 80 max VUs, 6m30s max duration (incl. graceful stop):
              * warm_cache: Up to 40.00 iterations/s for 6m20s over 5 stages (maxVUs: 20-80, gracefulStop: 10s)

k6.exe : time="2026-07-28T12:37:58+09:00" level=info msg="test configuration: scenario=warm-cache, baseUrl=https://jhho
mehub.gonetis.com/srrrg-dev, rates=20,30,40, stageDuration=2m, rampDuration=10s, dataLinks=20" source=console
At C:\Users\qkrwl\Desktop\repo\my\srrrg\scripts\performance\run.ps1:39 char:5
+     & $k6Executable run $scriptPath 2>&1 | Tee-Object -FilePath $logP ...
+     ~~~~~~~~~~~~~~~~~~~~~~~~~~~~~~~~~~~~
    + CategoryInfo          : NotSpecified: (time="2026-07-2... source=console:String) [], RemoteException
    + FullyQualifiedErrorId : NativeCommandError
 
time="2026-07-28T12:37:58+09:00" level=info msg="test link created: code=TvyMoD, shortUrl=https://jhhomehub.gonetis.com
/srrrg-dev/TvyMoD, secretKey=[REDACTED]" source=console
time="2026-07-28T12:37:58+09:00" level=info msg="test link created: code=X8nC2a, shortUrl=https://jhhomehub.gonetis.com
/srrrg-dev/X8nC2a, secretKey=[REDACTED]" source=console
time="2026-07-28T12:37:58+09:00" level=info msg="test link created: code=c0lllF, shortUrl=https://jhhomehub.gonetis.com
/srrrg-dev/c0lllF, secretKey=[REDACTED]" source=console
time="2026-07-28T12:37:58+09:00" level=info msg="test link created: code=9RWE25, shortUrl=https://jhhomehub.gonetis.com
/srrrg-dev/9RWE25, secretKey=[REDACTED]" source=console

Run          [ 100% ] setup()
warm_cache   [   0% ]
time="2026-07-28T12:37:59+09:00" level=info msg="test link created: code=I9jSix, shortUrl=https://jhhomehub.gonetis.com
/srrrg-dev/I9jSix, secretKey=[REDACTED]" source=console
time="2026-07-28T12:37:59+09:00" level=info msg="test link created: code=3mBcAM, shortUrl=https://jhhomehub.gonetis.com
/srrrg-dev/3mBcAM, secretKey=[REDACTED]" source=console
time="2026-07-28T12:37:59+09:00" level=info msg="test link created: code=yfs2ro, shortUrl=https://jhhomehub.gonetis.com
/srrrg-dev/yfs2ro, secretKey=[REDACTED]" source=console
time="2026-07-28T12:37:59+09:00" level=info msg="test link created: code=KmKzv5, shortUrl=https://jhhomehub.gonetis.com
/srrrg-dev/KmKzv5, secretKey=[REDACTED]" source=console
time="2026-07-28T12:37:59+09:00" level=info msg="test link created: code=XTA2xr, shortUrl=https://jhhomehub.gonetis.com
/srrrg-dev/XTA2xr, secretKey=[REDACTED]" source=console

Run          [ 100% ] setup()
warm_cache   [   0% ]
time="2026-07-28T12:38:00+09:00" level=info msg="test link created: code=xX7Tix, shortUrl=https://jhhomehub.gonetis.com
/srrrg-dev/xX7Tix, secretKey=[REDACTED]" source=console
time="2026-07-28T12:38:00+09:00" level=info msg="test link created: code=a3NeeZ, shortUrl=https://jhhomehub.gonetis.com
/srrrg-dev/a3NeeZ, secretKey=[REDACTED]" source=console
time="2026-07-28T12:38:00+09:00" level=info msg="test link created: code=7gqKyn, shortUrl=https://jhhomehub.gonetis.com
/srrrg-dev/7gqKyn, secretKey=[REDACTED]" source=console
time="2026-07-28T12:38:00+09:00" level=info msg="test link created: code=QDgmnv, shortUrl=https://jhhomehub.gonetis.com
/srrrg-dev/QDgmnv, secretKey=[REDACTED]" source=console
time="2026-07-28T12:38:00+09:00" level=info msg="test link created: code=pKAlgU, shortUrl=https://jhhomehub.gonetis.com
/srrrg-dev/pKAlgU, secretKey=[REDACTED]" source=console

Run          [ 100% ] setup()
warm_cache   [   0% ]
time="2026-07-28T12:38:01+09:00" level=info msg="test link created: code=pKhwRV, shortUrl=https://jhhomehub.gonetis.com
/srrrg-dev/pKhwRV, secretKey=[REDACTED]" source=console
time="2026-07-28T12:38:01+09:00" level=info msg="test link created: code=W1AH1Y, shortUrl=https://jhhomehub.gonetis.com
/srrrg-dev/W1AH1Y, secretKey=[REDACTED]" source=console
time="2026-07-28T12:38:01+09:00" level=info msg="test link created: code=EZweuE, shortUrl=https://jhhomehub.gonetis.com
/srrrg-dev/EZweuE, secretKey=[REDACTED]" source=console
time="2026-07-28T12:38:01+09:00" level=info msg="test link created: code=jAFur4, shortUrl=https://jhhomehub.gonetis.com
/srrrg-dev/jAFur4, secretKey=[REDACTED]" source=console
time="2026-07-28T12:38:01+09:00" level=info msg="test link created: code=KfQCQr, shortUrl=https://jhhomehub.gonetis.com
/srrrg-dev/KfQCQr, secretKey=[REDACTED]" source=console

Run          [ 100% ] setup()
warm_cache   [   0% ]
time="2026-07-28T12:38:02+09:00" level=info msg="test link created: code=r9rr7T, shortUrl=https://jhhomehub.gonetis.com
/srrrg-dev/r9rr7T, secretKey=[REDACTED]" source=console

running (0m05.0s), 01/20 VUs, 17 complete and 0 interrupted iterations
warm_cache   [   0% ] 01/20 VUs  0m00.9s/6m20s  20.00 iters/s

running (0m06.0s), 00/20 VUs, 38 complete and 0 interrupted iterations
warm_cache   [   1% ] 00/20 VUs  0m01.9s/6m20s  20.00 iters/s

running (0m07.0s), 00/20 VUs, 58 complete and 0 interrupted iterations
warm_cache   [   1% ] 00/20 VUs  0m02.9s/6m20s  20.00 iters/s

running (0m08.0s), 00/20 VUs, 78 complete and 0 interrupted iterations
warm_cache   [   1% ] 00/20 VUs  0m03.9s/6m20s  20.00 iters/s

running (0m09.0s), 00/20 VUs, 98 complete and 0 interrupted iterations
warm_cache   [   1% ] 00/20 VUs  0m04.9s/6m20s  20.00 iters/s

running (0m10.0s), 00/20 VUs, 118 complete and 0 interrupted iterations
warm_cache   [   2% ] 00/20 VUs  0m05.9s/6m20s  20.00 iters/s

running (0m11.0s), 00/20 VUs, 138 complete and 0 interrupted iterations
warm_cache   [   2% ] 00/20 VUs  0m06.9s/6m20s  20.00 iters/s

running (0m12.0s), 00/20 VUs, 158 complete and 0 interrupted iterations
warm_cache   [   2% ] 00/20 VUs  0m07.9s/6m20s  20.00 iters/s

running (0m13.0s), 00/20 VUs, 178 complete and 0 interrupted iterations
warm_cache   [   2% ] 00/20 VUs  0m08.9s/6m20s  20.00 iters/s

running (0m14.0s), 00/20 VUs, 198 complete and 0 interrupted iterations
warm_cache   [   3% ] 00/20 VUs  0m09.9s/6m20s  20.00 iters/s

running (0m15.0s), 00/20 VUs, 218 complete and 0 interrupted iterations
warm_cache   [   3% ] 00/20 VUs  0m10.9s/6m20s  20.00 iters/s

running (0m16.0s), 00/20 VUs, 238 complete and 0 interrupted iterations
warm_cache   [   3% ] 00/20 VUs  0m11.9s/6m20s  20.00 iters/s

running (0m17.0s), 00/20 VUs, 258 complete and 0 interrupted iterations
warm_cache   [   3% ] 00/20 VUs  0m12.9s/6m20s  20.00 iters/s

running (0m18.0s), 00/20 VUs, 278 complete and 0 interrupted iterations
warm_cache   [   4% ] 00/20 VUs  0m13.9s/6m20s  20.00 iters/s

running (0m19.0s), 00/20 VUs, 298 complete and 0 interrupted iterations
warm_cache   [   4% ] 00/20 VUs  0m14.9s/6m20s  20.00 iters/s

running (0m20.0s), 00/20 VUs, 318 complete and 0 interrupted iterations
warm_cache   [   4% ] 00/20 VUs  0m15.9s/6m20s  20.00 iters/s

running (0m21.0s), 00/20 VUs, 338 complete and 0 interrupted iterations
warm_cache   [   4% ] 00/20 VUs  0m16.9s/6m20s  20.00 iters/s

running (0m22.0s), 01/20 VUs, 357 complete and 0 interrupted iterations
warm_cache   [   5% ] 01/20 VUs  0m17.9s/6m20s  20.00 iters/s

running (0m23.0s), 00/20 VUs, 378 complete and 0 interrupted iterations
warm_cache   [   5% ] 00/20 VUs  0m18.9s/6m20s  20.00 iters/s

running (0m24.0s), 00/20 VUs, 398 complete and 0 interrupted iterations
warm_cache   [   5% ] 00/20 VUs  0m19.9s/6m20s  20.00 iters/s

running (0m25.0s), 00/20 VUs, 418 complete and 0 interrupted iterations
warm_cache   [   6% ] 00/20 VUs  0m20.9s/6m20s  20.00 iters/s

running (0m26.0s), 00/20 VUs, 438 complete and 0 interrupted iterations
warm_cache   [   6% ] 00/20 VUs  0m21.9s/6m20s  20.00 iters/s

running (0m27.0s), 00/20 VUs, 458 complete and 0 interrupted iterations
warm_cache   [   6% ] 00/20 VUs  0m22.9s/6m20s  20.00 iters/s

running (0m28.0s), 00/20 VUs, 478 complete and 0 interrupted iterations
warm_cache   [   6% ] 00/20 VUs  0m23.9s/6m20s  20.00 iters/s

running (0m29.0s), 00/20 VUs, 498 complete and 0 interrupted iterations
warm_cache   [   7% ] 00/20 VUs  0m24.9s/6m20s  20.00 iters/s

running (0m30.0s), 00/20 VUs, 518 complete and 0 interrupted iterations
warm_cache   [   7% ] 00/20 VUs  0m25.9s/6m20s  20.00 iters/s

running (0m31.0s), 00/20 VUs, 538 complete and 0 interrupted iterations
warm_cache   [   7% ] 00/20 VUs  0m26.9s/6m20s  20.00 iters/s

running (0m32.0s), 00/20 VUs, 558 complete and 0 interrupted iterations
warm_cache   [   7% ] 00/20 VUs  0m27.9s/6m20s  20.00 iters/s

running (0m33.0s), 00/20 VUs, 578 complete and 0 interrupted iterations
warm_cache   [   8% ] 00/20 VUs  0m28.9s/6m20s  20.00 iters/s

running (0m34.0s), 00/20 VUs, 598 complete and 0 interrupted iterations
warm_cache   [   8% ] 00/20 VUs  0m29.9s/6m20s  20.00 iters/s

running (0m35.0s), 00/20 VUs, 618 complete and 0 interrupted iterations
warm_cache   [   8% ] 00/20 VUs  0m30.9s/6m20s  20.00 iters/s

running (0m36.0s), 00/20 VUs, 638 complete and 0 interrupted iterations
warm_cache   [   8% ] 00/20 VUs  0m31.9s/6m20s  20.00 iters/s

running (0m37.0s), 00/20 VUs, 658 complete and 0 interrupted iterations
warm_cache   [   9% ] 00/20 VUs  0m32.9s/6m20s  20.00 iters/s

running (0m38.0s), 00/20 VUs, 678 complete and 0 interrupted iterations
warm_cache   [   9% ] 00/20 VUs  0m33.9s/6m20s  20.00 iters/s

running (0m39.0s), 00/20 VUs, 698 complete and 0 interrupted iterations
warm_cache   [   9% ] 00/20 VUs  0m34.9s/6m20s  20.00 iters/s

running (0m40.0s), 00/20 VUs, 718 complete and 0 interrupted iterations
warm_cache   [   9% ] 00/20 VUs  0m35.9s/6m20s  20.00 iters/s

running (0m41.0s), 00/20 VUs, 738 complete and 0 interrupted iterations
warm_cache   [  10% ] 00/20 VUs  0m36.9s/6m20s  20.00 iters/s

running (0m42.0s), 00/20 VUs, 758 complete and 0 interrupted iterations
warm_cache   [  10% ] 00/20 VUs  0m37.9s/6m20s  20.00 iters/s

running (0m43.0s), 00/20 VUs, 778 complete and 0 interrupted iterations
warm_cache   [  10% ] 00/20 VUs  0m38.9s/6m20s  20.00 iters/s

running (0m44.0s), 00/20 VUs, 798 complete and 0 interrupted iterations
warm_cache   [  11% ] 00/20 VUs  0m39.9s/6m20s  20.00 iters/s

running (0m45.0s), 00/20 VUs, 818 complete and 0 interrupted iterations
warm_cache   [  11% ] 00/20 VUs  0m40.9s/6m20s  20.00 iters/s

running (0m46.0s), 00/20 VUs, 838 complete and 0 interrupted iterations
warm_cache   [  11% ] 00/20 VUs  0m41.9s/6m20s  20.00 iters/s

running (0m47.0s), 00/20 VUs, 858 complete and 0 interrupted iterations
warm_cache   [  11% ] 00/20 VUs  0m42.9s/6m20s  20.00 iters/s

running (0m48.0s), 00/20 VUs, 878 complete and 0 interrupted iterations
warm_cache   [  12% ] 00/20 VUs  0m43.9s/6m20s  20.00 iters/s

running (0m49.0s), 00/20 VUs, 898 complete and 0 interrupted iterations
warm_cache   [  12% ] 00/20 VUs  0m44.9s/6m20s  20.00 iters/s

running (0m50.0s), 00/20 VUs, 918 complete and 0 interrupted iterations
warm_cache   [  12% ] 00/20 VUs  0m45.9s/6m20s  20.00 iters/s

running (0m51.0s), 00/20 VUs, 938 complete and 0 interrupted iterations
warm_cache   [  12% ] 00/20 VUs  0m46.9s/6m20s  20.00 iters/s

running (0m52.0s), 00/20 VUs, 958 complete and 0 interrupted iterations
warm_cache   [  13% ] 00/20 VUs  0m47.9s/6m20s  20.00 iters/s

running (0m53.0s), 00/20 VUs, 978 complete and 0 interrupted iterations
warm_cache   [  13% ] 00/20 VUs  0m48.9s/6m20s  20.00 iters/s

running (0m54.0s), 00/20 VUs, 998 complete and 0 interrupted iterations
warm_cache   [  13% ] 00/20 VUs  0m49.9s/6m20s  20.00 iters/s

running (0m55.0s), 00/20 VUs, 1018 complete and 0 interrupted iterations
warm_cache   [  13% ] 00/20 VUs  0m50.9s/6m20s  20.00 iters/s

running (0m56.0s), 00/20 VUs, 1038 complete and 0 interrupted iterations
warm_cache   [  14% ] 00/20 VUs  0m51.9s/6m20s  20.00 iters/s

running (0m57.0s), 00/20 VUs, 1058 complete and 0 interrupted iterations
warm_cache   [  14% ] 00/20 VUs  0m52.9s/6m20s  20.00 iters/s

running (0m58.0s), 00/20 VUs, 1078 complete and 0 interrupted iterations
warm_cache   [  14% ] 00/20 VUs  0m53.9s/6m20s  20.00 iters/s

running (0m59.0s), 00/20 VUs, 1098 complete and 0 interrupted iterations
warm_cache   [  14% ] 00/20 VUs  0m54.9s/6m20s  20.00 iters/s

running (1m00.0s), 00/20 VUs, 1118 complete and 0 interrupted iterations
warm_cache   [  15% ] 00/20 VUs  0m55.9s/6m20s  20.00 iters/s

running (1m01.0s), 00/20 VUs, 1138 complete and 0 interrupted iterations
warm_cache   [  15% ] 00/20 VUs  0m56.9s/6m20s  20.00 iters/s

running (1m02.0s), 00/20 VUs, 1158 complete and 0 interrupted iterations
warm_cache   [  15% ] 00/20 VUs  0m57.9s/6m20s  20.00 iters/s

running (1m03.0s), 00/20 VUs, 1178 complete and 0 interrupted iterations
warm_cache   [  16% ] 00/20 VUs  0m58.9s/6m20s  20.00 iters/s

running (1m04.0s), 00/20 VUs, 1198 complete and 0 interrupted iterations
warm_cache   [  16% ] 00/20 VUs  0m59.9s/6m20s  20.00 iters/s

running (1m05.0s), 00/20 VUs, 1218 complete and 0 interrupted iterations
warm_cache   [  16% ] 00/20 VUs  1m00.9s/6m20s  20.00 iters/s

running (1m06.0s), 00/20 VUs, 1238 complete and 0 interrupted iterations
warm_cache   [  16% ] 00/20 VUs  1m01.9s/6m20s  20.00 iters/s

running (1m07.0s), 00/20 VUs, 1258 complete and 0 interrupted iterations
warm_cache   [  17% ] 00/20 VUs  1m02.9s/6m20s  20.00 iters/s

running (1m08.0s), 00/20 VUs, 1278 complete and 0 interrupted iterations
warm_cache   [  17% ] 00/20 VUs  1m03.9s/6m20s  20.00 iters/s

running (1m09.0s), 00/20 VUs, 1298 complete and 0 interrupted iterations
warm_cache   [  17% ] 00/20 VUs  1m04.9s/6m20s  20.00 iters/s

running (1m10.0s), 00/20 VUs, 1318 complete and 0 interrupted iterations
warm_cache   [  17% ] 00/20 VUs  1m05.9s/6m20s  20.00 iters/s

running (1m11.0s), 00/20 VUs, 1338 complete and 0 interrupted iterations
warm_cache   [  18% ] 00/20 VUs  1m06.9s/6m20s  20.00 iters/s

running (1m12.0s), 00/20 VUs, 1358 complete and 0 interrupted iterations
warm_cache   [  18% ] 00/20 VUs  1m07.9s/6m20s  20.00 iters/s

running (1m13.0s), 00/20 VUs, 1378 complete and 0 interrupted iterations
warm_cache   [  18% ] 00/20 VUs  1m08.9s/6m20s  20.00 iters/s

running (1m14.0s), 00/20 VUs, 1398 complete and 0 interrupted iterations
warm_cache   [  18% ] 00/20 VUs  1m09.9s/6m20s  20.00 iters/s

running (1m15.0s), 00/20 VUs, 1418 complete and 0 interrupted iterations
warm_cache   [  19% ] 00/20 VUs  1m10.9s/6m20s  20.00 iters/s

running (1m16.0s), 00/20 VUs, 1438 complete and 0 interrupted iterations
warm_cache   [  19% ] 00/20 VUs  1m11.9s/6m20s  20.00 iters/s

running (1m17.0s), 00/20 VUs, 1458 complete and 0 interrupted iterations
warm_cache   [  19% ] 00/20 VUs  1m12.9s/6m20s  20.00 iters/s

running (1m18.0s), 00/20 VUs, 1478 complete and 0 interrupted iterations
warm_cache   [  19% ] 00/20 VUs  1m13.9s/6m20s  20.00 iters/s

running (1m19.0s), 00/20 VUs, 1498 complete and 0 interrupted iterations
warm_cache   [  20% ] 00/20 VUs  1m14.9s/6m20s  20.00 iters/s

running (1m20.0s), 00/20 VUs, 1518 complete and 0 interrupted iterations
warm_cache   [  20% ] 00/20 VUs  1m15.9s/6m20s  20.00 iters/s

running (1m21.0s), 00/20 VUs, 1538 complete and 0 interrupted iterations
warm_cache   [  20% ] 00/20 VUs  1m16.9s/6m20s  20.00 iters/s

running (1m22.0s), 01/20 VUs, 1557 complete and 0 interrupted iterations
warm_cache   [  21% ] 01/20 VUs  1m17.9s/6m20s  20.00 iters/s

running (1m23.0s), 00/20 VUs, 1578 complete and 0 interrupted iterations
warm_cache   [  21% ] 00/20 VUs  1m18.9s/6m20s  20.00 iters/s

running (1m24.0s), 00/20 VUs, 1598 complete and 0 interrupted iterations
warm_cache   [  21% ] 00/20 VUs  1m19.9s/6m20s  20.00 iters/s

running (1m25.0s), 00/20 VUs, 1618 complete and 0 interrupted iterations
warm_cache   [  21% ] 00/20 VUs  1m20.9s/6m20s  20.00 iters/s

running (1m26.0s), 00/20 VUs, 1638 complete and 0 interrupted iterations
warm_cache   [  22% ] 00/20 VUs  1m21.9s/6m20s  20.00 iters/s

running (1m27.0s), 00/20 VUs, 1658 complete and 0 interrupted iterations
warm_cache   [  22% ] 00/20 VUs  1m22.9s/6m20s  20.00 iters/s

running (1m28.0s), 00/20 VUs, 1678 complete and 0 interrupted iterations
warm_cache   [  22% ] 00/20 VUs  1m23.9s/6m20s  20.00 iters/s

running (1m29.0s), 00/20 VUs, 1698 complete and 0 interrupted iterations
warm_cache   [  22% ] 00/20 VUs  1m24.9s/6m20s  20.00 iters/s

running (1m30.0s), 00/20 VUs, 1718 complete and 0 interrupted iterations
warm_cache   [  23% ] 00/20 VUs  1m25.9s/6m20s  20.00 iters/s

running (1m31.0s), 00/20 VUs, 1738 complete and 0 interrupted iterations
warm_cache   [  23% ] 00/20 VUs  1m26.9s/6m20s  20.00 iters/s

running (1m32.0s), 00/20 VUs, 1758 complete and 0 interrupted iterations
warm_cache   [  23% ] 00/20 VUs  1m27.9s/6m20s  20.00 iters/s

running (1m33.0s), 00/20 VUs, 1778 complete and 0 interrupted iterations
warm_cache   [  23% ] 00/20 VUs  1m28.9s/6m20s  20.00 iters/s

running (1m34.0s), 00/20 VUs, 1798 complete and 0 interrupted iterations
warm_cache   [  24% ] 00/20 VUs  1m29.9s/6m20s  20.00 iters/s

running (1m35.0s), 00/20 VUs, 1818 complete and 0 interrupted iterations
warm_cache   [  24% ] 00/20 VUs  1m30.9s/6m20s  20.00 iters/s

running (1m36.0s), 00/20 VUs, 1838 complete and 0 interrupted iterations
warm_cache   [  24% ] 00/20 VUs  1m31.9s/6m20s  20.00 iters/s

running (1m37.0s), 00/20 VUs, 1858 complete and 0 interrupted iterations
warm_cache   [  24% ] 00/20 VUs  1m32.9s/6m20s  20.00 iters/s

running (1m38.0s), 00/20 VUs, 1878 complete and 0 interrupted iterations
warm_cache   [  25% ] 00/20 VUs  1m33.9s/6m20s  20.00 iters/s

running (1m39.0s), 00/20 VUs, 1898 complete and 0 interrupted iterations
warm_cache   [  25% ] 00/20 VUs  1m34.9s/6m20s  20.00 iters/s

running (1m40.0s), 00/20 VUs, 1918 complete and 0 interrupted iterations
warm_cache   [  25% ] 00/20 VUs  1m35.9s/6m20s  20.00 iters/s

running (1m41.0s), 00/20 VUs, 1938 complete and 0 interrupted iterations
warm_cache   [  26% ] 00/20 VUs  1m36.9s/6m20s  20.00 iters/s

running (1m42.0s), 00/20 VUs, 1958 complete and 0 interrupted iterations
warm_cache   [  26% ] 00/20 VUs  1m37.9s/6m20s  20.00 iters/s

running (1m43.0s), 00/20 VUs, 1978 complete and 0 interrupted iterations
warm_cache   [  26% ] 00/20 VUs  1m38.9s/6m20s  20.00 iters/s

running (1m44.0s), 00/20 VUs, 1998 complete and 0 interrupted iterations
warm_cache   [  26% ] 00/20 VUs  1m39.9s/6m20s  20.00 iters/s

running (1m45.0s), 00/20 VUs, 2018 complete and 0 interrupted iterations
warm_cache   [  27% ] 00/20 VUs  1m40.9s/6m20s  20.00 iters/s

running (1m46.0s), 00/20 VUs, 2038 complete and 0 interrupted iterations
warm_cache   [  27% ] 00/20 VUs  1m41.9s/6m20s  20.00 iters/s

running (1m47.0s), 00/20 VUs, 2058 complete and 0 interrupted iterations
warm_cache   [  27% ] 00/20 VUs  1m42.9s/6m20s  20.00 iters/s

running (1m48.0s), 00/20 VUs, 2078 complete and 0 interrupted iterations
warm_cache   [  27% ] 00/20 VUs  1m43.9s/6m20s  20.00 iters/s

running (1m49.0s), 00/20 VUs, 2098 complete and 0 interrupted iterations
warm_cache   [  28% ] 00/20 VUs  1m44.9s/6m20s  20.00 iters/s

running (1m50.0s), 00/20 VUs, 2118 complete and 0 interrupted iterations
warm_cache   [  28% ] 00/20 VUs  1m45.9s/6m20s  20.00 iters/s

running (1m51.0s), 00/20 VUs, 2138 complete and 0 interrupted iterations
warm_cache   [  28% ] 00/20 VUs  1m46.9s/6m20s  20.00 iters/s

running (1m52.0s), 00/20 VUs, 2158 complete and 0 interrupted iterations
warm_cache   [  28% ] 00/20 VUs  1m47.9s/6m20s  20.00 iters/s

running (1m53.0s), 00/20 VUs, 2178 complete and 0 interrupted iterations
warm_cache   [  29% ] 00/20 VUs  1m48.9s/6m20s  20.00 iters/s

running (1m54.0s), 00/20 VUs, 2198 complete and 0 interrupted iterations
warm_cache   [  29% ] 00/20 VUs  1m49.9s/6m20s  20.00 iters/s

running (1m55.0s), 00/20 VUs, 2218 complete and 0 interrupted iterations
warm_cache   [  29% ] 00/20 VUs  1m50.9s/6m20s  20.00 iters/s

running (1m56.0s), 00/20 VUs, 2238 complete and 0 interrupted iterations
warm_cache   [  29% ] 00/20 VUs  1m51.9s/6m20s  20.00 iters/s

running (1m57.0s), 00/20 VUs, 2258 complete and 0 interrupted iterations
warm_cache   [  30% ] 00/20 VUs  1m52.9s/6m20s  20.00 iters/s

running (1m58.0s), 00/20 VUs, 2278 complete and 0 interrupted iterations
warm_cache   [  30% ] 00/20 VUs  1m53.9s/6m20s  20.00 iters/s

running (1m59.0s), 00/20 VUs, 2298 complete and 0 interrupted iterations
warm_cache   [  30% ] 00/20 VUs  1m54.9s/6m20s  20.00 iters/s

running (2m00.0s), 00/20 VUs, 2318 complete and 0 interrupted iterations
warm_cache   [  31% ] 00/20 VUs  1m55.9s/6m20s  20.00 iters/s

running (2m01.0s), 00/20 VUs, 2338 complete and 0 interrupted iterations
warm_cache   [  31% ] 00/20 VUs  1m56.9s/6m20s  20.00 iters/s

running (2m02.0s), 00/20 VUs, 2358 complete and 0 interrupted iterations
warm_cache   [  31% ] 00/20 VUs  1m57.9s/6m20s  20.00 iters/s

running (2m03.0s), 00/20 VUs, 2378 complete and 0 interrupted iterations
warm_cache   [  31% ] 00/20 VUs  1m58.9s/6m20s  20.00 iters/s

running (2m04.0s), 00/20 VUs, 2398 complete and 0 interrupted iterations
warm_cache   [  32% ] 00/20 VUs  1m59.9s/6m20s  20.00 iters/s

running (2m05.0s), 01/20 VUs, 2418 complete and 0 interrupted iterations
warm_cache   [  32% ] 01/20 VUs  2m00.9s/6m20s  20.95 iters/s

running (2m06.0s), 00/20 VUs, 2440 complete and 0 interrupted iterations
warm_cache   [  32% ] 00/20 VUs  2m01.9s/6m20s  21.93 iters/s

running (2m07.0s), 01/20 VUs, 2462 complete and 0 interrupted iterations
warm_cache   [  32% ] 01/20 VUs  2m02.9s/6m20s  22.96 iters/s

running (2m08.0s), 00/20 VUs, 2486 complete and 0 interrupted iterations
warm_cache   [  33% ] 00/20 VUs  2m03.9s/6m20s  23.94 iters/s

running (2m09.0s), 00/20 VUs, 2510 complete and 0 interrupted iterations
warm_cache   [  33% ] 00/20 VUs  2m04.9s/6m20s  24.92 iters/s

running (2m10.0s), 00/20 VUs, 2536 complete and 0 interrupted iterations
warm_cache   [  33% ] 00/20 VUs  2m05.9s/6m20s  25.94 iters/s

running (2m11.0s), 00/20 VUs, 2562 complete and 0 interrupted iterations
warm_cache   [  33% ] 00/20 VUs  2m06.9s/6m20s  26.93 iters/s

running (2m12.0s), 01/20 VUs, 2589 complete and 0 interrupted iterations
warm_cache   [  34% ] 01/20 VUs  2m07.9s/6m20s  27.95 iters/s

running (2m13.0s), 00/20 VUs, 2618 complete and 0 interrupted iterations
warm_cache   [  34% ] 00/20 VUs  2m08.9s/6m20s  28.93 iters/s

running (2m14.0s), 01/20 VUs, 2647 complete and 0 interrupted iterations
warm_cache   [  34% ] 01/20 VUs  2m09.9s/6m20s  29.95 iters/s

running (2m15.0s), 25/25 VUs, 2648 complete and 0 interrupted iterations
warm_cache   [  34% ] 25/25 VUs  2m10.9s/6m20s  30.00 iters/s

running (2m16.0s), 03/27 VUs, 2698 complete and 0 interrupted iterations
warm_cache   [  35% ] 03/27 VUs  2m11.9s/6m20s  30.00 iters/s

running (2m17.0s), 01/27 VUs, 2730 complete and 0 interrupted iterations
warm_cache   [  35% ] 01/27 VUs  2m12.9s/6m20s  30.00 iters/s

running (2m18.0s), 01/27 VUs, 2760 complete and 0 interrupted iterations
warm_cache   [  35% ] 01/27 VUs  2m13.9s/6m20s  30.00 iters/s

running (2m19.0s), 01/27 VUs, 2790 complete and 0 interrupted iterations
warm_cache   [  36% ] 01/27 VUs  2m14.9s/6m20s  30.00 iters/s

running (2m20.0s), 01/27 VUs, 2820 complete and 0 interrupted iterations
warm_cache   [  36% ] 01/27 VUs  2m15.9s/6m20s  30.00 iters/s

running (2m21.0s), 01/27 VUs, 2850 complete and 0 interrupted iterations
warm_cache   [  36% ] 01/27 VUs  2m16.9s/6m20s  30.00 iters/s

running (2m22.0s), 01/27 VUs, 2880 complete and 0 interrupted iterations
warm_cache   [  36% ] 01/27 VUs  2m17.9s/6m20s  30.00 iters/s

running (2m23.0s), 01/27 VUs, 2910 complete and 0 interrupted iterations
warm_cache   [  37% ] 01/27 VUs  2m18.9s/6m20s  30.00 iters/s

running (2m24.0s), 01/27 VUs, 2940 complete and 0 interrupted iterations
warm_cache   [  37% ] 01/27 VUs  2m19.9s/6m20s  30.00 iters/s

running (2m25.0s), 01/27 VUs, 2970 complete and 0 interrupted iterations
warm_cache   [  37% ] 01/27 VUs  2m20.9s/6m20s  30.00 iters/s

running (2m26.0s), 02/27 VUs, 2999 complete and 0 interrupted iterations
warm_cache   [  37% ] 02/27 VUs  2m21.9s/6m20s  30.00 iters/s

running (2m27.0s), 01/27 VUs, 3030 complete and 0 interrupted iterations
warm_cache   [  38% ] 01/27 VUs  2m22.9s/6m20s  30.00 iters/s

running (2m28.0s), 01/27 VUs, 3060 complete and 0 interrupted iterations
warm_cache   [  38% ] 01/27 VUs  2m23.9s/6m20s  30.00 iters/s

running (2m29.0s), 01/27 VUs, 3090 complete and 0 interrupted iterations
warm_cache   [  38% ] 01/27 VUs  2m24.9s/6m20s  30.00 iters/s

running (2m30.0s), 01/27 VUs, 3120 complete and 0 interrupted iterations
warm_cache   [  38% ] 01/27 VUs  2m25.9s/6m20s  30.00 iters/s

running (2m31.0s), 01/27 VUs, 3150 complete and 0 interrupted iterations
warm_cache   [  39% ] 01/27 VUs  2m26.9s/6m20s  30.00 iters/s

running (2m32.0s), 01/27 VUs, 3180 complete and 0 interrupted iterations
warm_cache   [  39% ] 01/27 VUs  2m27.9s/6m20s  30.00 iters/s

running (2m33.0s), 01/27 VUs, 3210 complete and 0 interrupted iterations
warm_cache   [  39% ] 01/27 VUs  2m28.9s/6m20s  30.00 iters/s

running (2m34.0s), 01/27 VUs, 3240 complete and 0 interrupted iterations
warm_cache   [  39% ] 01/27 VUs  2m29.9s/6m20s  30.00 iters/s

running (2m35.0s), 01/27 VUs, 3270 complete and 0 interrupted iterations
warm_cache   [  40% ] 01/27 VUs  2m30.9s/6m20s  30.00 iters/s

running (2m36.0s), 01/27 VUs, 3300 complete and 0 interrupted iterations
warm_cache   [  40% ] 01/27 VUs  2m31.9s/6m20s  30.00 iters/s

running (2m37.0s), 01/27 VUs, 3330 complete and 0 interrupted iterations
warm_cache   [  40% ] 01/27 VUs  2m32.9s/6m20s  30.00 iters/s

running (2m38.0s), 01/27 VUs, 3360 complete and 0 interrupted iterations
warm_cache   [  41% ] 01/27 VUs  2m33.9s/6m20s  30.00 iters/s

running (2m39.0s), 01/27 VUs, 3390 complete and 0 interrupted iterations
warm_cache   [  41% ] 01/27 VUs  2m34.9s/6m20s  30.00 iters/s

running (2m40.0s), 01/27 VUs, 3420 complete and 0 interrupted iterations
warm_cache   [  41% ] 01/27 VUs  2m35.9s/6m20s  30.00 iters/s

running (2m41.0s), 01/27 VUs, 3450 complete and 0 interrupted iterations
warm_cache   [  41% ] 01/27 VUs  2m36.9s/6m20s  30.00 iters/s

running (2m42.0s), 01/27 VUs, 3480 complete and 0 interrupted iterations
warm_cache   [  42% ] 01/27 VUs  2m37.9s/6m20s  30.00 iters/s

running (2m43.0s), 01/27 VUs, 3510 complete and 0 interrupted iterations
warm_cache   [  42% ] 01/27 VUs  2m38.9s/6m20s  30.00 iters/s

running (2m44.0s), 01/27 VUs, 3540 complete and 0 interrupted iterations
warm_cache   [  42% ] 01/27 VUs  2m39.9s/6m20s  30.00 iters/s

running (2m45.0s), 01/27 VUs, 3570 complete and 0 interrupted iterations
warm_cache   [  42% ] 01/27 VUs  2m40.9s/6m20s  30.00 iters/s

running (2m46.0s), 01/27 VUs, 3600 complete and 0 interrupted iterations
warm_cache   [  43% ] 01/27 VUs  2m41.9s/6m20s  30.00 iters/s

running (2m47.0s), 01/27 VUs, 3630 complete and 0 interrupted iterations
warm_cache   [  43% ] 01/27 VUs  2m42.9s/6m20s  30.00 iters/s

running (2m48.0s), 01/27 VUs, 3660 complete and 0 interrupted iterations
warm_cache   [  43% ] 01/27 VUs  2m43.9s/6m20s  30.00 iters/s

running (2m49.0s), 01/27 VUs, 3690 complete and 0 interrupted iterations
warm_cache   [  43% ] 01/27 VUs  2m44.9s/6m20s  30.00 iters/s

running (2m50.0s), 01/27 VUs, 3720 complete and 0 interrupted iterations
warm_cache   [  44% ] 01/27 VUs  2m45.9s/6m20s  30.00 iters/s

running (2m51.0s), 01/27 VUs, 3750 complete and 0 interrupted iterations
warm_cache   [  44% ] 01/27 VUs  2m46.9s/6m20s  30.00 iters/s

running (2m52.0s), 01/27 VUs, 3780 complete and 0 interrupted iterations
warm_cache   [  44% ] 01/27 VUs  2m47.9s/6m20s  30.00 iters/s

running (2m53.0s), 01/27 VUs, 3810 complete and 0 interrupted iterations
warm_cache   [  44% ] 01/27 VUs  2m48.9s/6m20s  30.00 iters/s

running (2m54.0s), 01/27 VUs, 3840 complete and 0 interrupted iterations
warm_cache   [  45% ] 01/27 VUs  2m49.9s/6m20s  30.00 iters/s

running (2m55.0s), 01/27 VUs, 3870 complete and 0 interrupted iterations
warm_cache   [  45% ] 01/27 VUs  2m50.9s/6m20s  30.00 iters/s

running (2m56.0s), 01/27 VUs, 3900 complete and 0 interrupted iterations
warm_cache   [  45% ] 01/27 VUs  2m51.9s/6m20s  30.00 iters/s

running (2m57.0s), 01/27 VUs, 3930 complete and 0 interrupted iterations
warm_cache   [  46% ] 01/27 VUs  2m52.9s/6m20s  30.00 iters/s

running (2m58.0s), 01/27 VUs, 3960 complete and 0 interrupted iterations
warm_cache   [  46% ] 01/27 VUs  2m53.9s/6m20s  30.00 iters/s

running (2m59.0s), 01/27 VUs, 3990 complete and 0 interrupted iterations
warm_cache   [  46% ] 01/27 VUs  2m54.9s/6m20s  30.00 iters/s

running (3m00.0s), 01/27 VUs, 4020 complete and 0 interrupted iterations
warm_cache   [  46% ] 01/27 VUs  2m55.9s/6m20s  30.00 iters/s

running (3m01.0s), 01/27 VUs, 4050 complete and 0 interrupted iterations
warm_cache   [  47% ] 01/27 VUs  2m56.9s/6m20s  30.00 iters/s

running (3m02.0s), 01/27 VUs, 4080 complete and 0 interrupted iterations
warm_cache   [  47% ] 01/27 VUs  2m57.9s/6m20s  30.00 iters/s

running (3m03.0s), 01/27 VUs, 4110 complete and 0 interrupted iterations
warm_cache   [  47% ] 01/27 VUs  2m58.9s/6m20s  30.00 iters/s

running (3m04.0s), 01/27 VUs, 4140 complete and 0 interrupted iterations
warm_cache   [  47% ] 01/27 VUs  2m59.9s/6m20s  30.00 iters/s

running (3m05.0s), 01/27 VUs, 4170 complete and 0 interrupted iterations
warm_cache   [  48% ] 01/27 VUs  3m00.9s/6m20s  30.00 iters/s

running (3m06.0s), 01/27 VUs, 4200 complete and 0 interrupted iterations
warm_cache   [  48% ] 01/27 VUs  3m01.9s/6m20s  30.00 iters/s

running (3m07.0s), 01/27 VUs, 4230 complete and 0 interrupted iterations
warm_cache   [  48% ] 01/27 VUs  3m02.9s/6m20s  30.00 iters/s

running (3m08.0s), 01/27 VUs, 4260 complete and 0 interrupted iterations
warm_cache   [  48% ] 01/27 VUs  3m03.9s/6m20s  30.00 iters/s

running (3m09.0s), 01/27 VUs, 4290 complete and 0 interrupted iterations
warm_cache   [  49% ] 01/27 VUs  3m04.9s/6m20s  30.00 iters/s

running (3m10.0s), 01/27 VUs, 4320 complete and 0 interrupted iterations
warm_cache   [  49% ] 01/27 VUs  3m05.9s/6m20s  30.00 iters/s

running (3m11.0s), 01/27 VUs, 4350 complete and 0 interrupted iterations
warm_cache   [  49% ] 01/27 VUs  3m06.9s/6m20s  30.00 iters/s

running (3m12.0s), 01/27 VUs, 4380 complete and 0 interrupted iterations
warm_cache   [  49% ] 01/27 VUs  3m07.9s/6m20s  30.00 iters/s

running (3m13.0s), 01/27 VUs, 4410 complete and 0 interrupted iterations
warm_cache   [  50% ] 01/27 VUs  3m08.9s/6m20s  30.00 iters/s

running (3m14.0s), 01/27 VUs, 4440 complete and 0 interrupted iterations
warm_cache   [  50% ] 01/27 VUs  3m09.9s/6m20s  30.00 iters/s

running (3m15.0s), 01/27 VUs, 4470 complete and 0 interrupted iterations
warm_cache   [  50% ] 01/27 VUs  3m10.9s/6m20s  30.00 iters/s

running (3m16.0s), 01/27 VUs, 4500 complete and 0 interrupted iterations
warm_cache   [  51% ] 01/27 VUs  3m11.9s/6m20s  30.00 iters/s

running (3m17.0s), 01/27 VUs, 4530 complete and 0 interrupted iterations
warm_cache   [  51% ] 01/27 VUs  3m12.9s/6m20s  30.00 iters/s

running (3m18.0s), 01/27 VUs, 4560 complete and 0 interrupted iterations
warm_cache   [  51% ] 01/27 VUs  3m13.9s/6m20s  30.00 iters/s

running (3m19.0s), 01/27 VUs, 4590 complete and 0 interrupted iterations
warm_cache   [  51% ] 01/27 VUs  3m14.9s/6m20s  30.00 iters/s

running (3m20.0s), 01/27 VUs, 4620 complete and 0 interrupted iterations
warm_cache   [  52% ] 01/27 VUs  3m15.9s/6m20s  30.00 iters/s

running (3m21.0s), 01/27 VUs, 4650 complete and 0 interrupted iterations
warm_cache   [  52% ] 01/27 VUs  3m16.9s/6m20s  30.00 iters/s

running (3m22.0s), 01/27 VUs, 4680 complete and 0 interrupted iterations
warm_cache   [  52% ] 01/27 VUs  3m17.9s/6m20s  30.00 iters/s

running (3m23.0s), 01/27 VUs, 4710 complete and 0 interrupted iterations
warm_cache   [  52% ] 01/27 VUs  3m18.9s/6m20s  30.00 iters/s

running (3m24.0s), 01/27 VUs, 4740 complete and 0 interrupted iterations
warm_cache   [  53% ] 01/27 VUs  3m19.9s/6m20s  30.00 iters/s

running (3m25.0s), 01/27 VUs, 4770 complete and 0 interrupted iterations
warm_cache   [  53% ] 01/27 VUs  3m20.9s/6m20s  30.00 iters/s

running (3m26.0s), 01/27 VUs, 4800 complete and 0 interrupted iterations
warm_cache   [  53% ] 01/27 VUs  3m21.9s/6m20s  30.00 iters/s

running (3m27.0s), 01/27 VUs, 4830 complete and 0 interrupted iterations
warm_cache   [  53% ] 01/27 VUs  3m22.9s/6m20s  30.00 iters/s

running (3m28.0s), 01/27 VUs, 4860 complete and 0 interrupted iterations
warm_cache   [  54% ] 01/27 VUs  3m23.9s/6m20s  30.00 iters/s

running (3m29.0s), 01/27 VUs, 4890 complete and 0 interrupted iterations
warm_cache   [  54% ] 01/27 VUs  3m24.9s/6m20s  30.00 iters/s

running (3m30.0s), 01/27 VUs, 4920 complete and 0 interrupted iterations
warm_cache   [  54% ] 01/27 VUs  3m25.9s/6m20s  30.00 iters/s

running (3m31.0s), 01/27 VUs, 4950 complete and 0 interrupted iterations
warm_cache   [  54% ] 01/27 VUs  3m26.9s/6m20s  30.00 iters/s

running (3m32.0s), 01/27 VUs, 4980 complete and 0 interrupted iterations
warm_cache   [  55% ] 01/27 VUs  3m27.9s/6m20s  30.00 iters/s

running (3m33.0s), 01/27 VUs, 5010 complete and 0 interrupted iterations
warm_cache   [  55% ] 01/27 VUs  3m28.9s/6m20s  30.00 iters/s

running (3m34.0s), 01/27 VUs, 5040 complete and 0 interrupted iterations
warm_cache   [  55% ] 01/27 VUs  3m29.9s/6m20s  30.00 iters/s

running (3m35.0s), 01/27 VUs, 5070 complete and 0 interrupted iterations
warm_cache   [  56% ] 01/27 VUs  3m30.9s/6m20s  30.00 iters/s

running (3m36.0s), 01/27 VUs, 5100 complete and 0 interrupted iterations
warm_cache   [  56% ] 01/27 VUs  3m31.9s/6m20s  30.00 iters/s

running (3m37.0s), 01/27 VUs, 5130 complete and 0 interrupted iterations
warm_cache   [  56% ] 01/27 VUs  3m32.9s/6m20s  30.00 iters/s

running (3m38.0s), 01/27 VUs, 5160 complete and 0 interrupted iterations
warm_cache   [  56% ] 01/27 VUs  3m33.9s/6m20s  30.00 iters/s

running (3m39.0s), 01/27 VUs, 5190 complete and 0 interrupted iterations
warm_cache   [  57% ] 01/27 VUs  3m34.9s/6m20s  30.00 iters/s

running (3m40.0s), 01/27 VUs, 5220 complete and 0 interrupted iterations
warm_cache   [  57% ] 01/27 VUs  3m35.9s/6m20s  30.00 iters/s

running (3m41.0s), 01/27 VUs, 5250 complete and 0 interrupted iterations
warm_cache   [  57% ] 01/27 VUs  3m36.9s/6m20s  30.00 iters/s

running (3m42.0s), 01/27 VUs, 5280 complete and 0 interrupted iterations
warm_cache   [  57% ] 01/27 VUs  3m37.9s/6m20s  30.00 iters/s

running (3m43.0s), 01/27 VUs, 5310 complete and 0 interrupted iterations
warm_cache   [  58% ] 01/27 VUs  3m38.9s/6m20s  30.00 iters/s

running (3m44.0s), 01/27 VUs, 5340 complete and 0 interrupted iterations
warm_cache   [  58% ] 01/27 VUs  3m39.9s/6m20s  30.00 iters/s

running (3m45.0s), 01/27 VUs, 5370 complete and 0 interrupted iterations
warm_cache   [  58% ] 01/27 VUs  3m40.9s/6m20s  30.00 iters/s

running (3m46.0s), 01/27 VUs, 5400 complete and 0 interrupted iterations
warm_cache   [  58% ] 01/27 VUs  3m41.9s/6m20s  30.00 iters/s

running (3m47.0s), 01/27 VUs, 5430 complete and 0 interrupted iterations
warm_cache   [  59% ] 01/27 VUs  3m42.9s/6m20s  30.00 iters/s

running (3m48.0s), 01/27 VUs, 5460 complete and 0 interrupted iterations
warm_cache   [  59% ] 01/27 VUs  3m43.9s/6m20s  30.00 iters/s

running (3m49.0s), 01/27 VUs, 5490 complete and 0 interrupted iterations
warm_cache   [  59% ] 01/27 VUs  3m44.9s/6m20s  30.00 iters/s

running (3m50.0s), 01/27 VUs, 5520 complete and 0 interrupted iterations
warm_cache   [  59% ] 01/27 VUs  3m45.9s/6m20s  30.00 iters/s

running (3m51.0s), 01/27 VUs, 5550 complete and 0 interrupted iterations
warm_cache   [  60% ] 01/27 VUs  3m46.9s/6m20s  30.00 iters/s

running (3m52.0s), 02/27 VUs, 5579 complete and 0 interrupted iterations
warm_cache   [  60% ] 02/27 VUs  3m47.9s/6m20s  30.00 iters/s

running (3m53.0s), 01/27 VUs, 5610 complete and 0 interrupted iterations
warm_cache   [  60% ] 01/27 VUs  3m48.9s/6m20s  30.00 iters/s

running (3m54.0s), 01/27 VUs, 5640 complete and 0 interrupted iterations
warm_cache   [  61% ] 01/27 VUs  3m49.9s/6m20s  30.00 iters/s

running (3m55.0s), 01/27 VUs, 5670 complete and 0 interrupted iterations
warm_cache   [  61% ] 01/27 VUs  3m50.9s/6m20s  30.00 iters/s

running (3m56.0s), 01/27 VUs, 5700 complete and 0 interrupted iterations
warm_cache   [  61% ] 01/27 VUs  3m51.9s/6m20s  30.00 iters/s

running (3m57.0s), 01/27 VUs, 5730 complete and 0 interrupted iterations
warm_cache   [  61% ] 01/27 VUs  3m52.9s/6m20s  30.00 iters/s

running (3m58.0s), 01/27 VUs, 5760 complete and 0 interrupted iterations
warm_cache   [  62% ] 01/27 VUs  3m53.9s/6m20s  30.00 iters/s

running (3m59.0s), 01/27 VUs, 5790 complete and 0 interrupted iterations
warm_cache   [  62% ] 01/27 VUs  3m54.9s/6m20s  30.00 iters/s

running (4m00.0s), 01/27 VUs, 5820 complete and 0 interrupted iterations
warm_cache   [  62% ] 01/27 VUs  3m55.9s/6m20s  30.00 iters/s

running (4m01.0s), 01/27 VUs, 5850 complete and 0 interrupted iterations
warm_cache   [  62% ] 01/27 VUs  3m56.9s/6m20s  30.00 iters/s

running (4m02.0s), 02/27 VUs, 5879 complete and 0 interrupted iterations
warm_cache   [  63% ] 02/27 VUs  3m57.9s/6m20s  30.00 iters/s

running (4m03.0s), 01/27 VUs, 5910 complete and 0 interrupted iterations
warm_cache   [  63% ] 01/27 VUs  3m58.9s/6m20s  30.00 iters/s

running (4m04.0s), 01/27 VUs, 5940 complete and 0 interrupted iterations
warm_cache   [  63% ] 01/27 VUs  3m59.9s/6m20s  30.00 iters/s

running (4m05.0s), 01/27 VUs, 5970 complete and 0 interrupted iterations
warm_cache   [  63% ] 01/27 VUs  4m00.9s/6m20s  30.00 iters/s

running (4m06.0s), 01/27 VUs, 6000 complete and 0 interrupted iterations
warm_cache   [  64% ] 01/27 VUs  4m01.9s/6m20s  30.00 iters/s

running (4m07.0s), 01/27 VUs, 6030 complete and 0 interrupted iterations
warm_cache   [  64% ] 01/27 VUs  4m02.9s/6m20s  30.00 iters/s

running (4m08.0s), 01/27 VUs, 6060 complete and 0 interrupted iterations
warm_cache   [  64% ] 01/27 VUs  4m03.9s/6m20s  30.00 iters/s

running (4m09.0s), 01/27 VUs, 6090 complete and 0 interrupted iterations
warm_cache   [  64% ] 01/27 VUs  4m04.9s/6m20s  30.00 iters/s

running (4m10.0s), 01/27 VUs, 6120 complete and 0 interrupted iterations
warm_cache   [  65% ] 01/27 VUs  4m05.9s/6m20s  30.00 iters/s

running (4m11.0s), 01/27 VUs, 6150 complete and 0 interrupted iterations
warm_cache   [  65% ] 01/27 VUs  4m06.9s/6m20s  30.00 iters/s

running (4m12.0s), 01/27 VUs, 6180 complete and 0 interrupted iterations
warm_cache   [  65% ] 01/27 VUs  4m07.9s/6m20s  30.00 iters/s

running (4m13.0s), 01/27 VUs, 6210 complete and 0 interrupted iterations
warm_cache   [  66% ] 01/27 VUs  4m08.9s/6m20s  30.00 iters/s

running (4m14.0s), 01/27 VUs, 6240 complete and 0 interrupted iterations
warm_cache   [  66% ] 01/27 VUs  4m09.9s/6m20s  30.00 iters/s

running (4m15.0s), 00/27 VUs, 6271 complete and 0 interrupted iterations
warm_cache   [  66% ] 00/27 VUs  4m10.9s/6m20s  30.94 iters/s

running (4m16.0s), 00/27 VUs, 6302 complete and 0 interrupted iterations
warm_cache   [  66% ] 00/27 VUs  4m11.9s/6m20s  31.92 iters/s

running (4m17.0s), 00/27 VUs, 6335 complete and 0 interrupted iterations
warm_cache   [  67% ] 00/27 VUs  4m12.9s/6m20s  32.94 iters/s

running (4m18.0s), 00/27 VUs, 6368 complete and 0 interrupted iterations
warm_cache   [  67% ] 00/27 VUs  4m13.9s/6m20s  33.93 iters/s

running (4m19.0s), 01/27 VUs, 6402 complete and 0 interrupted iterations
warm_cache   [  67% ] 01/27 VUs  4m14.9s/6m20s  34.94 iters/s

running (4m20.0s), 00/27 VUs, 6438 complete and 0 interrupted iterations
warm_cache   [  67% ] 00/27 VUs  4m15.9s/6m20s  35.93 iters/s

running (4m21.0s), 01/27 VUs, 6474 complete and 0 interrupted iterations
warm_cache   [  68% ] 01/27 VUs  4m16.9s/6m20s  36.95 iters/s

running (4m22.0s), 00/27 VUs, 6512 complete and 0 interrupted iterations
warm_cache   [  68% ] 00/27 VUs  4m17.9s/6m20s  37.93 iters/s

running (4m23.0s), 01/27 VUs, 6550 complete and 0 interrupted iterations
warm_cache   [  68% ] 01/27 VUs  4m18.9s/6m20s  38.95 iters/s

running (4m24.0s), 01/27 VUs, 6589 complete and 0 interrupted iterations
warm_cache   [  68% ] 01/27 VUs  4m19.9s/6m20s  39.94 iters/s

running (4m25.0s), 01/27 VUs, 6629 complete and 0 interrupted iterations
warm_cache   [  69% ] 01/27 VUs  4m20.9s/6m20s  40.00 iters/s

running (4m26.0s), 00/27 VUs, 6670 complete and 0 interrupted iterations
warm_cache   [  69% ] 00/27 VUs  4m21.9s/6m20s  40.00 iters/s

running (4m27.0s), 00/27 VUs, 6710 complete and 0 interrupted iterations
warm_cache   [  69% ] 00/27 VUs  4m22.9s/6m20s  40.00 iters/s

running (4m28.0s), 00/27 VUs, 6750 complete and 0 interrupted iterations
warm_cache   [  69% ] 00/27 VUs  4m23.9s/6m20s  40.00 iters/s

running (4m29.0s), 01/27 VUs, 6789 complete and 0 interrupted iterations
warm_cache   [  70% ] 01/27 VUs  4m24.9s/6m20s  40.00 iters/s

running (4m30.0s), 01/27 VUs, 6829 complete and 0 interrupted iterations
warm_cache   [  70% ] 01/27 VUs  4m25.9s/6m20s  40.00 iters/s

running (4m31.0s), 01/27 VUs, 6869 complete and 0 interrupted iterations
warm_cache   [  70% ] 01/27 VUs  4m26.9s/6m20s  40.00 iters/s

running (4m32.0s), 00/27 VUs, 6910 complete and 0 interrupted iterations
warm_cache   [  71% ] 00/27 VUs  4m27.9s/6m20s  40.00 iters/s

running (4m33.0s), 01/27 VUs, 6949 complete and 0 interrupted iterations
warm_cache   [  71% ] 01/27 VUs  4m28.9s/6m20s  40.00 iters/s

running (4m34.0s), 00/27 VUs, 6990 complete and 0 interrupted iterations
warm_cache   [  71% ] 00/27 VUs  4m29.9s/6m20s  40.00 iters/s

running (4m35.0s), 00/27 VUs, 7030 complete and 0 interrupted iterations
warm_cache   [  71% ] 00/27 VUs  4m30.9s/6m20s  40.00 iters/s

running (4m36.0s), 00/27 VUs, 7070 complete and 0 interrupted iterations
warm_cache   [  72% ] 00/27 VUs  4m31.9s/6m20s  40.00 iters/s

running (4m37.0s), 01/27 VUs, 7109 complete and 0 interrupted iterations
warm_cache   [  72% ] 01/27 VUs  4m32.9s/6m20s  40.00 iters/s

running (4m38.0s), 01/27 VUs, 7149 complete and 0 interrupted iterations
warm_cache   [  72% ] 01/27 VUs  4m33.9s/6m20s  40.00 iters/s

running (4m39.0s), 00/27 VUs, 7190 complete and 0 interrupted iterations
warm_cache   [  72% ] 00/27 VUs  4m34.9s/6m20s  40.00 iters/s

running (4m40.0s), 00/27 VUs, 7230 complete and 0 interrupted iterations
warm_cache   [  73% ] 00/27 VUs  4m35.9s/6m20s  40.00 iters/s

running (4m41.0s), 01/27 VUs, 7269 complete and 0 interrupted iterations
warm_cache   [  73% ] 01/27 VUs  4m36.9s/6m20s  40.00 iters/s

running (4m42.0s), 00/27 VUs, 7310 complete and 0 interrupted iterations
warm_cache   [  73% ] 00/27 VUs  4m37.9s/6m20s  40.00 iters/s

running (4m43.0s), 00/27 VUs, 7350 complete and 0 interrupted iterations
warm_cache   [  73% ] 00/27 VUs  4m38.9s/6m20s  40.00 iters/s

running (4m44.0s), 00/27 VUs, 7390 complete and 0 interrupted iterations
warm_cache   [  74% ] 00/27 VUs  4m39.9s/6m20s  40.00 iters/s

running (4m45.0s), 00/27 VUs, 7430 complete and 0 interrupted iterations
warm_cache   [  74% ] 00/27 VUs  4m40.9s/6m20s  40.00 iters/s

running (4m46.0s), 01/27 VUs, 7469 complete and 0 interrupted iterations
warm_cache   [  74% ] 01/27 VUs  4m41.9s/6m20s  40.00 iters/s

running (4m47.0s), 01/27 VUs, 7509 complete and 0 interrupted iterations
warm_cache   [  74% ] 01/27 VUs  4m42.9s/6m20s  40.00 iters/s

running (4m48.0s), 01/27 VUs, 7549 complete and 0 interrupted iterations
warm_cache   [  75% ] 01/27 VUs  4m43.9s/6m20s  40.00 iters/s

running (4m49.0s), 00/27 VUs, 7590 complete and 0 interrupted iterations
warm_cache   [  75% ] 00/27 VUs  4m44.9s/6m20s  40.00 iters/s

running (4m50.0s), 01/27 VUs, 7629 complete and 0 interrupted iterations
warm_cache   [  75% ] 01/27 VUs  4m45.9s/6m20s  40.00 iters/s

running (4m51.0s), 00/27 VUs, 7670 complete and 0 interrupted iterations
warm_cache   [  76% ] 00/27 VUs  4m46.9s/6m20s  40.00 iters/s

running (4m52.0s), 00/27 VUs, 7710 complete and 0 interrupted iterations
warm_cache   [  76% ] 00/27 VUs  4m47.9s/6m20s  40.00 iters/s

running (4m53.0s), 00/27 VUs, 7750 complete and 0 interrupted iterations
warm_cache   [  76% ] 00/27 VUs  4m48.9s/6m20s  40.00 iters/s

running (4m54.0s), 01/27 VUs, 7789 complete and 0 interrupted iterations
warm_cache   [  76% ] 01/27 VUs  4m49.9s/6m20s  40.00 iters/s

running (4m55.0s), 00/27 VUs, 7830 complete and 0 interrupted iterations
warm_cache   [  77% ] 00/27 VUs  4m50.9s/6m20s  40.00 iters/s

running (4m56.0s), 01/27 VUs, 7869 complete and 0 interrupted iterations
warm_cache   [  77% ] 01/27 VUs  4m51.9s/6m20s  40.00 iters/s

running (4m57.0s), 00/27 VUs, 7910 complete and 0 interrupted iterations
warm_cache   [  77% ] 00/27 VUs  4m52.9s/6m20s  40.00 iters/s

running (4m58.0s), 00/27 VUs, 7950 complete and 0 interrupted iterations
warm_cache   [  77% ] 00/27 VUs  4m53.9s/6m20s  40.00 iters/s

running (4m59.0s), 01/27 VUs, 7989 complete and 0 interrupted iterations
warm_cache   [  78% ] 01/27 VUs  4m54.9s/6m20s  40.00 iters/s

running (5m00.0s), 01/27 VUs, 8029 complete and 0 interrupted iterations
warm_cache   [  78% ] 01/27 VUs  4m55.9s/6m20s  40.00 iters/s

running (5m01.0s), 01/27 VUs, 8069 complete and 0 interrupted iterations
warm_cache   [  78% ] 01/27 VUs  4m56.9s/6m20s  40.00 iters/s

running (5m02.0s), 03/27 VUs, 8107 complete and 0 interrupted iterations
warm_cache   [  78% ] 03/27 VUs  4m57.9s/6m20s  40.00 iters/s

running (5m03.0s), 05/27 VUs, 8145 complete and 0 interrupted iterations
warm_cache   [  79% ] 05/27 VUs  4m58.9s/6m20s  40.00 iters/s

running (5m04.0s), 05/27 VUs, 8185 complete and 0 interrupted iterations
warm_cache   [  79% ] 05/27 VUs  4m59.9s/6m20s  40.00 iters/s

running (5m05.0s), 03/27 VUs, 8227 complete and 0 interrupted iterations
warm_cache   [  79% ] 03/27 VUs  5m00.9s/6m20s  40.00 iters/s

running (5m06.0s), 00/27 VUs, 8270 complete and 0 interrupted iterations
warm_cache   [  79% ] 00/27 VUs  5m01.9s/6m20s  40.00 iters/s

running (5m07.0s), 01/27 VUs, 8309 complete and 0 interrupted iterations
warm_cache   [  80% ] 01/27 VUs  5m02.9s/6m20s  40.00 iters/s

running (5m08.0s), 01/27 VUs, 8349 complete and 0 interrupted iterations
warm_cache   [  80% ] 01/27 VUs  5m03.9s/6m20s  40.00 iters/s

running (5m09.0s), 00/27 VUs, 8390 complete and 0 interrupted iterations
warm_cache   [  80% ] 00/27 VUs  5m04.9s/6m20s  40.00 iters/s

running (5m10.0s), 01/27 VUs, 8429 complete and 0 interrupted iterations
warm_cache   [  81% ] 01/27 VUs  5m05.9s/6m20s  40.00 iters/s

running (5m11.0s), 00/27 VUs, 8470 complete and 0 interrupted iterations
warm_cache   [  81% ] 00/27 VUs  5m06.9s/6m20s  40.00 iters/s

running (5m12.0s), 01/27 VUs, 8509 complete and 0 interrupted iterations
warm_cache   [  81% ] 01/27 VUs  5m07.9s/6m20s  40.00 iters/s

running (5m13.0s), 01/27 VUs, 8549 complete and 0 interrupted iterations
warm_cache   [  81% ] 01/27 VUs  5m08.9s/6m20s  40.00 iters/s

running (5m14.0s), 01/27 VUs, 8589 complete and 0 interrupted iterations
warm_cache   [  82% ] 01/27 VUs  5m09.9s/6m20s  40.00 iters/s

running (5m15.0s), 02/27 VUs, 8628 complete and 0 interrupted iterations
warm_cache   [  82% ] 02/27 VUs  5m10.9s/6m20s  40.00 iters/s

running (5m16.0s), 01/27 VUs, 8669 complete and 0 interrupted iterations
warm_cache   [  82% ] 01/27 VUs  5m11.9s/6m20s  40.00 iters/s

running (5m17.0s), 01/27 VUs, 8709 complete and 0 interrupted iterations
warm_cache   [  82% ] 01/27 VUs  5m12.9s/6m20s  40.00 iters/s

running (5m18.0s), 05/27 VUs, 8745 complete and 0 interrupted iterations
warm_cache   [  83% ] 05/27 VUs  5m13.9s/6m20s  40.00 iters/s

running (5m19.0s), 00/27 VUs, 8790 complete and 0 interrupted iterations
warm_cache   [  83% ] 00/27 VUs  5m14.9s/6m20s  40.00 iters/s

running (5m20.0s), 02/27 VUs, 8828 complete and 0 interrupted iterations
warm_cache   [  83% ] 02/27 VUs  5m15.9s/6m20s  40.00 iters/s

running (5m21.0s), 00/27 VUs, 8870 complete and 0 interrupted iterations
warm_cache   [  83% ] 00/27 VUs  5m16.9s/6m20s  40.00 iters/s

running (5m22.0s), 00/27 VUs, 8910 complete and 0 interrupted iterations
warm_cache   [  84% ] 00/27 VUs  5m17.9s/6m20s  40.00 iters/s

running (5m23.0s), 00/27 VUs, 8950 complete and 0 interrupted iterations
warm_cache   [  84% ] 00/27 VUs  5m18.9s/6m20s  40.00 iters/s

running (5m24.0s), 00/27 VUs, 8990 complete and 0 interrupted iterations
warm_cache   [  84% ] 00/27 VUs  5m19.9s/6m20s  40.00 iters/s

running (5m25.0s), 01/27 VUs, 9029 complete and 0 interrupted iterations
warm_cache   [  84% ] 01/27 VUs  5m20.9s/6m20s  40.00 iters/s

running (5m26.0s), 01/27 VUs, 9069 complete and 0 interrupted iterations
warm_cache   [  85% ] 01/27 VUs  5m21.9s/6m20s  40.00 iters/s

running (5m27.0s), 00/27 VUs, 9110 complete and 0 interrupted iterations
warm_cache   [  85% ] 00/27 VUs  5m22.9s/6m20s  40.00 iters/s

running (5m28.0s), 00/27 VUs, 9150 complete and 0 interrupted iterations
warm_cache   [  85% ] 00/27 VUs  5m23.9s/6m20s  40.00 iters/s

running (5m29.0s), 00/27 VUs, 9190 complete and 0 interrupted iterations
warm_cache   [  86% ] 00/27 VUs  5m24.9s/6m20s  40.00 iters/s

running (5m30.0s), 00/27 VUs, 9230 complete and 0 interrupted iterations
warm_cache   [  86% ] 00/27 VUs  5m25.9s/6m20s  40.00 iters/s

running (5m31.0s), 01/27 VUs, 9269 complete and 0 interrupted iterations
warm_cache   [  86% ] 01/27 VUs  5m26.9s/6m20s  40.00 iters/s

running (5m32.0s), 00/27 VUs, 9310 complete and 0 interrupted iterations
warm_cache   [  86% ] 00/27 VUs  5m27.9s/6m20s  40.00 iters/s

running (5m33.0s), 00/27 VUs, 9350 complete and 0 interrupted iterations
warm_cache   [  87% ] 00/27 VUs  5m28.9s/6m20s  40.00 iters/s

running (5m34.0s), 01/27 VUs, 9389 complete and 0 interrupted iterations
warm_cache   [  87% ] 01/27 VUs  5m29.9s/6m20s  40.00 iters/s

running (5m35.0s), 01/27 VUs, 9429 complete and 0 interrupted iterations
warm_cache   [  87% ] 01/27 VUs  5m30.9s/6m20s  40.00 iters/s

running (5m36.0s), 00/27 VUs, 9470 complete and 0 interrupted iterations
warm_cache   [  87% ] 00/27 VUs  5m31.9s/6m20s  40.00 iters/s

running (5m37.0s), 00/27 VUs, 9510 complete and 0 interrupted iterations
warm_cache   [  88% ] 00/27 VUs  5m32.9s/6m20s  40.00 iters/s

running (5m38.0s), 00/27 VUs, 9550 complete and 0 interrupted iterations
warm_cache   [  88% ] 00/27 VUs  5m33.9s/6m20s  40.00 iters/s

running (5m39.0s), 01/27 VUs, 9589 complete and 0 interrupted iterations
warm_cache   [  88% ] 01/27 VUs  5m34.9s/6m20s  40.00 iters/s

running (5m40.0s), 00/27 VUs, 9630 complete and 0 interrupted iterations
warm_cache   [  88% ] 00/27 VUs  5m35.9s/6m20s  40.00 iters/s

running (5m41.0s), 01/27 VUs, 9669 complete and 0 interrupted iterations
warm_cache   [  89% ] 01/27 VUs  5m36.9s/6m20s  40.00 iters/s

running (5m42.0s), 00/27 VUs, 9710 complete and 0 interrupted iterations
warm_cache   [  89% ] 00/27 VUs  5m37.9s/6m20s  40.00 iters/s

running (5m43.0s), 00/27 VUs, 9750 complete and 0 interrupted iterations
warm_cache   [  89% ] 00/27 VUs  5m38.9s/6m20s  40.00 iters/s

running (5m44.0s), 00/27 VUs, 9790 complete and 0 interrupted iterations
warm_cache   [  89% ] 00/27 VUs  5m39.9s/6m20s  40.00 iters/s

running (5m45.0s), 01/27 VUs, 9829 complete and 0 interrupted iterations
warm_cache   [  90% ] 01/27 VUs  5m40.9s/6m20s  40.00 iters/s

running (5m46.0s), 01/27 VUs, 9869 complete and 0 interrupted iterations
warm_cache   [  90% ] 01/27 VUs  5m41.9s/6m20s  40.00 iters/s

running (5m47.0s), 01/27 VUs, 9909 complete and 0 interrupted iterations
warm_cache   [  90% ] 01/27 VUs  5m42.9s/6m20s  40.00 iters/s

running (5m48.0s), 00/27 VUs, 9950 complete and 0 interrupted iterations
warm_cache   [  91% ] 00/27 VUs  5m43.9s/6m20s  40.00 iters/s

running (5m49.0s), 01/27 VUs, 9989 complete and 0 interrupted iterations
warm_cache   [  91% ] 01/27 VUs  5m44.9s/6m20s  40.00 iters/s

running (5m50.0s), 00/27 VUs, 10030 complete and 0 interrupted iterations
warm_cache   [  91% ] 00/27 VUs  5m45.9s/6m20s  40.00 iters/s

running (5m51.0s), 01/27 VUs, 10069 complete and 0 interrupted iterations
warm_cache   [  91% ] 01/27 VUs  5m46.9s/6m20s  40.00 iters/s

running (5m52.0s), 01/27 VUs, 10109 complete and 0 interrupted iterations
warm_cache   [  92% ] 00/27 VUs  5m47.9s/6m20s  40.00 iters/s

running (5m53.0s), 01/27 VUs, 10149 complete and 0 interrupted iterations
warm_cache   [  92% ] 01/27 VUs  5m48.9s/6m20s  40.00 iters/s

running (5m54.0s), 00/27 VUs, 10190 complete and 0 interrupted iterations
warm_cache   [  92% ] 00/27 VUs  5m49.9s/6m20s  40.00 iters/s

running (5m55.0s), 00/27 VUs, 10230 complete and 0 interrupted iterations
warm_cache   [  92% ] 00/27 VUs  5m50.9s/6m20s  40.00 iters/s

running (5m56.0s), 00/27 VUs, 10270 complete and 0 interrupted iterations
warm_cache   [  93% ] 00/27 VUs  5m51.9s/6m20s  40.00 iters/s

running (5m57.0s), 00/27 VUs, 10310 complete and 0 interrupted iterations
warm_cache   [  93% ] 00/27 VUs  5m52.9s/6m20s  40.00 iters/s

running (5m58.0s), 00/27 VUs, 10350 complete and 0 interrupted iterations
warm_cache   [  93% ] 00/27 VUs  5m53.9s/6m20s  40.00 iters/s

running (5m59.0s), 01/27 VUs, 10389 complete and 0 interrupted iterations
warm_cache   [  93% ] 01/27 VUs  5m54.9s/6m20s  40.00 iters/s

running (6m00.0s), 01/27 VUs, 10429 complete and 0 interrupted iterations
warm_cache   [  94% ] 01/27 VUs  5m55.9s/6m20s  40.00 iters/s

running (6m01.0s), 00/27 VUs, 10470 complete and 0 interrupted iterations
warm_cache   [  94% ] 00/27 VUs  5m56.9s/6m20s  40.00 iters/s

running (6m02.0s), 00/27 VUs, 10510 complete and 0 interrupted iterations
warm_cache   [  94% ] 00/27 VUs  5m57.9s/6m20s  40.00 iters/s

running (6m03.0s), 01/27 VUs, 10549 complete and 0 interrupted iterations
warm_cache   [  94% ] 01/27 VUs  5m58.9s/6m20s  40.00 iters/s

running (6m04.0s), 01/27 VUs, 10589 complete and 0 interrupted iterations
warm_cache   [  95% ] 01/27 VUs  5m59.9s/6m20s  40.00 iters/s

running (6m05.0s), 00/27 VUs, 10630 complete and 0 interrupted iterations
warm_cache   [  95% ] 00/27 VUs  6m00.9s/6m20s  40.00 iters/s

running (6m06.0s), 01/27 VUs, 10669 complete and 0 interrupted iterations
warm_cache   [  95% ] 01/27 VUs  6m01.9s/6m20s  40.00 iters/s

running (6m07.0s), 00/27 VUs, 10710 complete and 0 interrupted iterations
warm_cache   [  96% ] 00/27 VUs  6m02.9s/6m20s  40.00 iters/s

running (6m08.0s), 00/27 VUs, 10750 complete and 0 interrupted iterations
warm_cache   [  96% ] 00/27 VUs  6m03.9s/6m20s  40.00 iters/s

running (6m09.0s), 00/27 VUs, 10790 complete and 0 interrupted iterations
warm_cache   [  96% ] 00/27 VUs  6m04.9s/6m20s  40.00 iters/s

running (6m10.0s), 01/27 VUs, 10829 complete and 0 interrupted iterations
warm_cache   [  96% ] 01/27 VUs  6m05.9s/6m20s  40.00 iters/s

running (6m11.0s), 00/27 VUs, 10870 complete and 0 interrupted iterations
warm_cache   [  97% ] 00/27 VUs  6m06.9s/6m20s  40.00 iters/s

running (6m12.0s), 01/27 VUs, 10909 complete and 0 interrupted iterations
warm_cache   [  97% ] 01/27 VUs  6m07.9s/6m20s  40.00 iters/s

running (6m13.0s), 01/27 VUs, 10949 complete and 0 interrupted iterations
warm_cache   [  97% ] 01/27 VUs  6m08.9s/6m20s  40.00 iters/s

running (6m14.0s), 00/27 VUs, 10990 complete and 0 interrupted iterations
warm_cache   [  97% ] 00/27 VUs  6m09.9s/6m20s  40.00 iters/s

running (6m15.0s), 01/27 VUs, 11029 complete and 0 interrupted iterations
warm_cache   [  98% ] 01/27 VUs  6m10.9s/6m20s  40.00 iters/s

running (6m16.0s), 01/27 VUs, 11069 complete and 0 interrupted iterations
warm_cache   [  98% ] 01/27 VUs  6m11.9s/6m20s  40.00 iters/s

running (6m17.0s), 00/27 VUs, 11110 complete and 0 interrupted iterations
warm_cache   [  98% ] 00/27 VUs  6m12.9s/6m20s  40.00 iters/s

running (6m18.0s), 01/27 VUs, 11149 complete and 0 interrupted iterations
warm_cache   [  98% ] 01/27 VUs  6m13.9s/6m20s  40.00 iters/s

running (6m19.0s), 00/27 VUs, 11190 complete and 0 interrupted iterations
warm_cache   [  99% ] 00/27 VUs  6m14.9s/6m20s  40.00 iters/s

running (6m20.0s), 01/27 VUs, 11229 complete and 0 interrupted iterations
warm_cache   [  99% ] 01/27 VUs  6m15.9s/6m20s  40.00 iters/s

running (6m21.0s), 00/27 VUs, 11270 complete and 0 interrupted iterations
warm_cache   [  99% ] 00/27 VUs  6m16.9s/6m20s  40.00 iters/s

running (6m22.0s), 01/27 VUs, 11309 complete and 0 interrupted iterations
warm_cache   [  99% ] 01/27 VUs  6m17.9s/6m20s  40.00 iters/s

running (6m23.0s), 01/27 VUs, 11349 complete and 0 interrupted iterations
warm_cache   [ 100% ] 01/27 VUs  6m18.9s/6m20s  40.00 iters/s

running (6m24.0s), 01/27 VUs, 11389 complete and 0 interrupted iterations
warm_cache   [ 100% ] 01/27 VUs  6m19.9s/6m20s  40.00 iters/s

running (6m25.0s), 00/27 VUs, 11392 complete and 0 interrupted iterations
warm_cache ✓ [ 100% ] 00/27 VUs  6m20s  40.00 iters/s

running (6m26.0s), 00/27 VUs, 11392 complete and 0 interrupted iterations
warm_cache ✓ [ 100% ] 00/27 VUs  6m20s  40.00 iters/s


  █ THRESHOLDS 

    checks
    ✓ 'rate==1' rate=100.00%

    dropped_iterations
    ✗ 'count==0' count=7

    http_req_duration{endpoint:redirect_warm_cache}
    ✓ 'p(95)<100' p(95)=26.55ms
    ✓ 'p(99)<250' p(99)=88.94ms

    http_req_failed
    ✓ 'rate<0.001' rate=0.00%


  █ TOTAL RESULTS 

    checks_total.......: 11492   29.753331/s
    checks_succeeded...: 100.00% 11492 out of 11492
    checks_failed......: 0.00%   0 out of 11492

    ✓ setup link create returns 201
    ✓ setup link has a valid code
    ✓ setup link has a short URL
    ✓ setup link has a secret key
    ✓ warm-cache redirect returns 302
    ✓ test link cleanup returns 200

    HTTP
    http_req_duration....................: avg=17.35ms min=6.97ms med=12.19ms max=1.18s p(90)=20.2ms  p(95)=27.34ms
      { endpoint:redirect_warm_cache }...: avg=16.87ms min=6.97ms med=12.18ms max=1.18s p(90)=20.03ms p(95)=26.55ms
      { expected_response:true }.........: avg=17.35ms min=6.97ms med=12.19ms max=1.18s p(90)=20.2ms  p(95)=27.34ms
    http_req_failed......................: 0.00%  0 out of 11432
    http_reqs............................: 11432  29.597988/s

    EXECUTION
    dropped_iterations...................: 7      0.018123/s
    iteration_duration...................: avg=17.57ms min=7.06ms med=12.25ms max=1.18s p(90)=20.31ms p(95)=27.16ms
    iterations...........................: 11392  29.494426/s
    vus..................................: 0      min=0          max=25
    vus_max..............................: 27     min=20         max=27

    NETWORK
    data_received........................: 1.1 MB 2.8 kB/s
    data_sent............................: 474 kB 1.2 kB/s




running (6m26.2s), 00/27 VUs, 11392 complete and 0 interrupted iterations
warm_cache ✓ [ 100% ] 00/27 VUs  6m20s  40.00 iters/s
time="2026-07-28T12:44:24+09:00" level=error msg="thresholds on metrics 'dropped_iterations' have been crossed"
