time="2026-07-31T16:41:39+09:00" level=info msg="test configuration: scenario=mixed-workload, baseUrl=https://jhhomehub.gonetis.com/srrrg-dev, redirectRate=1200, hitCreateRate=400, missCreateRate=150, duration=30m, rampDuration=10s, warmupRate=10, warmupDuration=30s, dataLinks=20, redirectPreAllocatedVUs=1200, redirectMaxVUs=2000, runId=1785483699817-842446" source=console
time="2026-07-31T17:10:04+09:00" level=error msg="GoError: link creation failed: endpoint=mixed_link_create_hit, status=502\n\tat go.k6.io/k6/v2/internal/js/modules/k6.(*K6).Fail-fm (native)\n\tat createLink (file:///C:/Users/qkrwl/Desktop/repo/my/srrrg/scripts/performance/mixed-workload.js:177:9(50))\n\tat linkCreateHit (file:///C:/Users/qkrwl/Desktop/repo/my/srrrg/scripts/performance/mixed-workload.js:135:13(6))\n" executor=constant-arrival-rate hint="script exception" scenario=link_create_hit source=stacktrace
time="2026-07-31T17:10:04+09:00" level=error msg="GoError: link creation failed: endpoint=mixed_link_create_hit, status=502\n\tat go.k6.io/k6/v2/internal/js/modules/k6.(*K6).Fail-fm (native)\n\tat createLink (file:///C:/Users/qkrwl/Desktop/repo/my/srrrg/scripts/performance/mixed-workload.js:177:9(50))\n\tat linkCreateHit (file:///C:/Users/qkrwl/Desktop/repo/my/srrrg/scripts/performance/mixed-workload.js:135:13(6))\n" executor=constant-arrival-rate hint="script exception" scenario=link_create_hit source=stacktrace


  █ THRESHOLDS 

    checks
    ✓ 'rate>=0.9999' rate=99.99%

    dropped_iterations
    ✗ 'count==0' count=320

    http_req_duration{endpoint:mixed_link_create_hit}
    ✓ 'p(95)<300' p(95)=26.1ms
    ✓ 'p(99)<500' p(99)=196.77ms

    http_req_duration{endpoint:mixed_link_create_miss}
    ✓ 'p(95)<300' p(95)=129.07ms
    ✓ 'p(99)<500' p(99)=360.96ms

    http_req_duration{endpoint:mixed_redirect}
    ✓ 'p(95)<100' p(95)=27.18ms
    ✓ 'p(99)<250' p(99)=234.42ms

    http_req_failed
    ✓ 'rate<=0.0001' rate=0.00%


  █ TOTAL RESULTS 

    checks_total.......: 5135457 2786.35308/s
    checks_succeeded...: 99.99%  5135455 out of 5135457
    checks_failed......: 0.00%   2 out of 5135457

    ✓ mixed_setup_redirect_link returns 201
    ✓ mixed_setup_redirect_link has a valid code
    ✓ mixed_setup_redirect_link has a secret key
    ✓ mixed_setup_hit_seed returns 201
    ✓ mixed_setup_hit_seed has a valid code
    ✓ mixed_setup_hit_seed has a secret key
    ✓ mixed_redirect_warmup returns 302
    ✓ mixed_redirect returns 302
    ✗ mixed_link_create_hit returns 201
      ↳  99% — ✓ 719731 / ✗ 2
    ✓ mixed_link_create_hit has a valid code
    ✓ mixed_link_create_hit has a secret key
    ✓ mixed_link_create_miss returns 201
    ✓ mixed_link_create_miss has a valid code
    ✓ mixed_link_create_miss has a secret key
    ✓ mixed setup link cleanup returns 200

    CUSTOM
    mixed_redirect_client_blocked...........: avg=20.22µs  min=0s       med=0s       max=83.04ms  p(90)=0s       p(95)=0s      
    mixed_redirect_client_connecting........: avg=6.7µs    min=0s       med=0s       max=49.92ms  p(90)=0s       p(95)=0s      
    mixed_redirect_client_receiving.........: avg=56.9µs   min=0s       med=0s       max=698.13ms p(90)=0s       p(95)=526.9µs 
    mixed_redirect_client_sending...........: avg=22.74µs  min=0s       med=0s       max=291.46ms p(90)=0s       p(95)=0s      
    mixed_redirect_client_tls_handshaking...: avg=13.43µs  min=0s       med=0s       max=68.18ms  p(90)=0s       p(95)=0s      
    mixed_redirect_client_waiting...........: avg=17.96ms  min=0s       med=10.13ms  max=1.97s    p(90)=16.92ms  p(95)=26.96ms 

    HTTP
    http_req_duration.......................: avg=26.57ms  min=3.63ms   med=10.47ms  max=1.97s    p(90)=101.24ms p(95)=111.51ms
      { endpoint:mixed_link_create_hit }....: avg=17.34ms  min=3.72ms   med=10.05ms  max=1.49s    p(90)=16.8ms   p(95)=26.1ms  
      { endpoint:mixed_link_create_miss }...: avg=119.66ms min=104.99ms med=111.01ms max=1.72s    p(90)=118.09ms p(95)=129.07ms
      { endpoint:mixed_redirect }...........: avg=18.04ms  min=3.63ms   med=10.19ms  max=1.97s    p(90)=17.03ms  p(95)=27.18ms 
      { expected_response:true }............: avg=26.57ms  min=3.63ms   med=10.47ms  max=1.97s    p(90)=101.24ms p(95)=111.51ms
    http_req_failed.........................: 0.00%   2 out of 3156055
    http_reqs...............................: 3156055 1712.385786/s

    EXECUTION
    dropped_iterations......................: 320     0.173623/s
    iteration_duration......................: avg=26.72ms  min=3.63ms   med=10.58ms  max=1.97s    p(90)=102.5ms  p(95)=111.65ms
    iterations..............................: 3156014 1712.363541/s
    vus.....................................: 0       min=0            max=1154
    vus_max.................................: 1574    min=1420         max=1574

    NETWORK
    data_received...........................: 445 MB  241 kB/s
    data_sent...............................: 257 MB  139 kB/s



time="2026-07-31T17:12:24+09:00" level=error msg="thresholds on metrics 'dropped_iterations' have been crossed"
