time="2026-07-30T13:06:46+09:00" level=info msg="test configuration: scenario=mixed-workload, baseUrl=https://jhhomehub.gonetis.com/srrrg-dev, redirectRate=500, hitCreateRate=4, missCreateRate=1, duration=2m, rampDuration=10s, warmupRate=10, warmupDuration=30s, dataLinks=20, redirectPreAllocatedVUs=500, redirectMaxVUs=1000, runId=1785384406168-990620" source=console


  █ THRESHOLDS 

    checks
    ✓ 'rate>=0.9999' rate=100.00%

    dropped_iterations
    ✓ 'count==0' count=0

    http_req_duration{endpoint:mixed_link_create_hit}
    ✓ 'p(95)<300' p(95)=17.08ms
    ✓ 'p(99)<500' p(99)=37.02ms

    http_req_duration{endpoint:mixed_link_create_miss}
    ✓ 'p(95)<300' p(95)=117.25ms
    ✓ 'p(99)<500' p(99)=131.36ms

    http_req_duration{endpoint:mixed_redirect}
    ✓ 'p(95)<100' p(95)=16.44ms
    ✓ 'p(99)<250' p(99)=40.58ms

    http_req_failed
    ✓ 'rate<=0.0001' rate=0.00%


  █ TOTAL RESULTS 

    checks_total.......: 64734   397.070244/s
    checks_succeeded...: 100.00% 64734 out of 64734
    checks_failed......: 0.00%   0 out of 64734

    ✓ mixed_setup_redirect_link returns 201
    ✓ mixed_setup_redirect_link has a valid code
    ✓ mixed_setup_redirect_link has a secret key
    ✓ mixed_setup_hit_seed returns 201
    ✓ mixed_setup_hit_seed has a valid code
    ✓ mixed_setup_hit_seed has a secret key
    ✓ mixed_redirect_warmup returns 302
    ✓ mixed_redirect returns 302
    ✓ mixed_link_create_hit returns 201
    ✓ mixed_link_create_hit has a valid code
    ✓ mixed_link_create_hit has a secret key
    ✓ mixed_link_create_miss returns 201
    ✓ mixed_link_create_miss has a valid code
    ✓ mixed_link_create_miss has a secret key
    ✓ mixed setup link cleanup returns 200

    CUSTOM
    mixed_redirect_client_blocked...........: avg=260.19µs min=0s       med=0s       max=90.1ms   p(90)=0s       p(95)=0s      
    mixed_redirect_client_connecting........: avg=82.04µs  min=0s       med=0s       max=61.67ms  p(90)=0s       p(95)=0s      
    mixed_redirect_client_receiving.........: avg=81.82µs  min=0s       med=0s       max=7.46ms   p(90)=418.97µs p(95)=590.28µs
    mixed_redirect_client_sending...........: avg=147.69µs min=0s       med=0s       max=1.61ms   p(90)=522µs    p(95)=572.4µs 
    mixed_redirect_client_tls_handshaking...: avg=176.45µs min=0s       med=0s       max=71.01ms  p(90)=0s       p(95)=0s      
    mixed_redirect_client_waiting...........: avg=9.59ms   min=3.99ms   med=8.03ms   max=531.92ms p(90)=12.37ms  p(95)=16.22ms 

    HTTP
    http_req_duration.......................: avg=10.09ms  min=4.01ms   med=8.27ms   max=532.44ms p(90)=12.68ms  p(95)=16.83ms 
      { endpoint:mixed_link_create_hit }....: avg=10.23ms  min=5.12ms   med=8.89ms   max=59.12ms  p(90)=12.92ms  p(95)=17.08ms 
      { endpoint:mixed_link_create_miss }...: avg=111.33ms min=107.54ms med=109.89ms max=133.42ms p(90)=115.48ms p(95)=117.25ms
      { endpoint:mixed_redirect }...........: avg=9.82ms   min=4.01ms   med=8.25ms   max=532.44ms p(90)=12.58ms  p(95)=16.44ms 
      { expected_response:true }............: avg=10.09ms  min=4.01ms   med=8.27ms   max=532.44ms p(90)=12.68ms  p(95)=16.83ms 
    http_req_failed.........................: 0.00%  0 out of 63488
    http_reqs...............................: 63488  389.427436/s

    EXECUTION
    dropped_iterations......................: 0      0/s
    iteration_duration......................: avg=10.48ms  min=4.01ms   med=8.38ms   max=532.44ms p(90)=12.99ms  p(95)=18.87ms 
    iterations..............................: 63447  389.175947/s
    vus.....................................: 0      min=0          max=15 
    vus_max.................................: 560    min=560        max=560

    NETWORK
    data_received...........................: 8.1 MB 50 kB/s
    data_sent...............................: 3.5 MB 21 kB/s



