time="2026-07-30T11:14:45+09:00" level=info msg="test configuration: scenario=smoke, baseUrl=https://jhhomehub.gonetis.com/srrrg-dev, redirectRequests=20" source=console
time="2026-07-30T11:14:45+09:00" level=warning msg="Request Failed" error="Post \"https://jhhomehub.gonetis.com/srrrg-dev/api/links\": dial tcp 124.61.77.187:443: connectex: An attempt was made to access a socket in a way forbidden by its access permissions."


  █ THRESHOLDS 

    checks
time="2026-07-30T11:14:45+09:00" level=error msg="GoError: link creation failed: status=0, body=null\n\tat go.k6.io/k6/v2/internal/js/modules/k6.(*K6).Fail-fm (native)\n\tat setup (file:///C:/Users/qkrwl/Desktop/repo/my/srrrg/scripts/performance/smoke.js:47:9(93))\n" hint="script exception" source=stacktrace
    ✗ 'rate==1' rate=0.00%

    http_req_failed
    ✗ 'rate==0' rate=100.00%


  █ TOTAL RESULTS 

    checks_total.......: 1       3.033238/s
    checks_succeeded...: 0.00%   0 out of 1
    checks_failed......: 100.00% 1 out of 1

    ✗ link create returns 201
      ↳  0% — ✓ 0 / ✗ 1

    HTTP
    http_req_duration...: avg=0s min=0s med=0s max=0s p(90)=0s p(95)=0s
    http_req_failed.....: 100.00% 1 out of 1
    http_reqs...........: 1       3.033238/s

    NETWORK
    data_received.......: 0 B     0 B/s
    data_sent...........: 0 B     0 B/s



