
         /\      Grafana   /‾‾/  
    /\  /  \     |\  __   /  /   
   /  \/    \    | |/ /  /   ‾‾\ 
  /          \   |   (  |  (‾)  |
 / __________ \  |_|\_\  \_____/ 


     execution: local
        script: C:\Users\qkrwl\Desktop\repo\my\srrrg\scripts\performance\warm-cache.js
        output: -

     scenarios: (100.00%) 2 scenarios, 1240 max VUs, 7m10s max duration (incl. graceful stop):
              * warmup: 10.00 iterations/s for 30s (maxVUs: 20-40, exec: warmup, gracefulStop: 5s)
              * warm_cache: Up to 300.00 iterations/s for 6m30s over 6 stages (maxVUs: 600-1200, exec: warmCache, startTime: 30s, gracefulStop: 10s)

time="2026-07-29T10:51:28+09:00" level=info msg="test configuration: scenario=warm-cache, baseUrl=https://jhhomehub.gonetis.com/srrrg-dev, rates=200,250,300, stageDuration=2m, rampDuration=10s, dataLinks=20, warmupRate=10, warmupDuration=30s, preAllocatedVUs=600, maxVUs=1200" source=console

Run          [ 100% ] setup()
warmup       [   0% ]
warm_cache   [   0% ]
time="2026-07-29T10:51:29+09:00" level=info msg="test link created: code=aYOIbI, shortUrl=https://jhhomehub.gonetis.com/srrrg-dev/aYOIbI" source=console
time="2026-07-29T10:51:29+09:00" level=info msg="test link created: code=ruOUjp, shortUrl=https://jhhomehub.gonetis.com/srrrg-dev/ruOUjp" source=console
time="2026-07-29T10:51:29+09:00" level=info msg="test link created: code=kLt4vl, shortUrl=https://jhhomehub.gonetis.com/srrrg-dev/kLt4vl" source=console

Run          [ 100% ] setup()
warmup       [   0% ]
warm_cache   [   0% ]
time="2026-07-29T10:51:30+09:00" level=info msg="test link created: code=VThXMK, shortUrl=https://jhhomehub.gonetis.com/srrrg-dev/VThXMK" source=console
time="2026-07-29T10:51:30+09:00" level=info msg="test link created: code=iKOxEV, shortUrl=https://jhhomehub.gonetis.com/srrrg-dev/iKOxEV" source=console
time="2026-07-29T10:51:30+09:00" level=info msg="test link created: code=zZjQkf, shortUrl=https://jhhomehub.gonetis.com/srrrg-dev/zZjQkf" source=console
time="2026-07-29T10:51:30+09:00" level=info msg="test link created: code=ktbmnY, shortUrl=https://jhhomehub.gonetis.com/srrrg-dev/ktbmnY" source=console
time="2026-07-29T10:51:30+09:00" level=info msg="test link created: code=gaKZS2, shortUrl=https://jhhomehub.gonetis.com/srrrg-dev/gaKZS2" source=console

Run          [ 100% ] setup()
warmup       [   0% ]
warm_cache   [   0% ]
time="2026-07-29T10:51:31+09:00" level=info msg="test link created: code=GmRMXg, shortUrl=https://jhhomehub.gonetis.com/srrrg-dev/GmRMXg" source=console
time="2026-07-29T10:51:31+09:00" level=info msg="test link created: code=m6gSOy, shortUrl=https://jhhomehub.gonetis.com/srrrg-dev/m6gSOy" source=console
time="2026-07-29T10:51:31+09:00" level=info msg="test link created: code=N54yaZ, shortUrl=https://jhhomehub.gonetis.com/srrrg-dev/N54yaZ" source=console
time="2026-07-29T10:51:31+09:00" level=info msg="test link created: code=ZAU7Jj, shortUrl=https://jhhomehub.gonetis.com/srrrg-dev/ZAU7Jj" source=console
time="2026-07-29T10:51:31+09:00" level=info msg="test link created: code=Xmygd3, shortUrl=https://jhhomehub.gonetis.com/srrrg-dev/Xmygd3" source=console

Run          [ 100% ] setup()
warmup       [   0% ]
warm_cache   [   0% ]
time="2026-07-29T10:51:32+09:00" level=info msg="test link created: code=CAbqrd, shortUrl=https://jhhomehub.gonetis.com/srrrg-dev/CAbqrd" source=console
time="2026-07-29T10:51:32+09:00" level=info msg="test link created: code=ttDhc0, shortUrl=https://jhhomehub.gonetis.com/srrrg-dev/ttDhc0" source=console
time="2026-07-29T10:51:32+09:00" level=info msg="test link created: code=i7SglI, shortUrl=https://jhhomehub.gonetis.com/srrrg-dev/i7SglI" source=console
time="2026-07-29T10:51:32+09:00" level=info msg="test link created: code=en2N1b, shortUrl=https://jhhomehub.gonetis.com/srrrg-dev/en2N1b" source=console
time="2026-07-29T10:51:32+09:00" level=info msg="test link created: code=abb1zu, shortUrl=https://jhhomehub.gonetis.com/srrrg-dev/abb1zu" source=console

Run          [ 100% ] setup()
warmup       [   0% ]
warm_cache   [   0% ]
time="2026-07-29T10:51:33+09:00" level=info msg="test link created: code=d3pz7I, shortUrl=https://jhhomehub.gonetis.com/srrrg-dev/d3pz7I" source=console
time="2026-07-29T10:51:33+09:00" level=info msg="test link created: code=Iex5cg, shortUrl=https://jhhomehub.gonetis.com/srrrg-dev/Iex5cg" source=console

running (0m05.8s), 0001/0620 VUs, 6 complete and 0 interrupted iterations
warmup       [   2% ] 01/20 VUs  00.6s/30s  10.00 iters/s
warm_cache • [   0% ] waiting    29.4s     

running (0m06.8s), 0001/0620 VUs, 16 complete and 0 interrupted iterations
warmup       [   5% ] 01/20 VUs  01.6s/30s  10.00 iters/s
warm_cache • [   0% ] waiting    28.4s     

running (0m07.8s), 0000/0620 VUs, 27 complete and 0 interrupted iterations
warmup       [   9% ] 00/20 VUs  02.6s/30s  10.00 iters/s
warm_cache • [   0% ] waiting    27.4s     

running (0m08.8s), 0000/0620 VUs, 37 complete and 0 interrupted iterations
warmup       [  12% ] 00/20 VUs  03.6s/30s  10.00 iters/s
warm_cache • [   0% ] waiting    26.4s     

running (0m09.8s), 0000/0620 VUs, 47 complete and 0 interrupted iterations
warmup       [  15% ] 00/20 VUs  04.6s/30s  10.00 iters/s
warm_cache • [   0% ] waiting    25.4s     

running (0m10.8s), 0000/0620 VUs, 57 complete and 0 interrupted iterations
warmup       [  19% ] 00/20 VUs  05.6s/30s  10.00 iters/s
warm_cache • [   0% ] waiting    24.4s     

running (0m11.8s), 0000/0620 VUs, 67 complete and 0 interrupted iterations
warmup       [  22% ] 00/20 VUs  06.6s/30s  10.00 iters/s
warm_cache • [   0% ] waiting    23.4s     

running (0m12.8s), 0000/0620 VUs, 77 complete and 0 interrupted iterations
warmup       [  25% ] 00/20 VUs  07.6s/30s  10.00 iters/s
warm_cache • [   0% ] waiting    22.4s     

running (0m13.8s), 0000/0620 VUs, 87 complete and 0 interrupted iterations
warmup       [  29% ] 00/20 VUs  08.6s/30s  10.00 iters/s
warm_cache • [   0% ] waiting    21.4s     

running (0m14.8s), 0000/0620 VUs, 97 complete and 0 interrupted iterations
warmup       [  32% ] 00/20 VUs  09.6s/30s  10.00 iters/s
warm_cache • [   0% ] waiting    20.4s     

running (0m15.8s), 0000/0620 VUs, 107 complete and 0 interrupted iterations
warmup       [  35% ] 00/20 VUs  10.6s/30s  10.00 iters/s
warm_cache • [   0% ] waiting    19.4s     

running (0m16.8s), 0000/0620 VUs, 117 complete and 0 interrupted iterations
warmup       [  39% ] 00/20 VUs  11.6s/30s  10.00 iters/s
warm_cache • [   0% ] waiting    18.4s     

running (0m17.8s), 0000/0620 VUs, 127 complete and 0 interrupted iterations
warmup       [  42% ] 00/20 VUs  12.6s/30s  10.00 iters/s
warm_cache • [   0% ] waiting    17.4s     

running (0m18.8s), 0000/0620 VUs, 137 complete and 0 interrupted iterations
warmup       [  45% ] 00/20 VUs  13.6s/30s  10.00 iters/s
warm_cache • [   0% ] waiting    16.4s     

running (0m19.8s), 0000/0620 VUs, 147 complete and 0 interrupted iterations
warmup       [  49% ] 00/20 VUs  14.6s/30s  10.00 iters/s
warm_cache • [   0% ] waiting    15.4s     

running (0m20.8s), 0000/0620 VUs, 157 complete and 0 interrupted iterations
warmup       [  52% ] 00/20 VUs  15.6s/30s  10.00 iters/s
warm_cache • [   0% ] waiting    14.4s     

running (0m21.8s), 0000/0620 VUs, 167 complete and 0 interrupted iterations
warmup       [  55% ] 00/20 VUs  16.6s/30s  10.00 iters/s
warm_cache • [   0% ] waiting    13.4s     

running (0m22.8s), 0000/0620 VUs, 177 complete and 0 interrupted iterations
warmup       [  59% ] 00/20 VUs  17.6s/30s  10.00 iters/s
warm_cache • [   0% ] waiting    12.4s     

running (0m23.8s), 0000/0620 VUs, 187 complete and 0 interrupted iterations
warmup       [  62% ] 00/20 VUs  18.6s/30s  10.00 iters/s
warm_cache • [   0% ] waiting    11.4s     

running (0m24.8s), 0000/0620 VUs, 197 complete and 0 interrupted iterations
warmup       [  65% ] 00/20 VUs  19.6s/30s  10.00 iters/s
warm_cache • [   0% ] waiting    10.4s     

running (0m25.8s), 0000/0620 VUs, 207 complete and 0 interrupted iterations
warmup       [  69% ] 00/20 VUs  20.6s/30s  10.00 iters/s
warm_cache • [   0% ] waiting    09.4s     

running (0m26.8s), 0000/0620 VUs, 217 complete and 0 interrupted iterations
warmup       [  72% ] 00/20 VUs  21.6s/30s  10.00 iters/s
warm_cache • [   0% ] waiting    08.4s     

running (0m27.8s), 0000/0620 VUs, 227 complete and 0 interrupted iterations
warmup       [  75% ] 00/20 VUs  22.6s/30s  10.00 iters/s
warm_cache • [   0% ] waiting    07.4s     

running (0m28.8s), 0000/0620 VUs, 237 complete and 0 interrupted iterations
warmup       [  79% ] 00/20 VUs  23.6s/30s  10.00 iters/s
warm_cache • [   0% ] waiting    06.4s     

running (0m29.8s), 0000/0620 VUs, 247 complete and 0 interrupted iterations
warmup       [  82% ] 00/20 VUs  24.6s/30s  10.00 iters/s
warm_cache • [   0% ] waiting    05.4s     

running (0m30.8s), 0000/0620 VUs, 257 complete and 0 interrupted iterations
warmup       [  85% ] 00/20 VUs  25.6s/30s  10.00 iters/s
warm_cache • [   0% ] waiting    04.4s     

running (0m31.8s), 0000/0620 VUs, 267 complete and 0 interrupted iterations
warmup       [  89% ] 00/20 VUs  26.6s/30s  10.00 iters/s
warm_cache • [   0% ] waiting    03.4s     

running (0m32.8s), 0000/0620 VUs, 277 complete and 0 interrupted iterations
warmup       [  92% ] 00/20 VUs  27.6s/30s  10.00 iters/s
warm_cache • [   0% ] waiting    02.4s     

running (0m33.8s), 0000/0620 VUs, 287 complete and 0 interrupted iterations
warmup       [  95% ] 00/20 VUs  28.6s/30s  10.00 iters/s
warm_cache • [   0% ] waiting    01.4s     

running (0m34.8s), 0000/0620 VUs, 297 complete and 0 interrupted iterations
warmup       [  99% ] 00/20 VUs  29.6s/30s  10.00 iters/s
warm_cache • [   0% ] waiting    00.4s     

running (0m35.8s), 0001/0620 VUs, 310 complete and 0 interrupted iterations
warmup     ✓ [ 100% ] 00/20 VUs      30s            10.00 iters/s
warm_cache   [   0% ] 0001/0600 VUs  0m00.6s/6m30s  022.33 iters/s

running (0m36.8s), 0002/0620 VUs, 340 complete and 0 interrupted iterations
warmup     ✓ [ 100% ] 00/20 VUs      30s            10.00 iters/s
warm_cache   [   0% ] 0002/0600 VUs  0m01.6s/6m30s  040.95 iters/s

running (0m37.8s), 0003/0620 VUs, 390 complete and 0 interrupted iterations
warmup     ✓ [ 100% ] 00/20 VUs      30s            10.00 iters/s
warm_cache   [   1% ] 0003/0600 VUs  0m02.6s/6m30s  060.12 iters/s

running (0m38.8s), 0003/0620 VUs, 459 complete and 0 interrupted iterations
warmup     ✓ [ 100% ] 00/20 VUs      30s            10.00 iters/s
warm_cache   [   1% ] 0003/0600 VUs  0m03.6s/6m30s  078.97 iters/s

running (0m39.8s), 0018/0620 VUs, 533 complete and 0 interrupted iterations
warmup     ✓ [ 100% ] 00/20 VUs      30s            10.00 iters/s
warm_cache   [   1% ] 0018/0600 VUs  0m04.6s/6m30s  098.08 iters/s

running (0m40.8s), 0032/0620 VUs, 627 complete and 0 interrupted iterations
warmup     ✓ [ 100% ] 00/20 VUs      30s            10.00 iters/s
warm_cache   [   1% ] 0032/0600 VUs  0m05.6s/6m30s  117.15 iters/s

running (0m41.8s), 0070/0620 VUs, 715 complete and 0 interrupted iterations
warmup     ✓ [ 100% ] 00/20 VUs      30s            10.00 iters/s
warm_cache   [   2% ] 0070/0600 VUs  0m06.6s/6m30s  136.06 iters/s

running (0m42.8s), 0120/0620 VUs, 811 complete and 0 interrupted iterations
warmup     ✓ [ 100% ] 00/20 VUs      30s            10.00 iters/s
warm_cache   [   2% ] 0120/0600 VUs  0m07.6s/6m30s  155.11 iters/s

running (0m43.8s), 0220/0620 VUs, 876 complete and 0 interrupted iterations
warmup     ✓ [ 100% ] 00/20 VUs      30s            10.00 iters/s
warm_cache   [   2% ] 0220/0600 VUs  0m08.6s/6m30s  174.15 iters/s

running (0m44.8s), 0324/0620 VUs, 955 complete and 0 interrupted iterations
warmup     ✓ [ 100% ] 00/20 VUs      30s            10.00 iters/s
warm_cache   [   2% ] 0324/0600 VUs  0m09.6s/6m30s  193.09 iters/s

running (0m45.8s), 0436/0620 VUs, 1042 complete and 0 interrupted iterations
warmup     ✓ [ 100% ] 00/20 VUs      30s            10.00 iters/s
warm_cache   [   3% ] 0436/0600 VUs  0m10.6s/6m30s  200.00 iters/s

running (0m46.8s), 0526/0620 VUs, 1152 complete and 0 interrupted iterations
warmup     ✓ [ 100% ] 00/20 VUs      30s            10.00 iters/s
warm_cache   [   3% ] 0526/0600 VUs  0m11.6s/6m30s  200.00 iters/s

running (0m47.8s), 0607/0629 VUs, 1262 complete and 0 interrupted iterations
warmup     ✓ [ 100% ] 00/20 VUs      30s            10.00 iters/s
warm_cache   [   3% ] 0607/0609 VUs  0m12.6s/6m30s  200.00 iters/s

running (0m48.8s), 0645/0667 VUs, 1386 complete and 0 interrupted iterations
warmup     ✓ [ 100% ] 00/20 VUs      30s            10.00 iters/s
warm_cache   [   3% ] 0645/0647 VUs  0m13.6s/6m30s  200.00 iters/s

running (0m49.8s), 0688/0709 VUs, 1501 complete and 0 interrupted iterations
warmup     ✓ [ 100% ] 00/20 VUs      30s            10.00 iters/s
warm_cache   [   4% ] 0688/0689 VUs  0m14.6s/6m30s  200.00 iters/s

running (0m50.8s), 0725/0746 VUs, 1627 complete and 0 interrupted iterations
warmup     ✓ [ 100% ] 00/20 VUs      30s            10.00 iters/s
warm_cache   [   4% ] 0725/0726 VUs  0m15.6s/6m30s  200.00 iters/s

running (0m51.8s), 0763/0784 VUs, 1750 complete and 0 interrupted iterations
warmup     ✓ [ 100% ] 00/20 VUs      30s            10.00 iters/s
warm_cache   [   4% ] 0763/0764 VUs  0m16.6s/6m30s  200.00 iters/s

running (0m52.8s), 0804/0825 VUs, 1868 complete and 0 interrupted iterations
warmup     ✓ [ 100% ] 00/20 VUs      30s            10.00 iters/s
warm_cache   [   5% ] 0804/0805 VUs  0m17.6s/6m30s  200.00 iters/s

running (0m53.8s), 0836/0863 VUs, 1998 complete and 0 interrupted iterations
warmup     ✓ [ 100% ] 00/20 VUs      30s            10.00 iters/s
warm_cache   [   5% ] 0836/0843 VUs  0m18.6s/6m30s  200.00 iters/s

running (0m54.8s), 0867/0894 VUs, 2136 complete and 0 interrupted iterations
warmup     ✓ [ 100% ] 00/20 VUs      30s            10.00 iters/s
warm_cache   [   5% ] 0867/0874 VUs  0m19.6s/6m30s  200.00 iters/s

running (0m55.8s), 0910/0932 VUs, 2254 complete and 0 interrupted iterations
warmup     ✓ [ 100% ] 00/20 VUs      30s            10.00 iters/s
warm_cache   [   5% ] 0910/0912 VUs  0m20.6s/6m30s  200.00 iters/s

running (0m56.8s), 0943/0970 VUs, 2383 complete and 0 interrupted iterations
warmup     ✓ [ 100% ] 00/20 VUs      30s            10.00 iters/s
warm_cache   [   6% ] 0943/0950 VUs  0m21.6s/6m30s  200.00 iters/s

running (0m57.8s), 0982/1005 VUs, 2509 complete and 0 interrupted iterations
warmup     ✓ [ 100% ] 00/20 VUs      30s            10.00 iters/s
warm_cache   [   6% ] 0982/0985 VUs  0m22.6s/6m30s  200.00 iters/s

running (0m58.8s), 1024/1044 VUs, 2628 complete and 0 interrupted iterations
warmup     ✓ [ 100% ] 00/20 VUs      30s            10.00 iters/s
warm_cache   [   6% ] 1024/1024 VUs  0m23.6s/6m30s  200.00 iters/s

running (0m59.8s), 1056/1080 VUs, 2760 complete and 0 interrupted iterations
warmup     ✓ [ 100% ] 00/20 VUs      30s            10.00 iters/s
warm_cache   [   6% ] 1056/1060 VUs  0m24.6s/6m30s  200.00 iters/s

running (1m00.8s), 1094/1115 VUs, 2886 complete and 0 interrupted iterations
warmup     ✓ [ 100% ] 00/20 VUs      30s            10.00 iters/s
warm_cache   [   7% ] 1094/1095 VUs  0m25.6s/6m30s  200.00 iters/s

running (1m01.8s), 1126/1146 VUs, 3023 complete and 0 interrupted iterations
warmup     ✓ [ 100% ] 00/20 VUs      30s            10.00 iters/s
warm_cache   [   7% ] 1126/1126 VUs  0m26.6s/6m30s  200.00 iters/s

running (1m02.8s), 1163/1183 VUs, 3149 complete and 0 interrupted iterations
warmup     ✓ [ 100% ] 00/20 VUs      30s            10.00 iters/s
warm_cache   [   7% ] 1163/1163 VUs  0m27.6s/6m30s  200.00 iters/s

running (1m03.8s), 1194/1214 VUs, 3287 complete and 0 interrupted iterations
warmup     ✓ [ 100% ] 00/20 VUs      30s            10.00 iters/s
warm_cache   [   7% ] 1194/1194 VUs  0m28.6s/6m30s  200.00 iters/s
time="2026-07-29T10:52:32+09:00" level=warning msg="Insufficient VUs, reached 1200 active VUs and cannot initialize more" executor=ramping-arrival-rate scenario=warm_cache

running (1m04.8s), 1199/1220 VUs, 3417 complete and 0 interrupted iterations
warmup     ✓ [ 100% ] 00/20 VUs      30s            10.00 iters/s
warm_cache   [   8% ] 1199/1200 VUs  0m29.6s/6m30s  200.00 iters/s

running (1m05.8s), 1200/1220 VUs, 3559 complete and 0 interrupted iterations
warmup     ✓ [ 100% ] 00/20 VUs      30s            10.00 iters/s
warm_cache   [   8% ] 1200/1200 VUs  0m30.6s/6m30s  200.00 iters/s

running (1m06.8s), 1198/1220 VUs, 3693 complete and 0 interrupted iterations
warmup     ✓ [ 100% ] 00/20 VUs      30s            10.00 iters/s
warm_cache   [   8% ] 1198/1200 VUs  0m31.6s/6m30s  200.00 iters/s

running (1m07.8s), 1196/1220 VUs, 3826 complete and 0 interrupted iterations
warmup     ✓ [ 100% ] 00/20 VUs      30s            10.00 iters/s
warm_cache   [   8% ] 1196/1200 VUs  0m32.6s/6m30s  200.00 iters/s

running (1m08.8s), 1195/1220 VUs, 3962 complete and 0 interrupted iterations
warmup     ✓ [ 100% ] 00/20 VUs      30s            10.00 iters/s
warm_cache   [   9% ] 1195/1200 VUs  0m33.6s/6m30s  200.00 iters/s

running (1m09.8s), 1195/1220 VUs, 4111 complete and 0 interrupted iterations
warmup     ✓ [ 100% ] 00/20 VUs      30s            10.00 iters/s
warm_cache   [   9% ] 1195/1200 VUs  0m34.6s/6m30s  200.00 iters/s

running (1m10.8s), 1200/1220 VUs, 4236 complete and 0 interrupted iterations
warmup     ✓ [ 100% ] 00/20 VUs      30s            10.00 iters/s
warm_cache   [   9% ] 1200/1200 VUs  0m35.6s/6m30s  200.00 iters/s

running (1m11.8s), 1200/1220 VUs, 4370 complete and 0 interrupted iterations
warmup     ✓ [ 100% ] 00/20 VUs      30s            10.00 iters/s
warm_cache   [   9% ] 1200/1200 VUs  0m36.6s/6m30s  200.00 iters/s

running (1m12.8s), 1200/1220 VUs, 4512 complete and 0 interrupted iterations
warmup     ✓ [ 100% ] 00/20 VUs      30s            10.00 iters/s
warm_cache   [  10% ] 1200/1200 VUs  0m37.6s/6m30s  200.00 iters/s

running (1m13.8s), 1199/1220 VUs, 4652 complete and 0 interrupted iterations
warmup     ✓ [ 100% ] 00/20 VUs      30s            10.00 iters/s
warm_cache   [  10% ] 1199/1200 VUs  0m38.6s/6m30s  200.00 iters/s

running (1m14.8s), 1198/1220 VUs, 4787 complete and 0 interrupted iterations
warmup     ✓ [ 100% ] 00/20 VUs      30s            10.00 iters/s
warm_cache   [  10% ] 1198/1200 VUs  0m39.6s/6m30s  200.00 iters/s

running (1m15.8s), 1198/1220 VUs, 4922 complete and 0 interrupted iterations
warmup     ✓ [ 100% ] 00/20 VUs      30s            10.00 iters/s
warm_cache   [  10% ] 1198/1200 VUs  0m40.6s/6m30s  200.00 iters/s

running (1m16.8s), 1198/1220 VUs, 5074 complete and 0 interrupted iterations
warmup     ✓ [ 100% ] 00/20 VUs      30s            10.00 iters/s
warm_cache   [  11% ] 1198/1200 VUs  0m41.6s/6m30s  200.00 iters/s

running (1m17.8s), 1193/1220 VUs, 5221 complete and 0 interrupted iterations
warmup     ✓ [ 100% ] 00/20 VUs      30s            10.00 iters/s
warm_cache   [  11% ] 1193/1200 VUs  0m42.6s/6m30s  200.00 iters/s

running (1m18.8s), 1194/1220 VUs, 5359 complete and 0 interrupted iterations
warmup     ✓ [ 100% ] 00/20 VUs      30s            10.00 iters/s
warm_cache   [  11% ] 1194/1200 VUs  0m43.6s/6m30s  200.00 iters/s

running (1m19.8s), 1197/1220 VUs, 5508 complete and 0 interrupted iterations
warmup     ✓ [ 100% ] 00/20 VUs      30s            10.00 iters/s
warm_cache   [  11% ] 1197/1200 VUs  0m44.6s/6m30s  200.00 iters/s

running (1m20.8s), 1200/1220 VUs, 5644 complete and 0 interrupted iterations
warmup     ✓ [ 100% ] 00/20 VUs      30s            10.00 iters/s
warm_cache   [  12% ] 1200/1200 VUs  0m45.6s/6m30s  200.00 iters/s

running (1m21.8s), 1195/1220 VUs, 5793 complete and 0 interrupted iterations
warmup     ✓ [ 100% ] 00/20 VUs      30s            10.00 iters/s
warm_cache   [  12% ] 1195/1200 VUs  0m46.6s/6m30s  200.00 iters/s

running (1m22.8s), 1198/1220 VUs, 5923 complete and 0 interrupted iterations
warmup     ✓ [ 100% ] 00/20 VUs      30s            10.00 iters/s
warm_cache   [  12% ] 1198/1200 VUs  0m47.6s/6m30s  200.00 iters/s

running (1m23.8s), 1199/1220 VUs, 6065 complete and 0 interrupted iterations
warmup     ✓ [ 100% ] 00/20 VUs      30s            10.00 iters/s
warm_cache   [  12% ] 1199/1200 VUs  0m48.6s/6m30s  200.00 iters/s

running (1m24.8s), 1197/1220 VUs, 6218 complete and 0 interrupted iterations
warmup     ✓ [ 100% ] 00/20 VUs      30s            10.00 iters/s
warm_cache   [  13% ] 1197/1200 VUs  0m49.6s/6m30s  200.00 iters/s

running (1m25.8s), 1197/1220 VUs, 6363 complete and 0 interrupted iterations
warmup     ✓ [ 100% ] 00/20 VUs      30s            10.00 iters/s
warm_cache   [  13% ] 1197/1200 VUs  0m50.6s/6m30s  200.00 iters/s

running (1m26.8s), 1197/1220 VUs, 6516 complete and 0 interrupted iterations
warmup     ✓ [ 100% ] 00/20 VUs      30s            10.00 iters/s
warm_cache   [  13% ] 1197/1200 VUs  0m51.6s/6m30s  200.00 iters/s

running (1m27.8s), 1192/1220 VUs, 6672 complete and 0 interrupted iterations
warmup     ✓ [ 100% ] 00/20 VUs      30s            10.00 iters/s
warm_cache   [  13% ] 1192/1200 VUs  0m52.6s/6m30s  200.00 iters/s

running (1m28.8s), 1195/1220 VUs, 6828 complete and 0 interrupted iterations
warmup     ✓ [ 100% ] 00/20 VUs      30s            10.00 iters/s
warm_cache   [  14% ] 1195/1200 VUs  0m53.6s/6m30s  200.00 iters/s

running (1m29.8s), 1200/1220 VUs, 6974 complete and 0 interrupted iterations
warmup     ✓ [ 100% ] 00/20 VUs      30s            10.00 iters/s
warm_cache   [  14% ] 1200/1200 VUs  0m54.6s/6m30s  200.00 iters/s

running (1m30.8s), 1189/1220 VUs, 7142 complete and 0 interrupted iterations
warmup     ✓ [ 100% ] 00/20 VUs      30s            10.00 iters/s
warm_cache   [  14% ] 1189/1200 VUs  0m55.6s/6m30s  200.00 iters/s

running (1m31.8s), 1194/1220 VUs, 7305 complete and 0 interrupted iterations
warmup     ✓ [ 100% ] 00/20 VUs      30s            10.00 iters/s
warm_cache   [  15% ] 1194/1200 VUs  0m56.6s/6m30s  200.00 iters/s

running (1m32.8s), 1193/1220 VUs, 7450 complete and 0 interrupted iterations
warmup     ✓ [ 100% ] 00/20 VUs      30s            10.00 iters/s
warm_cache   [  15% ] 1193/1200 VUs  0m57.6s/6m30s  200.00 iters/s

running (1m33.8s), 1196/1220 VUs, 7605 complete and 0 interrupted iterations
warmup     ✓ [ 100% ] 00/20 VUs      30s            10.00 iters/s
warm_cache   [  15% ] 1196/1200 VUs  0m58.6s/6m30s  200.00 iters/s

running (1m34.8s), 1196/1220 VUs, 7768 complete and 0 interrupted iterations
warmup     ✓ [ 100% ] 00/20 VUs      30s            10.00 iters/s
warm_cache   [  15% ] 1196/1200 VUs  0m59.6s/6m30s  200.00 iters/s

running (1m35.8s), 1196/1220 VUs, 7929 complete and 0 interrupted iterations
warmup     ✓ [ 100% ] 00/20 VUs      30s            10.00 iters/s
warm_cache   [  16% ] 1196/1200 VUs  1m00.6s/6m30s  200.00 iters/s

running (1m36.8s), 1194/1220 VUs, 8084 complete and 0 interrupted iterations
warmup     ✓ [ 100% ] 00/20 VUs      30s            10.00 iters/s
warm_cache   [  16% ] 1194/1200 VUs  1m01.6s/6m30s  200.00 iters/s

running (1m37.8s), 1195/1220 VUs, 8247 complete and 0 interrupted iterations
warmup     ✓ [ 100% ] 00/20 VUs      30s            10.00 iters/s
warm_cache   [  16% ] 1195/1200 VUs  1m02.6s/6m30s  200.00 iters/s

running (1m38.8s), 1198/1220 VUs, 8401 complete and 0 interrupted iterations
warmup     ✓ [ 100% ] 00/20 VUs      30s            10.00 iters/s
warm_cache   [  16% ] 1198/1200 VUs  1m03.6s/6m30s  200.00 iters/s

running (1m39.8s), 1199/1220 VUs, 8579 complete and 0 interrupted iterations
warmup     ✓ [ 100% ] 00/20 VUs      30s            10.00 iters/s
warm_cache   [  17% ] 1199/1200 VUs  1m04.6s/6m30s  200.00 iters/s

running (1m40.8s), 1196/1220 VUs, 8744 complete and 0 interrupted iterations
warmup     ✓ [ 100% ] 00/20 VUs      30s            10.00 iters/s
warm_cache   [  17% ] 1196/1200 VUs  1m05.6s/6m30s  200.00 iters/s

running (1m41.8s), 0486/1220 VUs, 9601 complete and 0 interrupted iterations
warmup     ✓ [ 100% ] 00/20 VUs      30s            10.00 iters/s
warm_cache   [  17% ] 0486/1200 VUs  1m06.6s/6m30s  200.00 iters/s

running (1m42.8s), 0001/1220 VUs, 10286 complete and 0 interrupted iterations
warmup     ✓ [ 100% ] 00/20 VUs      30s            10.00 iters/s
warm_cache   [  17% ] 0001/1200 VUs  1m07.6s/6m30s  200.00 iters/s

running (1m43.8s), 0001/1220 VUs, 10486 complete and 0 interrupted iterations
warmup     ✓ [ 100% ] 00/20 VUs      30s            10.00 iters/s
warm_cache   [  18% ] 0001/1200 VUs  1m08.6s/6m30s  200.00 iters/s

running (1m44.8s), 0002/1220 VUs, 10685 complete and 0 interrupted iterations
warmup     ✓ [ 100% ] 00/20 VUs      30s            10.00 iters/s
warm_cache   [  18% ] 0002/1200 VUs  1m09.6s/6m30s  200.00 iters/s

running (1m45.8s), 0002/1220 VUs, 10885 complete and 0 interrupted iterations
warmup     ✓ [ 100% ] 00/20 VUs      30s            10.00 iters/s
warm_cache   [  18% ] 0002/1200 VUs  1m10.6s/6m30s  200.00 iters/s

running (1m46.8s), 0001/1220 VUs, 11086 complete and 0 interrupted iterations
warmup     ✓ [ 100% ] 00/20 VUs      30s            10.00 iters/s
warm_cache   [  18% ] 0001/1200 VUs  1m11.6s/6m30s  200.00 iters/s

running (1m47.8s), 0002/1220 VUs, 11285 complete and 0 interrupted iterations
warmup     ✓ [ 100% ] 00/20 VUs      30s            10.00 iters/s
warm_cache   [  19% ] 0002/1200 VUs  1m12.6s/6m30s  200.00 iters/s

running (1m48.8s), 0002/1220 VUs, 11485 complete and 0 interrupted iterations
warmup     ✓ [ 100% ] 00/20 VUs      30s            10.00 iters/s
warm_cache   [  19% ] 0002/1200 VUs  1m13.6s/6m30s  200.00 iters/s

running (1m49.8s), 0001/1220 VUs, 11686 complete and 0 interrupted iterations
warmup     ✓ [ 100% ] 00/20 VUs      30s            10.00 iters/s
warm_cache   [  19% ] 0001/1200 VUs  1m14.6s/6m30s  200.00 iters/s

running (1m50.8s), 0001/1220 VUs, 11886 complete and 0 interrupted iterations
warmup     ✓ [ 100% ] 00/20 VUs      30s            10.00 iters/s
warm_cache   [  19% ] 0001/1200 VUs  1m15.6s/6m30s  200.00 iters/s

running (1m51.8s), 0002/1220 VUs, 12085 complete and 0 interrupted iterations
warmup     ✓ [ 100% ] 00/20 VUs      30s            10.00 iters/s
warm_cache   [  20% ] 0002/1200 VUs  1m16.6s/6m30s  200.00 iters/s

running (1m52.8s), 0001/1220 VUs, 12286 complete and 0 interrupted iterations
warmup     ✓ [ 100% ] 00/20 VUs      30s            10.00 iters/s
warm_cache   [  20% ] 0001/1200 VUs  1m17.6s/6m30s  200.00 iters/s

running (1m53.8s), 0002/1220 VUs, 12485 complete and 0 interrupted iterations
warmup     ✓ [ 100% ] 00/20 VUs      30s            10.00 iters/s
warm_cache   [  20% ] 0002/1200 VUs  1m18.6s/6m30s  200.00 iters/s

running (1m54.8s), 0003/1220 VUs, 12684 complete and 0 interrupted iterations
warmup     ✓ [ 100% ] 00/20 VUs      30s            10.00 iters/s
warm_cache   [  20% ] 0003/1200 VUs  1m19.6s/6m30s  200.00 iters/s

running (1m55.8s), 0002/1220 VUs, 12885 complete and 0 interrupted iterations
warmup     ✓ [ 100% ] 00/20 VUs      30s            10.00 iters/s
warm_cache   [  21% ] 0002/1200 VUs  1m20.6s/6m30s  200.00 iters/s

running (1m56.8s), 0002/1220 VUs, 13085 complete and 0 interrupted iterations
warmup     ✓ [ 100% ] 00/20 VUs      30s            10.00 iters/s
warm_cache   [  21% ] 0002/1200 VUs  1m21.6s/6m30s  200.00 iters/s

running (1m57.8s), 0002/1220 VUs, 13285 complete and 0 interrupted iterations
warmup     ✓ [ 100% ] 00/20 VUs      30s            10.00 iters/s
warm_cache   [  21% ] 0002/1200 VUs  1m22.6s/6m30s  200.00 iters/s

running (1m58.8s), 0001/1220 VUs, 13486 complete and 0 interrupted iterations
warmup     ✓ [ 100% ] 00/20 VUs      30s            10.00 iters/s
warm_cache   [  21% ] 0001/1200 VUs  1m23.6s/6m30s  200.00 iters/s

running (1m59.8s), 0002/1220 VUs, 13685 complete and 0 interrupted iterations
warmup     ✓ [ 100% ] 00/20 VUs      30s            10.00 iters/s
warm_cache   [  22% ] 0002/1200 VUs  1m24.6s/6m30s  200.00 iters/s

running (2m00.8s), 0002/1220 VUs, 13885 complete and 0 interrupted iterations
warmup     ✓ [ 100% ] 00/20 VUs      30s            10.00 iters/s
warm_cache   [  22% ] 0002/1200 VUs  1m25.6s/6m30s  200.00 iters/s

running (2m01.8s), 0001/1220 VUs, 14086 complete and 0 interrupted iterations
warmup     ✓ [ 100% ] 00/20 VUs      30s            10.00 iters/s
warm_cache   [  22% ] 0001/1200 VUs  1m26.6s/6m30s  200.00 iters/s

running (2m02.8s), 0003/1220 VUs, 14284 complete and 0 interrupted iterations
warmup     ✓ [ 100% ] 00/20 VUs      30s            10.00 iters/s
warm_cache   [  22% ] 0003/1200 VUs  1m27.6s/6m30s  200.00 iters/s

running (2m03.8s), 0002/1220 VUs, 14485 complete and 0 interrupted iterations
warmup     ✓ [ 100% ] 00/20 VUs      30s            10.00 iters/s
warm_cache   [  23% ] 0002/1200 VUs  1m28.6s/6m30s  200.00 iters/s

running (2m04.8s), 0001/1220 VUs, 14686 complete and 0 interrupted iterations
warmup     ✓ [ 100% ] 00/20 VUs      30s            10.00 iters/s
warm_cache   [  23% ] 0001/1200 VUs  1m29.6s/6m30s  200.00 iters/s

running (2m05.8s), 0163/1220 VUs, 14724 complete and 0 interrupted iterations
warmup     ✓ [ 100% ] 00/20 VUs      30s            10.00 iters/s
warm_cache   [  23% ] 0163/1200 VUs  1m30.6s/6m30s  200.00 iters/s

running (2m06.8s), 0363/1220 VUs, 14724 complete and 0 interrupted iterations
warmup     ✓ [ 100% ] 00/20 VUs      30s            10.00 iters/s
warm_cache   [  23% ] 0363/1200 VUs  1m31.6s/6m30s  200.00 iters/s

running (2m07.8s), 0563/1220 VUs, 14724 complete and 0 interrupted iterations
warmup     ✓ [ 100% ] 00/20 VUs      30s            10.00 iters/s
warm_cache   [  24% ] 0563/1200 VUs  1m32.6s/6m30s  200.00 iters/s

running (2m08.8s), 0747/1220 VUs, 14740 complete and 0 interrupted iterations
warmup     ✓ [ 100% ] 00/20 VUs      30s            10.00 iters/s
warm_cache   [  24% ] 0747/1200 VUs  1m33.6s/6m30s  200.00 iters/s

running (2m09.8s), 0887/1220 VUs, 14800 complete and 0 interrupted iterations
warmup     ✓ [ 100% ] 00/20 VUs      30s            10.00 iters/s
warm_cache   [  24% ] 0887/1200 VUs  1m34.6s/6m30s  200.00 iters/s

running (2m10.8s), 1012/1220 VUs, 14875 complete and 0 interrupted iterations
warmup     ✓ [ 100% ] 00/20 VUs      30s            10.00 iters/s
warm_cache   [  25% ] 1012/1200 VUs  1m35.6s/6m30s  200.00 iters/s

running (2m11.8s), 1149/1220 VUs, 14938 complete and 0 interrupted iterations
warmup     ✓ [ 100% ] 00/20 VUs      30s            10.00 iters/s
warm_cache   [  25% ] 1149/1200 VUs  1m36.6s/6m30s  200.00 iters/s

running (2m12.8s), 1197/1220 VUs, 15012 complete and 0 interrupted iterations
warmup     ✓ [ 100% ] 00/20 VUs      30s            10.00 iters/s
warm_cache   [  25% ] 1197/1200 VUs  1m37.6s/6m30s  200.00 iters/s

running (2m13.8s), 1197/1220 VUs, 15091 complete and 0 interrupted iterations
warmup     ✓ [ 100% ] 00/20 VUs      30s            10.00 iters/s
warm_cache   [  25% ] 1197/1200 VUs  1m38.6s/6m30s  200.00 iters/s

running (2m14.8s), 1199/1220 VUs, 15153 complete and 0 interrupted iterations
warmup     ✓ [ 100% ] 00/20 VUs      30s            10.00 iters/s
warm_cache   [  26% ] 1199/1200 VUs  1m39.6s/6m30s  200.00 iters/s

running (2m15.8s), 1195/1220 VUs, 15222 complete and 0 interrupted iterations
warmup     ✓ [ 100% ] 00/20 VUs      30s            10.00 iters/s
warm_cache   [  26% ] 1195/1200 VUs  1m40.6s/6m30s  200.00 iters/s

running (2m16.8s), 1195/1220 VUs, 15301 complete and 0 interrupted iterations
warmup     ✓ [ 100% ] 00/20 VUs      30s            10.00 iters/s
warm_cache   [  26% ] 1195/1200 VUs  1m41.6s/6m30s  200.00 iters/s

running (2m17.8s), 1198/1220 VUs, 15375 complete and 0 interrupted iterations
warmup     ✓ [ 100% ] 00/20 VUs      30s            10.00 iters/s
warm_cache   [  26% ] 1198/1200 VUs  1m42.6s/6m30s  200.00 iters/s

running (2m18.8s), 1196/1220 VUs, 15434 complete and 0 interrupted iterations
warmup     ✓ [ 100% ] 00/20 VUs      30s            10.00 iters/s
warm_cache   [  27% ] 1196/1200 VUs  1m43.6s/6m30s  200.00 iters/s

running (2m19.8s), 1198/1220 VUs, 15514 complete and 0 interrupted iterations
warmup     ✓ [ 100% ] 00/20 VUs      30s            10.00 iters/s
warm_cache   [  27% ] 1198/1200 VUs  1m44.6s/6m30s  200.00 iters/s

running (2m20.8s), 1193/1220 VUs, 15596 complete and 0 interrupted iterations
warmup     ✓ [ 100% ] 00/20 VUs      30s            10.00 iters/s
warm_cache   [  27% ] 1193/1200 VUs  1m45.6s/6m30s  200.00 iters/s

running (2m21.8s), 1192/1220 VUs, 15669 complete and 0 interrupted iterations
warmup     ✓ [ 100% ] 00/20 VUs      30s            10.00 iters/s
warm_cache   [  27% ] 1191/1200 VUs  1m46.6s/6m30s  200.00 iters/s

running (2m22.8s), 1198/1220 VUs, 15734 complete and 0 interrupted iterations
warmup     ✓ [ 100% ] 00/20 VUs      30s            10.00 iters/s
warm_cache   [  28% ] 1198/1200 VUs  1m47.6s/6m30s  200.00 iters/s

running (2m23.8s), 1190/1220 VUs, 15814 complete and 0 interrupted iterations
warmup     ✓ [ 100% ] 00/20 VUs      30s            10.00 iters/s
warm_cache   [  28% ] 1190/1200 VUs  1m48.6s/6m30s  200.00 iters/s

running (2m24.8s), 1199/1220 VUs, 15886 complete and 0 interrupted iterations
warmup     ✓ [ 100% ] 00/20 VUs      30s            10.00 iters/s
warm_cache   [  28% ] 1199/1200 VUs  1m49.6s/6m30s  200.00 iters/s

running (2m25.8s), 1197/1220 VUs, 15963 complete and 0 interrupted iterations
warmup     ✓ [ 100% ] 00/20 VUs      30s            10.00 iters/s
warm_cache   [  28% ] 1197/1200 VUs  1m50.6s/6m30s  200.00 iters/s

running (2m26.8s), 1199/1220 VUs, 16049 complete and 0 interrupted iterations
warmup     ✓ [ 100% ] 00/20 VUs      30s            10.00 iters/s
warm_cache   [  29% ] 1199/1200 VUs  1m51.6s/6m30s  200.00 iters/s

running (2m27.8s), 1195/1220 VUs, 16130 complete and 0 interrupted iterations
warmup     ✓ [ 100% ] 00/20 VUs      30s            10.00 iters/s
warm_cache   [  29% ] 1195/1200 VUs  1m52.6s/6m30s  200.00 iters/s

running (2m28.8s), 1194/1220 VUs, 16195 complete and 0 interrupted iterations
warmup     ✓ [ 100% ] 00/20 VUs      30s            10.00 iters/s
warm_cache   [  29% ] 1194/1200 VUs  1m53.6s/6m30s  200.00 iters/s

running (2m29.8s), 1197/1220 VUs, 16274 complete and 0 interrupted iterations
warmup     ✓ [ 100% ] 00/20 VUs      30s            10.00 iters/s
warm_cache   [  29% ] 1197/1200 VUs  1m54.6s/6m30s  200.00 iters/s

running (2m30.8s), 1200/1220 VUs, 16350 complete and 0 interrupted iterations
warmup     ✓ [ 100% ] 00/20 VUs      30s            10.00 iters/s
warm_cache   [  30% ] 1200/1200 VUs  1m55.6s/6m30s  200.00 iters/s

running (2m31.8s), 1200/1220 VUs, 16419 complete and 0 interrupted iterations
warmup     ✓ [ 100% ] 00/20 VUs      30s            10.00 iters/s
warm_cache   [  30% ] 1200/1200 VUs  1m56.6s/6m30s  200.00 iters/s

running (2m32.8s), 1193/1220 VUs, 16510 complete and 0 interrupted iterations
warmup     ✓ [ 100% ] 00/20 VUs      30s            10.00 iters/s
warm_cache   [  30% ] 1193/1200 VUs  1m57.6s/6m30s  200.00 iters/s

running (2m33.8s), 1198/1220 VUs, 16588 complete and 0 interrupted iterations
warmup     ✓ [ 100% ] 00/20 VUs      30s            10.00 iters/s
warm_cache   [  30% ] 1198/1200 VUs  1m58.6s/6m30s  200.00 iters/s

running (2m34.8s), 1192/1220 VUs, 16670 complete and 0 interrupted iterations
warmup     ✓ [ 100% ] 00/20 VUs      30s            10.00 iters/s
warm_cache   [  31% ] 1192/1200 VUs  1m59.6s/6m30s  200.00 iters/s

running (2m35.8s), 1198/1220 VUs, 16753 complete and 0 interrupted iterations
warmup     ✓ [ 100% ] 00/20 VUs      30s            10.00 iters/s
warm_cache   [  31% ] 1198/1200 VUs  2m00.6s/6m30s  200.00 iters/s

running (2m36.8s), 1195/1220 VUs, 16845 complete and 0 interrupted iterations
warmup     ✓ [ 100% ] 00/20 VUs      30s            10.00 iters/s
warm_cache   [  31% ] 1195/1200 VUs  2m01.6s/6m30s  200.00 iters/s

running (2m37.8s), 1197/1220 VUs, 16924 complete and 0 interrupted iterations
warmup     ✓ [ 100% ] 00/20 VUs      30s            10.00 iters/s
warm_cache   [  31% ] 1197/1200 VUs  2m02.6s/6m30s  200.00 iters/s

running (2m38.8s), 1194/1220 VUs, 17012 complete and 0 interrupted iterations
warmup     ✓ [ 100% ] 00/20 VUs      30s            10.00 iters/s
warm_cache   [  32% ] 1194/1200 VUs  2m03.6s/6m30s  200.00 iters/s

running (2m39.8s), 1196/1220 VUs, 17098 complete and 0 interrupted iterations
warmup     ✓ [ 100% ] 00/20 VUs      30s            10.00 iters/s
warm_cache   [  32% ] 1196/1200 VUs  2m04.6s/6m30s  200.00 iters/s

running (2m40.8s), 1195/1220 VUs, 17192 complete and 0 interrupted iterations
warmup     ✓ [ 100% ] 00/20 VUs      30s            10.00 iters/s
warm_cache   [  32% ] 1195/1200 VUs  2m05.6s/6m30s  200.00 iters/s

running (2m41.8s), 1196/1220 VUs, 17284 complete and 0 interrupted iterations
warmup     ✓ [ 100% ] 00/20 VUs      30s            10.00 iters/s
warm_cache   [  32% ] 1195/1200 VUs  2m06.6s/6m30s  200.00 iters/s

running (2m42.8s), 1200/1220 VUs, 17337 complete and 0 interrupted iterations
warmup     ✓ [ 100% ] 00/20 VUs      30s            10.00 iters/s
warm_cache   [  33% ] 1200/1200 VUs  2m07.6s/6m30s  200.00 iters/s

running (2m43.8s), 1194/1220 VUs, 17402 complete and 0 interrupted iterations
warmup     ✓ [ 100% ] 00/20 VUs      30s            10.00 iters/s
warm_cache   [  33% ] 1194/1200 VUs  2m08.6s/6m30s  200.00 iters/s

running (2m44.8s), 1194/1220 VUs, 17478 complete and 0 interrupted iterations
warmup     ✓ [ 100% ] 00/20 VUs      30s            10.00 iters/s
warm_cache   [  33% ] 1194/1200 VUs  2m09.6s/6m30s  200.00 iters/s

running (2m45.8s), 1197/1220 VUs, 17554 complete and 0 interrupted iterations
warmup     ✓ [ 100% ] 00/20 VUs      30s            10.00 iters/s
warm_cache   [  33% ] 1197/1200 VUs  2m10.6s/6m30s  203.19 iters/s

running (2m46.8s), 1191/1220 VUs, 17636 complete and 0 interrupted iterations
warmup     ✓ [ 100% ] 00/20 VUs      30s            10.00 iters/s
warm_cache   [  34% ] 1191/1200 VUs  2m11.6s/6m30s  208.17 iters/s

running (2m47.8s), 1195/1220 VUs, 17725 complete and 0 interrupted iterations
warmup     ✓ [ 100% ] 00/20 VUs      30s            10.00 iters/s
warm_cache   [  34% ] 1195/1200 VUs  2m12.6s/6m30s  213.18 iters/s

running (2m48.8s), 1200/1220 VUs, 17803 complete and 0 interrupted iterations
warmup     ✓ [ 100% ] 00/20 VUs      30s            10.00 iters/s
warm_cache   [  34% ] 1200/1200 VUs  2m13.6s/6m30s  218.19 iters/s

running (2m49.8s), 1198/1220 VUs, 17889 complete and 0 interrupted iterations
warmup     ✓ [ 100% ] 00/20 VUs      30s            10.00 iters/s
warm_cache   [  35% ] 1198/1200 VUs  2m14.6s/6m30s  223.19 iters/s

running (2m50.8s), 1196/1220 VUs, 17980 complete and 0 interrupted iterations
warmup     ✓ [ 100% ] 00/20 VUs      30s            10.00 iters/s
warm_cache   [  35% ] 1196/1200 VUs  2m15.6s/6m30s  228.18 iters/s

running (2m51.8s), 1196/1220 VUs, 18063 complete and 0 interrupted iterations
warmup     ✓ [ 100% ] 00/20 VUs      30s            10.00 iters/s
warm_cache   [  35% ] 1196/1200 VUs  2m16.6s/6m30s  233.18 iters/s

running (2m52.8s), 1198/1220 VUs, 18154 complete and 0 interrupted iterations
warmup     ✓ [ 100% ] 00/20 VUs      30s            10.00 iters/s
warm_cache   [  35% ] 1198/1200 VUs  2m17.6s/6m30s  238.19 iters/s

running (2m53.8s), 1197/1220 VUs, 18236 complete and 0 interrupted iterations
warmup     ✓ [ 100% ] 00/20 VUs      30s            10.00 iters/s
warm_cache   [  36% ] 1197/1200 VUs  2m18.6s/6m30s  243.18 iters/s

running (2m54.8s), 1196/1220 VUs, 18338 complete and 0 interrupted iterations
warmup     ✓ [ 100% ] 00/20 VUs      30s            10.00 iters/s
warm_cache   [  36% ] 1196/1200 VUs  2m19.6s/6m30s  248.18 iters/s

running (2m55.8s), 1195/1220 VUs, 18433 complete and 0 interrupted iterations
warmup     ✓ [ 100% ] 00/20 VUs      30s            10.00 iters/s
warm_cache   [  36% ] 1195/1200 VUs  2m20.6s/6m30s  250.00 iters/s

running (2m56.8s), 1194/1220 VUs, 18530 complete and 0 interrupted iterations
warmup     ✓ [ 100% ] 00/20 VUs      30s            10.00 iters/s
warm_cache   [  36% ] 1194/1200 VUs  2m21.6s/6m30s  250.00 iters/s

running (2m57.8s), 1198/1220 VUs, 18626 complete and 0 interrupted iterations
warmup     ✓ [ 100% ] 00/20 VUs      30s            10.00 iters/s
warm_cache   [  37% ] 1198/1200 VUs  2m22.6s/6m30s  250.00 iters/s

running (2m58.8s), 1194/1220 VUs, 18718 complete and 0 interrupted iterations
warmup     ✓ [ 100% ] 00/20 VUs      30s            10.00 iters/s
warm_cache   [  37% ] 1194/1200 VUs  2m23.6s/6m30s  250.00 iters/s

running (2m59.8s), 1198/1220 VUs, 18822 complete and 0 interrupted iterations
warmup     ✓ [ 100% ] 00/20 VUs      30s            10.00 iters/s
warm_cache   [  37% ] 1198/1200 VUs  2m24.6s/6m30s  250.00 iters/s

running (3m00.8s), 1192/1220 VUs, 18939 complete and 0 interrupted iterations
warmup     ✓ [ 100% ] 00/20 VUs      30s            10.00 iters/s
warm_cache   [  37% ] 1192/1200 VUs  2m25.6s/6m30s  250.00 iters/s

running (3m01.8s), 1199/1220 VUs, 19030 complete and 0 interrupted iterations
warmup     ✓ [ 100% ] 00/20 VUs      30s            10.00 iters/s
warm_cache   [  38% ] 1199/1200 VUs  2m26.6s/6m30s  250.00 iters/s

running (3m02.8s), 1194/1220 VUs, 19135 complete and 0 interrupted iterations
warmup     ✓ [ 100% ] 00/20 VUs      30s            10.00 iters/s
warm_cache   [  38% ] 1194/1200 VUs  2m27.6s/6m30s  250.00 iters/s

running (3m03.8s), 1191/1220 VUs, 19238 complete and 0 interrupted iterations
warmup     ✓ [ 100% ] 00/20 VUs      30s            10.00 iters/s
warm_cache   [  38% ] 1191/1200 VUs  2m28.6s/6m30s  250.00 iters/s

running (3m04.8s), 1192/1220 VUs, 19340 complete and 0 interrupted iterations
warmup     ✓ [ 100% ] 00/20 VUs      30s            10.00 iters/s
warm_cache   [  38% ] 1192/1200 VUs  2m29.6s/6m30s  250.00 iters/s

running (3m05.8s), 1198/1220 VUs, 19446 complete and 0 interrupted iterations
warmup     ✓ [ 100% ] 00/20 VUs      30s            10.00 iters/s
warm_cache   [  39% ] 1198/1200 VUs  2m30.6s/6m30s  250.00 iters/s

running (3m06.8s), 1199/1220 VUs, 19543 complete and 0 interrupted iterations
warmup     ✓ [ 100% ] 00/20 VUs      30s            10.00 iters/s
warm_cache   [  39% ] 1199/1200 VUs  2m31.6s/6m30s  250.00 iters/s

running (3m07.8s), 1148/1220 VUs, 19761 complete and 0 interrupted iterations
warmup     ✓ [ 100% ] 00/20 VUs      30s            10.00 iters/s
warm_cache   [  39% ] 1148/1200 VUs  2m32.6s/6m30s  250.00 iters/s

running (3m08.8s), 1052/1220 VUs, 20108 complete and 0 interrupted iterations
warmup     ✓ [ 100% ] 00/20 VUs      30s            10.00 iters/s
warm_cache   [  39% ] 1052/1200 VUs  2m33.6s/6m30s  250.00 iters/s

running (3m09.8s), 0931/1220 VUs, 20479 complete and 0 interrupted iterations
warmup     ✓ [ 100% ] 00/20 VUs      30s            10.00 iters/s
warm_cache   [  40% ] 0931/1200 VUs  2m34.6s/6m30s  250.00 iters/s

running (3m10.8s), 0821/1220 VUs, 20839 complete and 0 interrupted iterations
warmup     ✓ [ 100% ] 00/20 VUs      30s            10.00 iters/s
warm_cache   [  40% ] 0821/1200 VUs  2m35.6s/6m30s  250.00 iters/s

running (3m11.8s), 0725/1220 VUs, 21185 complete and 0 interrupted iterations
warmup     ✓ [ 100% ] 00/20 VUs      30s            10.00 iters/s
warm_cache   [  40% ] 0725/1200 VUs  2m36.6s/6m30s  250.00 iters/s

running (3m12.8s), 0608/1220 VUs, 21552 complete and 0 interrupted iterations
warmup     ✓ [ 100% ] 00/20 VUs      30s            10.00 iters/s
warm_cache   [  40% ] 0608/1200 VUs  2m37.6s/6m30s  250.00 iters/s

running (3m13.8s), 0485/1220 VUs, 21925 complete and 0 interrupted iterations
warmup     ✓ [ 100% ] 00/20 VUs      30s            10.00 iters/s
warm_cache   [  41% ] 0485/1200 VUs  2m38.6s/6m30s  250.00 iters/s

running (3m14.8s), 0367/1220 VUs, 22293 complete and 0 interrupted iterations
warmup     ✓ [ 100% ] 00/20 VUs      30s            10.00 iters/s
warm_cache   [  41% ] 0367/1200 VUs  2m39.6s/6m30s  250.00 iters/s

running (3m15.8s), 0252/1220 VUs, 22658 complete and 0 interrupted iterations
warmup     ✓ [ 100% ] 00/20 VUs      30s            10.00 iters/s
warm_cache   [  41% ] 0252/1200 VUs  2m40.6s/6m30s  250.00 iters/s

running (3m16.8s), 0148/1220 VUs, 23012 complete and 0 interrupted iterations
warmup     ✓ [ 100% ] 00/20 VUs      30s            10.00 iters/s
warm_cache   [  41% ] 0148/1200 VUs  2m41.6s/6m30s  250.00 iters/s

running (3m17.8s), 0102/1220 VUs, 23308 complete and 0 interrupted iterations
warmup     ✓ [ 100% ] 00/20 VUs      30s            10.00 iters/s
warm_cache   [  42% ] 0102/1200 VUs  2m42.6s/6m30s  250.00 iters/s

running (3m18.8s), 0268/1220 VUs, 23392 complete and 0 interrupted iterations
warmup     ✓ [ 100% ] 00/20 VUs      30s            10.00 iters/s
warm_cache   [  42% ] 0268/1200 VUs  2m43.6s/6m30s  250.00 iters/s

running (3m19.8s), 0399/1220 VUs, 23511 complete and 0 interrupted iterations
warmup     ✓ [ 100% ] 00/20 VUs      30s            10.00 iters/s
warm_cache   [  42% ] 0399/1200 VUs  2m44.6s/6m30s  250.00 iters/s

running (3m20.8s), 0528/1220 VUs, 23632 complete and 0 interrupted iterations
warmup     ✓ [ 100% ] 00/20 VUs      30s            10.00 iters/s
warm_cache   [  42% ] 0528/1200 VUs  2m45.6s/6m30s  250.00 iters/s

running (3m21.8s), 0665/1220 VUs, 23745 complete and 0 interrupted iterations
warmup     ✓ [ 100% ] 00/20 VUs      30s            10.00 iters/s
warm_cache   [  43% ] 0665/1200 VUs  2m46.6s/6m30s  250.00 iters/s

running (3m22.8s), 0803/1220 VUs, 23857 complete and 0 interrupted iterations
warmup     ✓ [ 100% ] 00/20 VUs      30s            10.00 iters/s
warm_cache   [  43% ] 0803/1200 VUs  2m47.6s/6m30s  250.00 iters/s

running (3m23.8s), 0915/1220 VUs, 23995 complete and 0 interrupted iterations
warmup     ✓ [ 100% ] 00/20 VUs      30s            10.00 iters/s
warm_cache   [  43% ] 0915/1200 VUs  2m48.6s/6m30s  250.00 iters/s

running (3m24.8s), 1058/1220 VUs, 24102 complete and 0 interrupted iterations
warmup     ✓ [ 100% ] 00/20 VUs      30s            10.00 iters/s
warm_cache   [  43% ] 1058/1200 VUs  2m49.6s/6m30s  250.00 iters/s

running (3m25.8s), 1196/1220 VUs, 24214 complete and 0 interrupted iterations
warmup     ✓ [ 100% ] 00/20 VUs      30s            10.00 iters/s
warm_cache   [  44% ] 1196/1200 VUs  2m50.6s/6m30s  250.00 iters/s

running (3m26.8s), 1193/1220 VUs, 24333 complete and 0 interrupted iterations
warmup     ✓ [ 100% ] 00/20 VUs      30s            10.00 iters/s
warm_cache   [  44% ] 1193/1200 VUs  2m51.6s/6m30s  250.00 iters/s

running (3m27.8s), 1194/1220 VUs, 24452 complete and 0 interrupted iterations
warmup     ✓ [ 100% ] 00/20 VUs      30s            10.00 iters/s
warm_cache   [  44% ] 1194/1200 VUs  2m52.6s/6m30s  250.00 iters/s

running (3m28.8s), 1189/1220 VUs, 24574 complete and 0 interrupted iterations
warmup     ✓ [ 100% ] 00/20 VUs      30s            10.00 iters/s
warm_cache   [  45% ] 1189/1200 VUs  2m53.6s/6m30s  250.00 iters/s

running (3m29.8s), 1197/1220 VUs, 24699 complete and 0 interrupted iterations
warmup     ✓ [ 100% ] 00/20 VUs      30s            10.00 iters/s
warm_cache   [  45% ] 1197/1200 VUs  2m54.6s/6m30s  250.00 iters/s

running (3m30.8s), 1197/1220 VUs, 24806 complete and 0 interrupted iterations
warmup     ✓ [ 100% ] 00/20 VUs      30s            10.00 iters/s
warm_cache   [  45% ] 1197/1200 VUs  2m55.6s/6m30s  250.00 iters/s

running (3m31.8s), 1198/1220 VUs, 24923 complete and 0 interrupted iterations
warmup     ✓ [ 100% ] 00/20 VUs      30s            10.00 iters/s
warm_cache   [  45% ] 1198/1200 VUs  2m56.6s/6m30s  250.00 iters/s

running (3m32.8s), 1196/1220 VUs, 25041 complete and 0 interrupted iterations
warmup     ✓ [ 100% ] 00/20 VUs      30s            10.00 iters/s
warm_cache   [  46% ] 1196/1200 VUs  2m57.6s/6m30s  250.00 iters/s

running (3m33.8s), 1196/1220 VUs, 25161 complete and 0 interrupted iterations
warmup     ✓ [ 100% ] 00/20 VUs      30s            10.00 iters/s
warm_cache   [  46% ] 1196/1200 VUs  2m58.6s/6m30s  250.00 iters/s

running (3m34.8s), 1197/1220 VUs, 25278 complete and 0 interrupted iterations
warmup     ✓ [ 100% ] 00/20 VUs      30s            10.00 iters/s
warm_cache   [  46% ] 1197/1200 VUs  2m59.6s/6m30s  250.00 iters/s

running (3m35.8s), 1194/1220 VUs, 25394 complete and 0 interrupted iterations
warmup     ✓ [ 100% ] 00/20 VUs      30s            10.00 iters/s
warm_cache   [  46% ] 1194/1200 VUs  3m00.6s/6m30s  250.00 iters/s

running (3m36.8s), 1194/1220 VUs, 25502 complete and 0 interrupted iterations
warmup     ✓ [ 100% ] 00/20 VUs      30s            10.00 iters/s
warm_cache   [  47% ] 1195/1200 VUs  3m01.6s/6m30s  250.00 iters/s

running (3m37.8s), 1194/1220 VUs, 25619 complete and 0 interrupted iterations
warmup     ✓ [ 100% ] 00/20 VUs      30s            10.00 iters/s
warm_cache   [  47% ] 1194/1200 VUs  3m02.6s/6m30s  250.00 iters/s

running (3m38.8s), 1196/1220 VUs, 25736 complete and 0 interrupted iterations
warmup     ✓ [ 100% ] 00/20 VUs      30s            10.00 iters/s
warm_cache   [  47% ] 1196/1200 VUs  3m03.6s/6m30s  250.00 iters/s

running (3m39.8s), 1200/1220 VUs, 25839 complete and 0 interrupted iterations
warmup     ✓ [ 100% ] 00/20 VUs      30s            10.00 iters/s
warm_cache   [  47% ] 1200/1200 VUs  3m04.6s/6m30s  250.00 iters/s

running (3m40.8s), 1194/1220 VUs, 25966 complete and 0 interrupted iterations
warmup     ✓ [ 100% ] 00/20 VUs      30s            10.00 iters/s
warm_cache   [  48% ] 1194/1200 VUs  3m05.6s/6m30s  250.00 iters/s

running (3m41.8s), 0209/1220 VUs, 27082 complete and 0 interrupted iterations
warmup     ✓ [ 100% ] 00/20 VUs      30s            10.00 iters/s
warm_cache   [  48% ] 0209/1200 VUs  3m06.6s/6m30s  250.00 iters/s

running (3m42.8s), 0032/1220 VUs, 27509 complete and 0 interrupted iterations
warmup     ✓ [ 100% ] 00/20 VUs      30s            10.00 iters/s
warm_cache   [  48% ] 0032/1200 VUs  3m07.6s/6m30s  250.00 iters/s

running (3m43.8s), 0002/1220 VUs, 27789 complete and 0 interrupted iterations
warmup     ✓ [ 100% ] 00/20 VUs      30s            10.00 iters/s
warm_cache   [  48% ] 0002/1200 VUs  3m08.6s/6m30s  250.00 iters/s

running (3m44.8s), 0002/1220 VUs, 28039 complete and 0 interrupted iterations
warmup     ✓ [ 100% ] 00/20 VUs      30s            10.00 iters/s
warm_cache   [  49% ] 0002/1200 VUs  3m09.6s/6m30s  250.00 iters/s

running (3m45.8s), 0002/1220 VUs, 28289 complete and 0 interrupted iterations
warmup     ✓ [ 100% ] 00/20 VUs      30s            10.00 iters/s
warm_cache   [  49% ] 0002/1200 VUs  3m10.6s/6m30s  250.00 iters/s

running (3m46.8s), 0002/1220 VUs, 28539 complete and 0 interrupted iterations
warmup     ✓ [ 100% ] 00/20 VUs      30s            10.00 iters/s
warm_cache   [  49% ] 0002/1200 VUs  3m11.6s/6m30s  250.00 iters/s

running (3m47.8s), 0002/1220 VUs, 28789 complete and 0 interrupted iterations
warmup     ✓ [ 100% ] 00/20 VUs      30s            10.00 iters/s
warm_cache   [  49% ] 0002/1200 VUs  3m12.6s/6m30s  250.00 iters/s

running (3m48.8s), 0003/1220 VUs, 29038 complete and 0 interrupted iterations
warmup     ✓ [ 100% ] 00/20 VUs      30s            10.00 iters/s
warm_cache   [  50% ] 0003/1200 VUs  3m13.6s/6m30s  250.00 iters/s

running (3m49.8s), 0002/1220 VUs, 29289 complete and 0 interrupted iterations
warmup     ✓ [ 100% ] 00/20 VUs      30s            10.00 iters/s
warm_cache   [  50% ] 0002/1200 VUs  3m14.6s/6m30s  250.00 iters/s

running (3m50.8s), 0003/1220 VUs, 29538 complete and 0 interrupted iterations
warmup     ✓ [ 100% ] 00/20 VUs      30s            10.00 iters/s
warm_cache   [  50% ] 0003/1200 VUs  3m15.6s/6m30s  250.00 iters/s

running (3m51.8s), 0003/1220 VUs, 29788 complete and 0 interrupted iterations
warmup     ✓ [ 100% ] 00/20 VUs      30s            10.00 iters/s
warm_cache   [  50% ] 0003/1200 VUs  3m16.6s/6m30s  250.00 iters/s

running (3m52.8s), 0003/1220 VUs, 30038 complete and 0 interrupted iterations
warmup     ✓ [ 100% ] 00/20 VUs      30s            10.00 iters/s
warm_cache   [  51% ] 0003/1200 VUs  3m17.6s/6m30s  250.00 iters/s

running (3m53.8s), 0003/1220 VUs, 30288 complete and 0 interrupted iterations
warmup     ✓ [ 100% ] 00/20 VUs      30s            10.00 iters/s
warm_cache   [  51% ] 0003/1200 VUs  3m18.6s/6m30s  250.00 iters/s

running (3m54.8s), 0002/1220 VUs, 30539 complete and 0 interrupted iterations
warmup     ✓ [ 100% ] 00/20 VUs      30s            10.00 iters/s
warm_cache   [  51% ] 0002/1200 VUs  3m19.6s/6m30s  250.00 iters/s

running (3m55.8s), 0002/1220 VUs, 30789 complete and 0 interrupted iterations
warmup     ✓ [ 100% ] 00/20 VUs      30s            10.00 iters/s
warm_cache   [  51% ] 0002/1200 VUs  3m20.6s/6m30s  250.00 iters/s

running (3m56.8s), 0003/1220 VUs, 31038 complete and 0 interrupted iterations
warmup     ✓ [ 100% ] 00/20 VUs      30s            10.00 iters/s
warm_cache   [  52% ] 0003/1200 VUs  3m21.6s/6m30s  250.00 iters/s

running (3m57.8s), 0002/1220 VUs, 31289 complete and 0 interrupted iterations
warmup     ✓ [ 100% ] 00/20 VUs      30s            10.00 iters/s
warm_cache   [  52% ] 0002/1200 VUs  3m22.6s/6m30s  250.00 iters/s

running (3m58.8s), 0003/1220 VUs, 31538 complete and 0 interrupted iterations
warmup     ✓ [ 100% ] 00/20 VUs      30s            10.00 iters/s
warm_cache   [  52% ] 0003/1200 VUs  3m23.6s/6m30s  250.00 iters/s

running (3m59.8s), 0002/1220 VUs, 31789 complete and 0 interrupted iterations
warmup     ✓ [ 100% ] 00/20 VUs      30s            10.00 iters/s
warm_cache   [  52% ] 0002/1200 VUs  3m24.6s/6m30s  250.00 iters/s

running (4m00.8s), 0002/1220 VUs, 32039 complete and 0 interrupted iterations
warmup     ✓ [ 100% ] 00/20 VUs      30s            10.00 iters/s
warm_cache   [  53% ] 0002/1200 VUs  3m25.6s/6m30s  250.00 iters/s

running (4m01.8s), 0002/1220 VUs, 32289 complete and 0 interrupted iterations
warmup     ✓ [ 100% ] 00/20 VUs      30s            10.00 iters/s
warm_cache   [  53% ] 0002/1200 VUs  3m26.6s/6m30s  250.00 iters/s

running (4m02.8s), 0002/1220 VUs, 32539 complete and 0 interrupted iterations
warmup     ✓ [ 100% ] 00/20 VUs      30s            10.00 iters/s
warm_cache   [  53% ] 0002/1200 VUs  3m27.6s/6m30s  250.00 iters/s

running (4m03.8s), 0002/1220 VUs, 32789 complete and 0 interrupted iterations
warmup     ✓ [ 100% ] 00/20 VUs      30s            10.00 iters/s
warm_cache   [  53% ] 0002/1200 VUs  3m28.6s/6m30s  250.00 iters/s

running (4m04.8s), 0002/1220 VUs, 33039 complete and 0 interrupted iterations
warmup     ✓ [ 100% ] 00/20 VUs      30s            10.00 iters/s
warm_cache   [  54% ] 0002/1200 VUs  3m29.6s/6m30s  250.00 iters/s

running (4m05.8s), 0111/1220 VUs, 33180 complete and 0 interrupted iterations
warmup     ✓ [ 100% ] 00/20 VUs      30s            10.00 iters/s
warm_cache   [  54% ] 0111/1200 VUs  3m30.6s/6m30s  250.00 iters/s

running (4m06.8s), 0361/1220 VUs, 33180 complete and 0 interrupted iterations
warmup     ✓ [ 100% ] 00/20 VUs      30s            10.00 iters/s
warm_cache   [  54% ] 0361/1200 VUs  3m31.6s/6m30s  250.00 iters/s

running (4m07.8s), 0611/1220 VUs, 33180 complete and 0 interrupted iterations
warmup     ✓ [ 100% ] 00/20 VUs      30s            10.00 iters/s
warm_cache   [  55% ] 0611/1200 VUs  3m32.6s/6m30s  250.00 iters/s

running (4m08.8s), 0861/1220 VUs, 33180 complete and 0 interrupted iterations
warmup     ✓ [ 100% ] 00/20 VUs      30s            10.00 iters/s
warm_cache   [  55% ] 0861/1200 VUs  3m33.6s/6m30s  250.00 iters/s

running (4m09.8s), 1099/1220 VUs, 33192 complete and 0 interrupted iterations
warmup     ✓ [ 100% ] 00/20 VUs      30s            10.00 iters/s
warm_cache   [  55% ] 1099/1200 VUs  3m34.6s/6m30s  250.00 iters/s

running (4m10.8s), 1190/1220 VUs, 33251 complete and 0 interrupted iterations
warmup     ✓ [ 100% ] 00/20 VUs      30s            10.00 iters/s
warm_cache   [  55% ] 1190/1200 VUs  3m35.6s/6m30s  250.00 iters/s

running (4m11.8s), 1197/1220 VUs, 33353 complete and 0 interrupted iterations
warmup     ✓ [ 100% ] 00/20 VUs      30s            10.00 iters/s
warm_cache   [  56% ] 1197/1200 VUs  3m36.6s/6m30s  250.00 iters/s

running (4m12.8s), 1200/1220 VUs, 33423 complete and 0 interrupted iterations
warmup     ✓ [ 100% ] 00/20 VUs      30s            10.00 iters/s
warm_cache   [  56% ] 1200/1200 VUs  3m37.6s/6m30s  250.00 iters/s

running (4m13.8s), 1197/1220 VUs, 33510 complete and 0 interrupted iterations
warmup     ✓ [ 100% ] 00/20 VUs      30s            10.00 iters/s
warm_cache   [  56% ] 1197/1200 VUs  3m38.6s/6m30s  250.00 iters/s

running (4m14.8s), 1197/1220 VUs, 33582 complete and 0 interrupted iterations
warmup     ✓ [ 100% ] 00/20 VUs      30s            10.00 iters/s
warm_cache   [  56% ] 1197/1200 VUs  3m39.6s/6m30s  250.00 iters/s

running (4m15.8s), 1195/1220 VUs, 33654 complete and 0 interrupted iterations
warmup     ✓ [ 100% ] 00/20 VUs      30s            10.00 iters/s
warm_cache   [  57% ] 1195/1200 VUs  3m40.6s/6m30s  250.00 iters/s

running (4m16.8s), 1200/1220 VUs, 33733 complete and 0 interrupted iterations
warmup     ✓ [ 100% ] 00/20 VUs      30s            10.00 iters/s
warm_cache   [  57% ] 1200/1200 VUs  3m41.6s/6m30s  250.00 iters/s

running (4m17.8s), 1193/1220 VUs, 33829 complete and 0 interrupted iterations
warmup     ✓ [ 100% ] 00/20 VUs      30s            10.00 iters/s
warm_cache   [  57% ] 1193/1200 VUs  3m42.6s/6m30s  250.00 iters/s

running (4m18.8s), 1196/1220 VUs, 33896 complete and 0 interrupted iterations
warmup     ✓ [ 100% ] 00/20 VUs      30s            10.00 iters/s
warm_cache   [  57% ] 1196/1200 VUs  3m43.6s/6m30s  250.00 iters/s

running (4m19.8s), 1197/1220 VUs, 33962 complete and 0 interrupted iterations
warmup     ✓ [ 100% ] 00/20 VUs      30s            10.00 iters/s
warm_cache   [  58% ] 1197/1200 VUs  3m44.6s/6m30s  250.00 iters/s

running (4m20.8s), 1197/1220 VUs, 34035 complete and 0 interrupted iterations
warmup     ✓ [ 100% ] 00/20 VUs      30s            10.00 iters/s
warm_cache   [  58% ] 1197/1200 VUs  3m45.6s/6m30s  250.00 iters/s

running (4m21.8s), 1191/1220 VUs, 34134 complete and 0 interrupted iterations
warmup     ✓ [ 100% ] 00/20 VUs      30s            10.00 iters/s
warm_cache   [  58% ] 1191/1200 VUs  3m46.6s/6m30s  250.00 iters/s

running (4m22.8s), 1195/1220 VUs, 34218 complete and 0 interrupted iterations
warmup     ✓ [ 100% ] 00/20 VUs      30s            10.00 iters/s
warm_cache   [  58% ] 1195/1200 VUs  3m47.6s/6m30s  250.00 iters/s

running (4m23.8s), 1195/1220 VUs, 34296 complete and 0 interrupted iterations
warmup     ✓ [ 100% ] 00/20 VUs      30s            10.00 iters/s
warm_cache   [  59% ] 1195/1200 VUs  3m48.6s/6m30s  250.00 iters/s

running (4m24.8s), 1200/1220 VUs, 34380 complete and 0 interrupted iterations
warmup     ✓ [ 100% ] 00/20 VUs      30s            10.00 iters/s
warm_cache   [  59% ] 1200/1200 VUs  3m49.6s/6m30s  250.00 iters/s

running (4m25.8s), 1194/1220 VUs, 34464 complete and 0 interrupted iterations
warmup     ✓ [ 100% ] 00/20 VUs      30s            10.00 iters/s
warm_cache   [  59% ] 1194/1200 VUs  3m50.6s/6m30s  250.00 iters/s

running (4m26.8s), 1194/1220 VUs, 34528 complete and 0 interrupted iterations
warmup     ✓ [ 100% ] 00/20 VUs      30s            10.00 iters/s
warm_cache   [  59% ] 1194/1200 VUs  3m51.6s/6m30s  250.00 iters/s

running (4m27.8s), 1195/1220 VUs, 34609 complete and 0 interrupted iterations
warmup     ✓ [ 100% ] 00/20 VUs      30s            10.00 iters/s
warm_cache   [  60% ] 1195/1200 VUs  3m52.6s/6m30s  250.00 iters/s

running (4m28.8s), 1191/1220 VUs, 34689 complete and 0 interrupted iterations
warmup     ✓ [ 100% ] 00/20 VUs      30s            10.00 iters/s
warm_cache   [  60% ] 1191/1200 VUs  3m53.6s/6m30s  250.00 iters/s

running (4m29.8s), 1196/1220 VUs, 34775 complete and 0 interrupted iterations
warmup     ✓ [ 100% ] 00/20 VUs      30s            10.00 iters/s
warm_cache   [  60% ] 1196/1200 VUs  3m54.6s/6m30s  250.00 iters/s

running (4m30.8s), 1192/1220 VUs, 34853 complete and 0 interrupted iterations
warmup     ✓ [ 100% ] 00/20 VUs      30s            10.00 iters/s
warm_cache   [  60% ] 1192/1200 VUs  3m55.6s/6m30s  250.00 iters/s

running (4m31.8s), 1196/1220 VUs, 34918 complete and 0 interrupted iterations
warmup     ✓ [ 100% ] 00/20 VUs      30s            10.00 iters/s
warm_cache   [  61% ] 1196/1200 VUs  3m56.6s/6m30s  250.00 iters/s

running (4m32.8s), 1197/1220 VUs, 34983 complete and 0 interrupted iterations
warmup     ✓ [ 100% ] 00/20 VUs      30s            10.00 iters/s
warm_cache   [  61% ] 1197/1200 VUs  3m57.6s/6m30s  250.00 iters/s

running (4m33.8s), 1194/1220 VUs, 35048 complete and 0 interrupted iterations
warmup     ✓ [ 100% ] 00/20 VUs      30s            10.00 iters/s
warm_cache   [  61% ] 1194/1200 VUs  3m58.6s/6m30s  250.00 iters/s

running (4m34.8s), 1195/1220 VUs, 35130 complete and 0 interrupted iterations
warmup     ✓ [ 100% ] 00/20 VUs      30s            10.00 iters/s
warm_cache   [  61% ] 1195/1200 VUs  3m59.6s/6m30s  250.00 iters/s

running (4m35.8s), 1194/1220 VUs, 35224 complete and 0 interrupted iterations
warmup     ✓ [ 100% ] 00/20 VUs      30s            10.00 iters/s
warm_cache   [  62% ] 1194/1200 VUs  4m00.6s/6m30s  250.00 iters/s

running (4m36.8s), 1197/1220 VUs, 35315 complete and 0 interrupted iterations
warmup     ✓ [ 100% ] 00/20 VUs      30s            10.00 iters/s
warm_cache   [  62% ] 1197/1200 VUs  4m01.6s/6m30s  250.00 iters/s

running (4m37.8s), 1194/1220 VUs, 35379 complete and 0 interrupted iterations
warmup     ✓ [ 100% ] 00/20 VUs      30s            10.00 iters/s
warm_cache   [  62% ] 1194/1200 VUs  4m02.6s/6m30s  250.00 iters/s

running (4m38.8s), 1195/1220 VUs, 35456 complete and 0 interrupted iterations
warmup     ✓ [ 100% ] 00/20 VUs      30s            10.00 iters/s
warm_cache   [  62% ] 1195/1200 VUs  4m03.6s/6m30s  250.00 iters/s

running (4m39.8s), 1194/1220 VUs, 35540 complete and 0 interrupted iterations
warmup     ✓ [ 100% ] 00/20 VUs      30s            10.00 iters/s
warm_cache   [  63% ] 1194/1200 VUs  4m04.6s/6m30s  250.00 iters/s

running (4m40.8s), 1198/1220 VUs, 35620 complete and 0 interrupted iterations
warmup     ✓ [ 100% ] 00/20 VUs      30s            10.00 iters/s
warm_cache   [  63% ] 1198/1200 VUs  4m05.6s/6m30s  250.00 iters/s

running (4m41.8s), 1193/1220 VUs, 35699 complete and 0 interrupted iterations
warmup     ✓ [ 100% ] 00/20 VUs      30s            10.00 iters/s
warm_cache   [  63% ] 1193/1200 VUs  4m06.6s/6m30s  250.00 iters/s

running (4m42.8s), 1193/1220 VUs, 35780 complete and 0 interrupted iterations
warmup     ✓ [ 100% ] 00/20 VUs      30s            10.00 iters/s
warm_cache   [  63% ] 1193/1200 VUs  4m07.6s/6m30s  250.00 iters/s

running (4m43.8s), 1196/1220 VUs, 35864 complete and 0 interrupted iterations
warmup     ✓ [ 100% ] 00/20 VUs      30s            10.00 iters/s
warm_cache   [  64% ] 1196/1200 VUs  4m08.6s/6m30s  250.00 iters/s

running (4m44.8s), 1192/1220 VUs, 35950 complete and 0 interrupted iterations
warmup     ✓ [ 100% ] 00/20 VUs      30s            10.00 iters/s
warm_cache   [  64% ] 1192/1200 VUs  4m09.6s/6m30s  250.00 iters/s

running (4m45.8s), 1191/1220 VUs, 36043 complete and 0 interrupted iterations
warmup     ✓ [ 100% ] 00/20 VUs      30s            10.00 iters/s
warm_cache   [  64% ] 1191/1200 VUs  4m10.6s/6m30s  250.00 iters/s

running (4m46.8s), 1190/1220 VUs, 36122 complete and 0 interrupted iterations
warmup     ✓ [ 100% ] 00/20 VUs      30s            10.00 iters/s
warm_cache   [  65% ] 1190/1200 VUs  4m11.6s/6m30s  250.00 iters/s

running (4m47.8s), 1194/1220 VUs, 36214 complete and 0 interrupted iterations
warmup     ✓ [ 100% ] 00/20 VUs      30s            10.00 iters/s
warm_cache   [  65% ] 1194/1200 VUs  4m12.6s/6m30s  250.00 iters/s

running (4m48.8s), 1190/1220 VUs, 36307 complete and 0 interrupted iterations
warmup     ✓ [ 100% ] 00/20 VUs      30s            10.00 iters/s
warm_cache   [  65% ] 1190/1200 VUs  4m13.6s/6m30s  250.00 iters/s

running (4m49.8s), 1187/1220 VUs, 36417 complete and 0 interrupted iterations
warmup     ✓ [ 100% ] 00/20 VUs      30s            10.00 iters/s
warm_cache   [  65% ] 1187/1200 VUs  4m14.6s/6m30s  250.00 iters/s

running (4m50.8s), 1193/1220 VUs, 36512 complete and 0 interrupted iterations
warmup     ✓ [ 100% ] 00/20 VUs      30s            10.00 iters/s
warm_cache   [  66% ] 1193/1200 VUs  4m15.6s/6m30s  250.00 iters/s

running (4m51.8s), 1193/1220 VUs, 36626 complete and 0 interrupted iterations
warmup     ✓ [ 100% ] 00/20 VUs      30s            10.00 iters/s
warm_cache   [  66% ] 1193/1200 VUs  4m16.6s/6m30s  250.00 iters/s

running (4m52.8s), 1192/1220 VUs, 36729 complete and 0 interrupted iterations
warmup     ✓ [ 100% ] 00/20 VUs      30s            10.00 iters/s
warm_cache   [  66% ] 1192/1200 VUs  4m17.6s/6m30s  250.00 iters/s

running (4m53.8s), 1194/1220 VUs, 36833 complete and 0 interrupted iterations
warmup     ✓ [ 100% ] 00/20 VUs      30s            10.00 iters/s
warm_cache   [  66% ] 1194/1200 VUs  4m18.6s/6m30s  250.00 iters/s

running (4m54.8s), 1188/1220 VUs, 36961 complete and 0 interrupted iterations
warmup     ✓ [ 100% ] 00/20 VUs      30s            10.00 iters/s
warm_cache   [  67% ] 1188/1200 VUs  4m19.6s/6m30s  250.00 iters/s

running (4m55.8s), 1193/1220 VUs, 37063 complete and 0 interrupted iterations
warmup     ✓ [ 100% ] 00/20 VUs      30s            10.00 iters/s
warm_cache   [  67% ] 1193/1200 VUs  4m20.6s/6m30s  253.19 iters/s

running (4m56.8s), 1189/1220 VUs, 37160 complete and 0 interrupted iterations
warmup     ✓ [ 100% ] 00/20 VUs      30s            10.00 iters/s
warm_cache   [  67% ] 1189/1200 VUs  4m21.6s/6m30s  258.18 iters/s

running (4m57.8s), 1188/1220 VUs, 37264 complete and 0 interrupted iterations
warmup     ✓ [ 100% ] 00/20 VUs      30s            10.00 iters/s
warm_cache   [  67% ] 1188/1200 VUs  4m22.6s/6m30s  263.18 iters/s

running (4m58.8s), 1193/1220 VUs, 37369 complete and 0 interrupted iterations
warmup     ✓ [ 100% ] 00/20 VUs      30s            10.00 iters/s
warm_cache   [  68% ] 1193/1200 VUs  4m23.6s/6m30s  268.19 iters/s

running (4m59.8s), 1200/1220 VUs, 37470 complete and 0 interrupted iterations
warmup     ✓ [ 100% ] 00/20 VUs      30s            10.00 iters/s
warm_cache   [  68% ] 1200/1200 VUs  4m24.6s/6m30s  273.19 iters/s

running (5m00.8s), 1189/1220 VUs, 37579 complete and 0 interrupted iterations
warmup     ✓ [ 100% ] 00/20 VUs      30s            10.00 iters/s
warm_cache   [  68% ] 1189/1200 VUs  4m25.6s/6m30s  278.18 iters/s

running (5m01.8s), 1192/1220 VUs, 37686 complete and 0 interrupted iterations
warmup     ✓ [ 100% ] 00/20 VUs      30s            10.00 iters/s
warm_cache   [  68% ] 1192/1200 VUs  4m26.6s/6m30s  283.19 iters/s

running (5m02.8s), 1200/1220 VUs, 37797 complete and 0 interrupted iterations
warmup     ✓ [ 100% ] 00/20 VUs      30s            10.00 iters/s
warm_cache   [  69% ] 1200/1200 VUs  4m27.6s/6m30s  288.19 iters/s

running (5m03.8s), 1200/1220 VUs, 37918 complete and 0 interrupted iterations
warmup     ✓ [ 100% ] 00/20 VUs      30s            10.00 iters/s
warm_cache   [  69% ] 1200/1200 VUs  4m28.6s/6m30s  293.18 iters/s

running (5m04.8s), 1191/1220 VUs, 38043 complete and 0 interrupted iterations
warmup     ✓ [ 100% ] 00/20 VUs      30s            10.00 iters/s
warm_cache   [  69% ] 1191/1200 VUs  4m29.6s/6m30s  298.19 iters/s

running (5m05.8s), 1195/1220 VUs, 38144 complete and 0 interrupted iterations
warmup     ✓ [ 100% ] 00/20 VUs      30s            10.00 iters/s
warm_cache   [  69% ] 1195/1200 VUs  4m30.6s/6m30s  300.00 iters/s

running (5m06.8s), 1188/1220 VUs, 38261 complete and 0 interrupted iterations
warmup     ✓ [ 100% ] 00/20 VUs      30s            10.00 iters/s
warm_cache   [  70% ] 1188/1200 VUs  4m31.6s/6m30s  300.00 iters/s

running (5m07.8s), 1194/1220 VUs, 38378 complete and 0 interrupted iterations
warmup     ✓ [ 100% ] 00/20 VUs      30s            10.00 iters/s
warm_cache   [  70% ] 1194/1200 VUs  4m32.6s/6m30s  300.00 iters/s

running (5m08.8s), 1086/1220 VUs, 38766 complete and 0 interrupted iterations
warmup     ✓ [ 100% ] 00/20 VUs      30s            10.00 iters/s
warm_cache   [  70% ] 1086/1200 VUs  4m33.6s/6m30s  300.00 iters/s

running (5m09.8s), 0965/1220 VUs, 39187 complete and 0 interrupted iterations
warmup     ✓ [ 100% ] 00/20 VUs      30s            10.00 iters/s
warm_cache   [  70% ] 0965/1200 VUs  4m34.6s/6m30s  300.00 iters/s

running (5m10.8s), 0851/1220 VUs, 39601 complete and 0 interrupted iterations
warmup     ✓ [ 100% ] 00/20 VUs      30s            10.00 iters/s
warm_cache   [  71% ] 0851/1200 VUs  4m35.6s/6m30s  300.00 iters/s

running (5m11.8s), 0727/1220 VUs, 40026 complete and 0 interrupted iterations
warmup     ✓ [ 100% ] 00/20 VUs      30s            10.00 iters/s
warm_cache   [  71% ] 0727/1200 VUs  4m36.6s/6m30s  300.00 iters/s

running (5m12.8s), 0618/1220 VUs, 40435 complete and 0 interrupted iterations
warmup     ✓ [ 100% ] 00/20 VUs      30s            10.00 iters/s
warm_cache   [  71% ] 0618/1200 VUs  4m37.6s/6m30s  300.00 iters/s

running (5m13.8s), 0484/1220 VUs, 40868 complete and 0 interrupted iterations
warmup     ✓ [ 100% ] 00/20 VUs      30s            10.00 iters/s
warm_cache   [  71% ] 0484/1200 VUs  4m38.6s/6m30s  300.00 iters/s

running (5m14.8s), 0373/1220 VUs, 41280 complete and 0 interrupted iterations
warmup     ✓ [ 100% ] 00/20 VUs      30s            10.00 iters/s
warm_cache   [  72% ] 0373/1200 VUs  4m39.6s/6m30s  300.00 iters/s

running (5m15.8s), 0239/1220 VUs, 41714 complete and 0 interrupted iterations
warmup     ✓ [ 100% ] 00/20 VUs      30s            10.00 iters/s
warm_cache   [  72% ] 0239/1200 VUs  4m40.6s/6m30s  300.00 iters/s

running (5m16.8s), 0143/1220 VUs, 42110 complete and 0 interrupted iterations
warmup     ✓ [ 100% ] 00/20 VUs      30s            10.00 iters/s
warm_cache   [  72% ] 0143/1200 VUs  4m41.6s/6m30s  300.00 iters/s

running (5m17.8s), 0002/1220 VUs, 42550 complete and 0 interrupted iterations
warmup     ✓ [ 100% ] 00/20 VUs      30s            10.00 iters/s
warm_cache   [  72% ] 0002/1200 VUs  4m42.6s/6m30s  300.00 iters/s

running (5m18.8s), 0191/1220 VUs, 42662 complete and 0 interrupted iterations
warmup     ✓ [ 100% ] 00/20 VUs      30s            10.00 iters/s
warm_cache   [  73% ] 0191/1200 VUs  4m43.6s/6m30s  300.00 iters/s

running (5m19.8s), 0385/1220 VUs, 42767 complete and 0 interrupted iterations
warmup     ✓ [ 100% ] 00/20 VUs      30s            10.00 iters/s
warm_cache   [  73% ] 0385/1200 VUs  4m44.6s/6m30s  300.00 iters/s

running (5m20.8s), 0547/1220 VUs, 42906 complete and 0 interrupted iterations
warmup     ✓ [ 100% ] 00/20 VUs      30s            10.00 iters/s
warm_cache   [  73% ] 0547/1200 VUs  4m45.6s/6m30s  300.00 iters/s

running (5m21.8s), 0726/1220 VUs, 43027 complete and 0 interrupted iterations
warmup     ✓ [ 100% ] 00/20 VUs      30s            10.00 iters/s
warm_cache   [  73% ] 0726/1200 VUs  4m46.6s/6m30s  300.00 iters/s

running (5m22.8s), 0905/1220 VUs, 43148 complete and 0 interrupted iterations
warmup     ✓ [ 100% ] 00/20 VUs      30s            10.00 iters/s
warm_cache   [  74% ] 0905/1200 VUs  4m47.6s/6m30s  300.00 iters/s

running (5m23.8s), 1077/1220 VUs, 43276 complete and 0 interrupted iterations
warmup     ✓ [ 100% ] 00/20 VUs      30s            10.00 iters/s
warm_cache   [  74% ] 1077/1200 VUs  4m48.6s/6m30s  300.00 iters/s

running (5m24.8s), 1191/1220 VUs, 43393 complete and 0 interrupted iterations
warmup     ✓ [ 100% ] 00/20 VUs      30s            10.00 iters/s
warm_cache   [  74% ] 1191/1200 VUs  4m49.6s/6m30s  300.00 iters/s

running (5m25.8s), 1190/1220 VUs, 43522 complete and 0 interrupted iterations
warmup     ✓ [ 100% ] 00/20 VUs      30s            10.00 iters/s
warm_cache   [  75% ] 1190/1200 VUs  4m50.6s/6m30s  300.00 iters/s

running (5m26.8s), 1200/1220 VUs, 43637 complete and 0 interrupted iterations
warmup     ✓ [ 100% ] 00/20 VUs      30s            10.00 iters/s
warm_cache   [  75% ] 1200/1200 VUs  4m51.6s/6m30s  300.00 iters/s

running (5m27.8s), 1197/1220 VUs, 43762 complete and 0 interrupted iterations
warmup     ✓ [ 100% ] 00/20 VUs      30s            10.00 iters/s
warm_cache   [  75% ] 1197/1200 VUs  4m52.6s/6m30s  300.00 iters/s

running (5m28.8s), 1189/1220 VUs, 43898 complete and 0 interrupted iterations
warmup     ✓ [ 100% ] 00/20 VUs      30s            10.00 iters/s
warm_cache   [  75% ] 1189/1200 VUs  4m53.6s/6m30s  300.00 iters/s

running (5m29.8s), 1198/1220 VUs, 44015 complete and 0 interrupted iterations
warmup     ✓ [ 100% ] 00/20 VUs      30s            10.00 iters/s
warm_cache   [  76% ] 1198/1200 VUs  4m54.6s/6m30s  300.00 iters/s

running (5m30.8s), 1189/1220 VUs, 44147 complete and 0 interrupted iterations
warmup     ✓ [ 100% ] 00/20 VUs      30s            10.00 iters/s
warm_cache   [  76% ] 1189/1200 VUs  4m55.6s/6m30s  300.00 iters/s

running (5m31.8s), 1189/1220 VUs, 44270 complete and 0 interrupted iterations
warmup     ✓ [ 100% ] 00/20 VUs      30s            10.00 iters/s
warm_cache   [  76% ] 1189/1200 VUs  4m56.6s/6m30s  300.00 iters/s

running (5m32.8s), 1187/1220 VUs, 44397 complete and 0 interrupted iterations
warmup     ✓ [ 100% ] 00/20 VUs      30s            10.00 iters/s
warm_cache   [  76% ] 1187/1200 VUs  4m57.6s/6m30s  300.00 iters/s

running (5m33.8s), 1193/1220 VUs, 44518 complete and 0 interrupted iterations
warmup     ✓ [ 100% ] 00/20 VUs      30s            10.00 iters/s
warm_cache   [  77% ] 1193/1200 VUs  4m58.6s/6m30s  300.00 iters/s

running (5m34.8s), 1189/1220 VUs, 44641 complete and 0 interrupted iterations
warmup     ✓ [ 100% ] 00/20 VUs      30s            10.00 iters/s
warm_cache   [  77% ] 1189/1200 VUs  4m59.6s/6m30s  300.00 iters/s

running (5m35.8s), 1187/1220 VUs, 44763 complete and 0 interrupted iterations
warmup     ✓ [ 100% ] 00/20 VUs      30s            10.00 iters/s
warm_cache   [  77% ] 1187/1200 VUs  5m00.6s/6m30s  300.00 iters/s

running (5m36.8s), 1192/1220 VUs, 44883 complete and 0 interrupted iterations
warmup     ✓ [ 100% ] 00/20 VUs      30s            10.00 iters/s
warm_cache   [  77% ] 1192/1200 VUs  5m01.6s/6m30s  300.00 iters/s

running (5m37.8s), 1189/1220 VUs, 45009 complete and 0 interrupted iterations
warmup     ✓ [ 100% ] 00/20 VUs      30s            10.00 iters/s
warm_cache   [  78% ] 1189/1200 VUs  5m02.6s/6m30s  300.00 iters/s

running (5m38.8s), 1189/1220 VUs, 45145 complete and 0 interrupted iterations
warmup     ✓ [ 100% ] 00/20 VUs      30s            10.00 iters/s
warm_cache   [  78% ] 1189/1200 VUs  5m03.6s/6m30s  300.00 iters/s

running (5m39.8s), 1186/1220 VUs, 45283 complete and 0 interrupted iterations
warmup     ✓ [ 100% ] 00/20 VUs      30s            10.00 iters/s
warm_cache   [  78% ] 1186/1200 VUs  5m04.6s/6m30s  300.00 iters/s

running (5m40.8s), 1191/1220 VUs, 45413 complete and 0 interrupted iterations
warmup     ✓ [ 100% ] 00/20 VUs      30s            10.00 iters/s
warm_cache   [  78% ] 1191/1200 VUs  5m05.6s/6m30s  300.00 iters/s

running (5m41.8s), 0167/1220 VUs, 46601 complete and 0 interrupted iterations
warmup     ✓ [ 100% ] 00/20 VUs      30s            10.00 iters/s
warm_cache   [  79% ] 0167/1200 VUs  5m06.6s/6m30s  300.00 iters/s

running (5m42.8s), 0002/1220 VUs, 47065 complete and 0 interrupted iterations
warmup     ✓ [ 100% ] 00/20 VUs      30s            10.00 iters/s
warm_cache   [  79% ] 0003/1200 VUs  5m07.6s/6m30s  300.00 iters/s

running (5m43.8s), 0004/1220 VUs, 47363 complete and 0 interrupted iterations
warmup     ✓ [ 100% ] 00/20 VUs      30s            10.00 iters/s
warm_cache   [  79% ] 0004/1200 VUs  5m08.6s/6m30s  300.00 iters/s

running (5m44.8s), 0001/1220 VUs, 47666 complete and 0 interrupted iterations
warmup     ✓ [ 100% ] 00/20 VUs      30s            10.00 iters/s
warm_cache   [  79% ] 0001/1200 VUs  5m09.6s/6m30s  300.00 iters/s

running (5m45.8s), 0002/1220 VUs, 47965 complete and 0 interrupted iterations
warmup     ✓ [ 100% ] 00/20 VUs      30s            10.00 iters/s
warm_cache   [  80% ] 0002/1200 VUs  5m10.6s/6m30s  300.00 iters/s

running (5m46.8s), 0002/1220 VUs, 48266 complete and 0 interrupted iterations
warmup     ✓ [ 100% ] 00/20 VUs      30s            10.00 iters/s
warm_cache   [  80% ] 0002/1200 VUs  5m11.6s/6m30s  300.00 iters/s

running (5m47.8s), 0003/1220 VUs, 48565 complete and 0 interrupted iterations
warmup     ✓ [ 100% ] 00/20 VUs      30s            10.00 iters/s
warm_cache   [  80% ] 0003/1200 VUs  5m12.6s/6m30s  300.00 iters/s

running (5m48.8s), 0001/1220 VUs, 48866 complete and 0 interrupted iterations
warmup     ✓ [ 100% ] 00/20 VUs      30s            10.00 iters/s
warm_cache   [  80% ] 0001/1200 VUs  5m13.6s/6m30s  300.00 iters/s

running (5m49.8s), 0003/1220 VUs, 49165 complete and 0 interrupted iterations
warmup     ✓ [ 100% ] 00/20 VUs      30s            10.00 iters/s
warm_cache   [  81% ] 0003/1200 VUs  5m14.6s/6m30s  300.00 iters/s

running (5m50.8s), 0003/1220 VUs, 49465 complete and 0 interrupted iterations
warmup     ✓ [ 100% ] 00/20 VUs      30s            10.00 iters/s
warm_cache   [  81% ] 0003/1200 VUs  5m15.6s/6m30s  300.00 iters/s

running (5m51.8s), 0003/1220 VUs, 49764 complete and 0 interrupted iterations
warmup     ✓ [ 100% ] 00/20 VUs      30s            10.00 iters/s
warm_cache   [  81% ] 0003/1200 VUs  5m16.6s/6m30s  300.00 iters/s

running (5m52.8s), 0002/1220 VUs, 50065 complete and 0 interrupted iterations
warmup     ✓ [ 100% ] 00/20 VUs      30s            10.00 iters/s
warm_cache   [  81% ] 0002/1200 VUs  5m17.6s/6m30s  300.00 iters/s

running (5m53.8s), 0003/1220 VUs, 50365 complete and 0 interrupted iterations
warmup     ✓ [ 100% ] 00/20 VUs      30s            10.00 iters/s
warm_cache   [  82% ] 0003/1200 VUs  5m18.6s/6m30s  300.00 iters/s

running (5m54.8s), 0003/1220 VUs, 50665 complete and 0 interrupted iterations
warmup     ✓ [ 100% ] 00/20 VUs      30s            10.00 iters/s
warm_cache   [  82% ] 0003/1200 VUs  5m19.6s/6m30s  300.00 iters/s

running (5m55.8s), 0002/1220 VUs, 50966 complete and 0 interrupted iterations
warmup     ✓ [ 100% ] 00/20 VUs      30s            10.00 iters/s
warm_cache   [  82% ] 0002/1200 VUs  5m20.6s/6m30s  300.00 iters/s

running (5m56.8s), 0001/1220 VUs, 51266 complete and 0 interrupted iterations
warmup     ✓ [ 100% ] 00/20 VUs      30s            10.00 iters/s
warm_cache   [  82% ] 0002/1200 VUs  5m21.6s/6m30s  300.00 iters/s

running (5m57.8s), 0001/1220 VUs, 51566 complete and 0 interrupted iterations
warmup     ✓ [ 100% ] 00/20 VUs      30s            10.00 iters/s
warm_cache   [  83% ] 0001/1200 VUs  5m22.6s/6m30s  300.00 iters/s

running (5m58.8s), 0004/1220 VUs, 51864 complete and 0 interrupted iterations
warmup     ✓ [ 100% ] 00/20 VUs      30s            10.00 iters/s
warm_cache   [  83% ] 0004/1200 VUs  5m23.6s/6m30s  300.00 iters/s

running (5m59.8s), 0003/1220 VUs, 52165 complete and 0 interrupted iterations
warmup     ✓ [ 100% ] 00/20 VUs      30s            10.00 iters/s
warm_cache   [  83% ] 0003/1200 VUs  5m24.6s/6m30s  300.00 iters/s

running (6m00.8s), 0002/1220 VUs, 52465 complete and 0 interrupted iterations
warmup     ✓ [ 100% ] 00/20 VUs      30s            10.00 iters/s
warm_cache   [  83% ] 0002/1200 VUs  5m25.6s/6m30s  300.00 iters/s

running (6m01.8s), 0003/1220 VUs, 52765 complete and 0 interrupted iterations
warmup     ✓ [ 100% ] 00/20 VUs      30s            10.00 iters/s
warm_cache   [  84% ] 0003/1200 VUs  5m26.6s/6m30s  300.00 iters/s

running (6m02.8s), 0002/1220 VUs, 53065 complete and 0 interrupted iterations
warmup     ✓ [ 100% ] 00/20 VUs      30s            10.00 iters/s
warm_cache   [  84% ] 0002/1200 VUs  5m27.6s/6m30s  300.00 iters/s

running (6m03.8s), 0004/1220 VUs, 53363 complete and 0 interrupted iterations
warmup     ✓ [ 100% ] 00/20 VUs      30s            10.00 iters/s
warm_cache   [  84% ] 0004/1200 VUs  5m28.6s/6m30s  300.00 iters/s

running (6m04.8s), 0045/1220 VUs, 53622 complete and 0 interrupted iterations
warmup     ✓ [ 100% ] 00/20 VUs      30s            10.00 iters/s
warm_cache   [  85% ] 0045/1200 VUs  5m29.6s/6m30s  300.00 iters/s

running (6m05.8s), 0346/1220 VUs, 53622 complete and 0 interrupted iterations
warmup     ✓ [ 100% ] 00/20 VUs      30s            10.00 iters/s
warm_cache   [  85% ] 0346/1200 VUs  5m30.6s/6m30s  300.00 iters/s

running (6m06.8s), 0645/1220 VUs, 53622 complete and 0 interrupted iterations
warmup     ✓ [ 100% ] 00/20 VUs      30s            10.00 iters/s
warm_cache   [  85% ] 0646/1200 VUs  5m31.6s/6m30s  300.00 iters/s

running (6m07.8s), 0946/1220 VUs, 53622 complete and 0 interrupted iterations
warmup     ✓ [ 100% ] 00/20 VUs      30s            10.00 iters/s
warm_cache   [  85% ] 0946/1200 VUs  5m32.6s/6m30s  300.00 iters/s

running (6m08.8s), 1200/1220 VUs, 53632 complete and 0 interrupted iterations
warmup     ✓ [ 100% ] 00/20 VUs      30s            10.00 iters/s
warm_cache   [  86% ] 1200/1200 VUs  5m33.6s/6m30s  300.00 iters/s

running (6m09.8s), 1200/1220 VUs, 53677 complete and 0 interrupted iterations
warmup     ✓ [ 100% ] 00/20 VUs      30s            10.00 iters/s
warm_cache   [  86% ] 1200/1200 VUs  5m34.6s/6m30s  300.00 iters/s

running (6m10.8s), 1200/1220 VUs, 53762 complete and 0 interrupted iterations
warmup     ✓ [ 100% ] 00/20 VUs      30s            10.00 iters/s
warm_cache   [  86% ] 1200/1200 VUs  5m35.6s/6m30s  300.00 iters/s

running (6m11.8s), 1200/1220 VUs, 53825 complete and 0 interrupted iterations
warmup     ✓ [ 100% ] 00/20 VUs      30s            10.00 iters/s
warm_cache   [  86% ] 1200/1200 VUs  5m36.6s/6m30s  300.00 iters/s

running (6m12.8s), 1200/1220 VUs, 53895 complete and 0 interrupted iterations
warmup     ✓ [ 100% ] 00/20 VUs      30s            10.00 iters/s
warm_cache   [  87% ] 1200/1200 VUs  5m37.6s/6m30s  300.00 iters/s

running (6m13.8s), 1200/1220 VUs, 53966 complete and 0 interrupted iterations
warmup     ✓ [ 100% ] 00/20 VUs      30s            10.00 iters/s
warm_cache   [  87% ] 1200/1200 VUs  5m38.6s/6m30s  300.00 iters/s

running (6m14.8s), 1200/1220 VUs, 54043 complete and 0 interrupted iterations
warmup     ✓ [ 100% ] 00/20 VUs      30s            10.00 iters/s
warm_cache   [  87% ] 1200/1200 VUs  5m39.6s/6m30s  300.00 iters/s

running (6m15.8s), 1200/1220 VUs, 54124 complete and 0 interrupted iterations
warmup     ✓ [ 100% ] 00/20 VUs      30s            10.00 iters/s
warm_cache   [  87% ] 1200/1200 VUs  5m40.6s/6m30s  300.00 iters/s

running (6m16.8s), 1200/1220 VUs, 54194 complete and 0 interrupted iterations
warmup     ✓ [ 100% ] 00/20 VUs      30s            10.00 iters/s
warm_cache   [  88% ] 1200/1200 VUs  5m41.6s/6m30s  300.00 iters/s

running (6m17.8s), 1200/1220 VUs, 54274 complete and 0 interrupted iterations
warmup     ✓ [ 100% ] 00/20 VUs      30s            10.00 iters/s
warm_cache   [  88% ] 1200/1200 VUs  5m42.6s/6m30s  300.00 iters/s

running (6m18.8s), 1200/1220 VUs, 54350 complete and 0 interrupted iterations
warmup     ✓ [ 100% ] 00/20 VUs      30s            10.00 iters/s
warm_cache   [  88% ] 1200/1200 VUs  5m43.6s/6m30s  300.00 iters/s

running (6m19.8s), 1199/1220 VUs, 54424 complete and 0 interrupted iterations
warmup     ✓ [ 100% ] 00/20 VUs      30s            10.00 iters/s
warm_cache   [  88% ] 1199/1200 VUs  5m44.6s/6m30s  300.00 iters/s

running (6m20.8s), 1200/1220 VUs, 54504 complete and 0 interrupted iterations
warmup     ✓ [ 100% ] 00/20 VUs      30s            10.00 iters/s
warm_cache   [  89% ] 1200/1200 VUs  5m45.6s/6m30s  300.00 iters/s

running (6m21.8s), 1200/1220 VUs, 54583 complete and 0 interrupted iterations
warmup     ✓ [ 100% ] 00/20 VUs      30s            10.00 iters/s
warm_cache   [  89% ] 1200/1200 VUs  5m46.6s/6m30s  300.00 iters/s

running (6m22.8s), 1200/1220 VUs, 54664 complete and 0 interrupted iterations
warmup     ✓ [ 100% ] 00/20 VUs      30s            10.00 iters/s
warm_cache   [  89% ] 1200/1200 VUs  5m47.6s/6m30s  300.00 iters/s

running (6m23.8s), 1200/1220 VUs, 54743 complete and 0 interrupted iterations
warmup     ✓ [ 100% ] 00/20 VUs      30s            10.00 iters/s
warm_cache   [  89% ] 1200/1200 VUs  5m48.6s/6m30s  300.00 iters/s

running (6m24.8s), 1199/1220 VUs, 54822 complete and 0 interrupted iterations
warmup     ✓ [ 100% ] 00/20 VUs      30s            10.00 iters/s
warm_cache   [  90% ] 1199/1200 VUs  5m49.6s/6m30s  300.00 iters/s

running (6m25.8s), 1199/1220 VUs, 54914 complete and 0 interrupted iterations
warmup     ✓ [ 100% ] 00/20 VUs      30s            10.00 iters/s
warm_cache   [  90% ] 1199/1200 VUs  5m50.6s/6m30s  300.00 iters/s

running (6m26.8s), 1200/1220 VUs, 54987 complete and 0 interrupted iterations
warmup     ✓ [ 100% ] 00/20 VUs      30s            10.00 iters/s
warm_cache   [  90% ] 1200/1200 VUs  5m51.6s/6m30s  300.00 iters/s

running (6m27.8s), 1200/1220 VUs, 55066 complete and 0 interrupted iterations
warmup     ✓ [ 100% ] 00/20 VUs      30s            10.00 iters/s
warm_cache   [  90% ] 1200/1200 VUs  5m52.6s/6m30s  300.00 iters/s

running (6m28.8s), 1199/1220 VUs, 55139 complete and 0 interrupted iterations
warmup     ✓ [ 100% ] 00/20 VUs      30s            10.00 iters/s
warm_cache   [  91% ] 1199/1200 VUs  5m53.6s/6m30s  300.00 iters/s

running (6m29.8s), 1196/1220 VUs, 55233 complete and 0 interrupted iterations
warmup     ✓ [ 100% ] 00/20 VUs      30s            10.00 iters/s
warm_cache   [  91% ] 1196/1200 VUs  5m54.6s/6m30s  300.00 iters/s

running (6m30.8s), 1198/1220 VUs, 55309 complete and 0 interrupted iterations
warmup     ✓ [ 100% ] 00/20 VUs      30s            10.00 iters/s
warm_cache   [  91% ] 1198/1200 VUs  5m55.6s/6m30s  300.00 iters/s

running (6m31.8s), 1200/1220 VUs, 55369 complete and 0 interrupted iterations
warmup     ✓ [ 100% ] 00/20 VUs      30s            10.00 iters/s
warm_cache   [  91% ] 1200/1200 VUs  5m56.6s/6m30s  300.00 iters/s

running (6m32.8s), 1200/1220 VUs, 55432 complete and 0 interrupted iterations
warmup     ✓ [ 100% ] 00/20 VUs      30s            10.00 iters/s
warm_cache   [  92% ] 1200/1200 VUs  5m57.6s/6m30s  300.00 iters/s

running (6m33.8s), 1200/1220 VUs, 55514 complete and 0 interrupted iterations
warmup     ✓ [ 100% ] 00/20 VUs      30s            10.00 iters/s
warm_cache   [  92% ] 1200/1200 VUs  5m58.6s/6m30s  300.00 iters/s

running (6m34.8s), 1195/1220 VUs, 55604 complete and 0 interrupted iterations
warmup     ✓ [ 100% ] 00/20 VUs      30s            10.00 iters/s
warm_cache   [  92% ] 1195/1200 VUs  5m59.6s/6m30s  300.00 iters/s

running (6m35.8s), 1199/1220 VUs, 55689 complete and 0 interrupted iterations
warmup     ✓ [ 100% ] 00/20 VUs      30s            10.00 iters/s
warm_cache   [  92% ] 1199/1200 VUs  6m00.6s/6m30s  300.00 iters/s

running (6m36.8s), 1199/1220 VUs, 55763 complete and 0 interrupted iterations
warmup     ✓ [ 100% ] 00/20 VUs      30s            10.00 iters/s
warm_cache   [  93% ] 1199/1200 VUs  6m01.6s/6m30s  300.00 iters/s

running (6m37.8s), 1200/1220 VUs, 55828 complete and 0 interrupted iterations
warmup     ✓ [ 100% ] 00/20 VUs      30s            10.00 iters/s
warm_cache   [  93% ] 1200/1200 VUs  6m02.6s/6m30s  300.00 iters/s

running (6m38.8s), 1197/1220 VUs, 55904 complete and 0 interrupted iterations
warmup     ✓ [ 100% ] 00/20 VUs      30s            10.00 iters/s
warm_cache   [  93% ] 1197/1200 VUs  6m03.6s/6m30s  300.00 iters/s

running (6m39.8s), 1197/1220 VUs, 55978 complete and 0 interrupted iterations
warmup     ✓ [ 100% ] 00/20 VUs      30s            10.00 iters/s
warm_cache   [  93% ] 1197/1200 VUs  6m04.6s/6m30s  300.00 iters/s

running (6m40.8s), 1194/1220 VUs, 56046 complete and 0 interrupted iterations
warmup     ✓ [ 100% ] 00/20 VUs      30s            10.00 iters/s
warm_cache   [  94% ] 1194/1200 VUs  6m05.6s/6m30s  300.00 iters/s

running (6m41.8s), 1200/1220 VUs, 56123 complete and 0 interrupted iterations
warmup     ✓ [ 100% ] 00/20 VUs      30s            10.00 iters/s
warm_cache   [  94% ] 1200/1200 VUs  6m06.6s/6m30s  300.00 iters/s

running (6m42.8s), 1199/1220 VUs, 56204 complete and 0 interrupted iterations
warmup     ✓ [ 100% ] 00/20 VUs      30s            10.00 iters/s
warm_cache   [  94% ] 1199/1200 VUs  6m07.6s/6m30s  300.00 iters/s

running (6m43.8s), 1191/1220 VUs, 56293 complete and 0 interrupted iterations
warmup     ✓ [ 100% ] 00/20 VUs      30s            10.00 iters/s
warm_cache   [  95% ] 1191/1200 VUs  6m08.6s/6m30s  300.00 iters/s

running (6m44.8s), 1196/1220 VUs, 56379 complete and 0 interrupted iterations
warmup     ✓ [ 100% ] 00/20 VUs      30s            10.00 iters/s
warm_cache   [  95% ] 1196/1200 VUs  6m09.6s/6m30s  300.00 iters/s

running (6m45.8s), 1197/1220 VUs, 56466 complete and 0 interrupted iterations
warmup     ✓ [ 100% ] 00/20 VUs      30s            10.00 iters/s
warm_cache   [  95% ] 1197/1200 VUs  6m10.6s/6m30s  300.00 iters/s

running (6m46.8s), 1198/1220 VUs, 56559 complete and 0 interrupted iterations
warmup     ✓ [ 100% ] 00/20 VUs      30s            10.00 iters/s
warm_cache   [  95% ] 1198/1200 VUs  6m11.6s/6m30s  300.00 iters/s

running (6m47.8s), 1198/1220 VUs, 56648 complete and 0 interrupted iterations
warmup     ✓ [ 100% ] 00/20 VUs      30s            10.00 iters/s
warm_cache   [  96% ] 1198/1200 VUs  6m12.6s/6m30s  300.00 iters/s

running (6m48.8s), 1199/1220 VUs, 56739 complete and 0 interrupted iterations
warmup     ✓ [ 100% ] 00/20 VUs      30s            10.00 iters/s
warm_cache   [  96% ] 1199/1200 VUs  6m13.6s/6m30s  300.00 iters/s

running (6m49.8s), 1197/1220 VUs, 56829 complete and 0 interrupted iterations
warmup     ✓ [ 100% ] 00/20 VUs      30s            10.00 iters/s
warm_cache   [  96% ] 1197/1200 VUs  6m14.6s/6m30s  300.00 iters/s

running (6m50.8s), 1197/1220 VUs, 56933 complete and 0 interrupted iterations
warmup     ✓ [ 100% ] 00/20 VUs      30s            10.00 iters/s
warm_cache   [  96% ] 1197/1200 VUs  6m15.6s/6m30s  300.00 iters/s

running (6m51.8s), 1200/1220 VUs, 57025 complete and 0 interrupted iterations
warmup     ✓ [ 100% ] 00/20 VUs      30s            10.00 iters/s
warm_cache   [  97% ] 1200/1200 VUs  6m16.6s/6m30s  300.00 iters/s

running (6m52.8s), 1196/1220 VUs, 57128 complete and 0 interrupted iterations
warmup     ✓ [ 100% ] 00/20 VUs      30s            10.00 iters/s
warm_cache   [  97% ] 1196/1200 VUs  6m17.6s/6m30s  300.00 iters/s

running (6m53.8s), 1197/1220 VUs, 57232 complete and 0 interrupted iterations
warmup     ✓ [ 100% ] 00/20 VUs      30s            10.00 iters/s
warm_cache   [  97% ] 1197/1200 VUs  6m18.6s/6m30s  300.00 iters/s

running (6m54.8s), 1198/1220 VUs, 57341 complete and 0 interrupted iterations
warmup     ✓ [ 100% ] 00/20 VUs      30s            10.00 iters/s
warm_cache   [  97% ] 1198/1200 VUs  6m19.6s/6m30s  300.00 iters/s

running (6m55.8s), 1198/1220 VUs, 57442 complete and 0 interrupted iterations
warmup     ✓ [ 100% ] 00/20 VUs      30s            10.00 iters/s
warm_cache   [  98% ] 1198/1200 VUs  6m20.6s/6m30s  300.00 iters/s

running (6m56.8s), 1192/1220 VUs, 57549 complete and 0 interrupted iterations
warmup     ✓ [ 100% ] 00/20 VUs      30s            10.00 iters/s
warm_cache   [  98% ] 1192/1200 VUs  6m21.6s/6m30s  300.00 iters/s

running (6m57.8s), 1194/1220 VUs, 57661 complete and 0 interrupted iterations
warmup     ✓ [ 100% ] 00/20 VUs      30s            10.00 iters/s
warm_cache   [  98% ] 1194/1200 VUs  6m22.6s/6m30s  300.00 iters/s

running (6m58.8s), 1195/1220 VUs, 57757 complete and 0 interrupted iterations
warmup     ✓ [ 100% ] 00/20 VUs      30s            10.00 iters/s
warm_cache   [  98% ] 1195/1200 VUs  6m23.6s/6m30s  300.00 iters/s

running (6m59.8s), 1196/1220 VUs, 57862 complete and 0 interrupted iterations
warmup     ✓ [ 100% ] 00/20 VUs      30s            10.00 iters/s
warm_cache   [  99% ] 1196/1200 VUs  6m24.6s/6m30s  300.00 iters/s

running (7m00.8s), 1200/1220 VUs, 57968 complete and 0 interrupted iterations
warmup     ✓ [ 100% ] 00/20 VUs      30s            10.00 iters/s
warm_cache   [  99% ] 1200/1200 VUs  6m25.6s/6m30s  300.00 iters/s

running (7m01.8s), 1197/1220 VUs, 58065 complete and 0 interrupted iterations
warmup     ✓ [ 100% ] 00/20 VUs      30s            10.00 iters/s
warm_cache   [  99% ] 1197/1200 VUs  6m26.6s/6m30s  300.00 iters/s

running (7m02.8s), 1195/1220 VUs, 58173 complete and 0 interrupted iterations
warmup     ✓ [ 100% ] 00/20 VUs      30s            10.00 iters/s
warm_cache   [  99% ] 1195/1200 VUs  6m27.6s/6m30s  300.00 iters/s

running (7m03.8s), 1194/1220 VUs, 58291 complete and 0 interrupted iterations
warmup     ✓ [ 100% ] 00/20 VUs      30s            10.00 iters/s
warm_cache   [ 100% ] 1194/1200 VUs  6m28.6s/6m30s  300.00 iters/s

running (7m04.8s), 1194/1220 VUs, 58394 complete and 0 interrupted iterations
warmup     ✓ [ 100% ] 00/20 VUs      30s            10.00 iters/s
warm_cache   [ 100% ] 1194/1200 VUs  6m29.6s/6m30s  300.00 iters/s

running (7m05.8s), 1135/1220 VUs, 58501 complete and 0 interrupted iterations
warmup     ✓ [ 100% ] 00/20 VUs      30s    10.00 iters/s
warm_cache ↓ [ 100% ] 1200/1200 VUs  6m30s  300.00 iters/s

running (7m06.8s), 1022/1220 VUs, 58614 complete and 0 interrupted iterations
warmup     ✓ [ 100% ] 00/20 VUs      30s    10.00 iters/s
warm_cache ↓ [ 100% ] 1200/1200 VUs  6m30s  300.00 iters/s

running (7m07.8s), 0903/1220 VUs, 58733 complete and 0 interrupted iterations
warmup     ✓ [ 100% ] 00/20 VUs      30s    10.00 iters/s
warm_cache ↓ [ 100% ] 1200/1200 VUs  6m30s  300.00 iters/s

running (7m08.8s), 0785/1220 VUs, 58851 complete and 0 interrupted iterations
warmup     ✓ [ 100% ] 00/20 VUs      30s    10.00 iters/s
warm_cache ↓ [ 100% ] 1200/1200 VUs  6m30s  300.00 iters/s

running (7m09.8s), 0663/1220 VUs, 58973 complete and 0 interrupted iterations
warmup     ✓ [ 100% ] 00/20 VUs      30s    10.00 iters/s
warm_cache ↓ [ 100% ] 1200/1200 VUs  6m30s  300.00 iters/s

running (7m10.8s), 0553/1220 VUs, 59083 complete and 0 interrupted iterations
warmup     ✓ [ 100% ] 00/20 VUs      30s    10.00 iters/s
warm_cache ↓ [ 100% ] 1200/1200 VUs  6m30s  300.00 iters/s

running (7m11.8s), 0432/1220 VUs, 59204 complete and 0 interrupted iterations
warmup     ✓ [ 100% ] 00/20 VUs      30s    10.00 iters/s
warm_cache ↓ [ 100% ] 1200/1200 VUs  6m30s  300.00 iters/s

running (7m12.8s), 0318/1220 VUs, 59318 complete and 0 interrupted iterations
warmup     ✓ [ 100% ] 00/20 VUs      30s    10.00 iters/s
warm_cache ↓ [ 100% ] 1200/1200 VUs  6m30s  300.00 iters/s

running (7m13.8s), 0203/1220 VUs, 59433 complete and 0 interrupted iterations
warmup     ✓ [ 100% ] 00/20 VUs      30s    10.00 iters/s
warm_cache ↓ [ 100% ] 1200/1200 VUs  6m30s  300.00 iters/s

running (7m14.8s), 0090/1220 VUs, 59546 complete and 0 interrupted iterations
warmup     ✓ [ 100% ] 00/20 VUs      30s    10.00 iters/s
warm_cache ↓ [ 100% ] 1200/1200 VUs  6m30s  300.00 iters/s


  █ THRESHOLDS 

    checks
    ✗ 'rate==1' rate=44.56%

    dropped_iterations
    ✗ 'count==0' count=36711

    http_req_duration{endpoint:redirect_warm_cache}
    ✗ 'p(95)<100' p(95)=15.38s
    ✗ 'p(99)<250' p(99)=16.89s

    http_req_failed
    ✗ 'rate<0.001' rate=55.49%


  █ TOTAL RESULTS 

    checks_total.......: 59711  137.123781/s
    checks_succeeded...: 44.56% 26608 out of 59711
    checks_failed......: 55.43% 33103 out of 59711

    ✓ setup link create returns 201
    ✓ setup link has a valid code
    ✓ setup link has a short URL
    ✓ setup link has a secret key
    ✓ redirect_warm_cache_warmup returns 302
    ✗ redirect_warm_cache returns 302
      ↳  44% — ✓ 26227 / ✗ 33083
    ✗ test link cleanup returns 200
      ↳  0% — ✓ 0 / ✗ 20

    CUSTOM
    redirect_client_blocked..............: avg=712.52µs min=0s     med=0s    max=88.6ms   p(90)=0s      p(95)=0s      
    redirect_client_connecting...........: avg=212.05µs min=0s     med=0s    max=48.71ms  p(90)=0s      p(95)=0s      
    redirect_client_receiving............: avg=1.18ms   min=0s     med=0s    max=302.07ms p(90)=1ms     p(95)=2.41ms  
    redirect_client_sending..............: avg=155.34µs min=0s     med=0s    max=8.07ms   p(90)=510.7µs p(95)=554.15µs
    redirect_client_tls_handshaking......: avg=493.89µs min=0s     med=0s    max=58.93ms  p(90)=0s      p(95)=0s      
    redirect_client_waiting..............: avg=5.78s    min=2.9ms  med=5.37s max=20.9s    p(90)=14.47s  p(95)=15.38s  

    HTTP
    http_req_duration....................: avg=5.75s    min=2.97ms med=5.26s max=20.9s    p(90)=14.46s  p(95)=15.38s  
      { endpoint:redirect_warm_cache }...: avg=5.78s    min=2.97ms med=5.37s max=20.9s    p(90)=14.47s  p(95)=15.38s  
      { expected_response:true }.........: avg=9.09s    min=9.74ms med=9.26s max=19.98s   p(90)=14.27s  p(95)=15.27s  
    http_req_failed......................: 55.49% 33103 out of 59651
    http_reqs............................: 59651  136.985994/s

    EXECUTION
    dropped_iterations...................: 36711  84.305256/s
    iteration_duration...................: avg=5.75s    min=2.97ms med=5.27s max=20.9s    p(90)=14.46s  p(95)=15.38s  
    iterations...........................: 59611  136.894136/s
    vus..................................: 90     min=0              max=1200
    vus_max..............................: 1220   min=620            max=1220

    NETWORK
    data_received........................: 15 MB  34 kB/s
    data_sent............................: 4.6 MB 11 kB/s




running (7m15.5s), 0000/1220 VUs, 59611 complete and 25 interrupted iterations
warmup     ✓ [ 100% ] 00/20 VUs      30s    10.00 iters/s
warm_cache ✓ [ 100% ] 0025/1200 VUs  6m30s  300.00 iters/s
time="2026-07-29T10:58:43+09:00" level=error msg="thresholds on metrics 'checks, dropped_iterations, http_req_duration{endpoint:redirect_warm_cache}, http_req_failed' have been crossed"
