
         /\      Grafana   /‾‾/  
    /\  /  \     |\  __   /  /   
   /  \/    \    | |/ /  /   ‾‾\ 
  /          \   |   (  |  (‾)  |
 / __________ \  |_|\_\  \_____/ 


     execution: local
        script: C:\Users\qkrwl\Desktop\repo\my\srrrg\scripts\performance\warm-cache.js
        output: -

     scenarios: (100.00%) 2 scenarios, 240 max VUs, 9m20s max duration (incl. graceful stop):
              * warmup: 10.00 iterations/s for 30s (maxVUs: 20-40, exec: warmup, gracefulStop: 5s)
              * warm_cache: Up to 500.00 iterations/s for 8m40s over 8 stages (maxVUs: 100-200, exec: warmCache, startTime: 30s, gracefulStop: 10s)

time="2026-07-29T12:49:50+09:00" level=info msg="test configuration: scenario=warm-cache, baseUrl=https://jhhomehub.gonetis.com/srrrg-dev, rates=350,400,450,500, stageDuration=2m, rampDuration=10s, dataLinks=20, warmupRate=10, warmupDuration=30s, preAllocatedVUs=100, maxVUs=200" source=console
time="2026-07-29T12:49:50+09:00" level=info msg="test link created: code=h9pSXe, shortUrl=https://jhhomehub.gonetis.com/srrrg-dev/h9pSXe" source=console
time="2026-07-29T12:49:50+09:00" level=info msg="test link created: code=hLzxmv, shortUrl=https://jhhomehub.gonetis.com/srrrg-dev/hLzxmv" source=console
time="2026-07-29T12:49:51+09:00" level=info msg="test link created: code=oVgXkM, shortUrl=https://jhhomehub.gonetis.com/srrrg-dev/oVgXkM" source=console
time="2026-07-29T12:49:51+09:00" level=info msg="test link created: code=uJfixv, shortUrl=https://jhhomehub.gonetis.com/srrrg-dev/uJfixv" source=console

Run          [ 100% ] setup()
warmup       [   0% ]
warm_cache   [   0% ]
time="2026-07-29T12:49:51+09:00" level=info msg="test link created: code=7wr2d8, shortUrl=https://jhhomehub.gonetis.com/srrrg-dev/7wr2d8" source=console
time="2026-07-29T12:49:51+09:00" level=info msg="test link created: code=G0PeZz, shortUrl=https://jhhomehub.gonetis.com/srrrg-dev/G0PeZz" source=console
time="2026-07-29T12:49:51+09:00" level=info msg="test link created: code=C9PPPZ, shortUrl=https://jhhomehub.gonetis.com/srrrg-dev/C9PPPZ" source=console
time="2026-07-29T12:49:52+09:00" level=info msg="test link created: code=dbk2up, shortUrl=https://jhhomehub.gonetis.com/srrrg-dev/dbk2up" source=console
time="2026-07-29T12:49:52+09:00" level=info msg="test link created: code=gnyUbD, shortUrl=https://jhhomehub.gonetis.com/srrrg-dev/gnyUbD" source=console

Run          [ 100% ] setup()
warmup       [   0% ]
warm_cache   [   0% ]
time="2026-07-29T12:49:52+09:00" level=info msg="test link created: code=nazXXm, shortUrl=https://jhhomehub.gonetis.com/srrrg-dev/nazXXm" source=console
time="2026-07-29T12:49:52+09:00" level=info msg="test link created: code=b38wLX, shortUrl=https://jhhomehub.gonetis.com/srrrg-dev/b38wLX" source=console
time="2026-07-29T12:49:52+09:00" level=info msg="test link created: code=XQSy2f, shortUrl=https://jhhomehub.gonetis.com/srrrg-dev/XQSy2f" source=console
time="2026-07-29T12:49:52+09:00" level=info msg="test link created: code=XM596U, shortUrl=https://jhhomehub.gonetis.com/srrrg-dev/XM596U" source=console
time="2026-07-29T12:49:53+09:00" level=info msg="test link created: code=YBLwwL, shortUrl=https://jhhomehub.gonetis.com/srrrg-dev/YBLwwL" source=console
time="2026-07-29T12:49:53+09:00" level=info msg="test link created: code=F6KHHo, shortUrl=https://jhhomehub.gonetis.com/srrrg-dev/F6KHHo" source=console

Run          [ 100% ] setup()
warmup       [   0% ]
warm_cache   [   0% ]
time="2026-07-29T12:49:53+09:00" level=info msg="test link created: code=RSgpDI, shortUrl=https://jhhomehub.gonetis.com/srrrg-dev/RSgpDI" source=console
time="2026-07-29T12:49:53+09:00" level=info msg="test link created: code=UcFeZ1, shortUrl=https://jhhomehub.gonetis.com/srrrg-dev/UcFeZ1" source=console
time="2026-07-29T12:49:53+09:00" level=info msg="test link created: code=IUDwr2, shortUrl=https://jhhomehub.gonetis.com/srrrg-dev/IUDwr2" source=console
time="2026-07-29T12:49:54+09:00" level=info msg="test link created: code=VCnkqF, shortUrl=https://jhhomehub.gonetis.com/srrrg-dev/VCnkqF" source=console
time="2026-07-29T12:49:54+09:00" level=info msg="test link created: code=oM2S5d, shortUrl=https://jhhomehub.gonetis.com/srrrg-dev/oM2S5d" source=console

running (0m04.0s), 000/120 VUs, 2 complete and 0 interrupted iterations
warmup       [   1% ] 00/20 VUs  00.2s/30s  10.00 iters/s
warm_cache • [   0% ] waiting    29.8s     

running (0m05.0s), 000/120 VUs, 12 complete and 0 interrupted iterations
warmup       [   4% ] 00/20 VUs  01.2s/30s  10.00 iters/s
warm_cache • [   0% ] waiting    28.8s     

running (0m06.0s), 000/120 VUs, 22 complete and 0 interrupted iterations
warmup       [   7% ] 00/20 VUs  02.2s/30s  10.00 iters/s
warm_cache • [   0% ] waiting    27.8s     

running (0m07.0s), 000/120 VUs, 32 complete and 0 interrupted iterations
warmup       [  11% ] 00/20 VUs  03.2s/30s  10.00 iters/s
warm_cache • [   0% ] waiting    26.8s     

running (0m08.0s), 000/120 VUs, 42 complete and 0 interrupted iterations
warmup       [  14% ] 00/20 VUs  04.2s/30s  10.00 iters/s
warm_cache • [   0% ] waiting    25.8s     

running (0m09.0s), 000/120 VUs, 52 complete and 0 interrupted iterations
warmup       [  17% ] 00/20 VUs  05.2s/30s  10.00 iters/s
warm_cache • [   0% ] waiting    24.8s     

running (0m10.0s), 000/120 VUs, 62 complete and 0 interrupted iterations
warmup       [  21% ] 00/20 VUs  06.2s/30s  10.00 iters/s
warm_cache • [   0% ] waiting    23.8s     

running (0m11.0s), 000/120 VUs, 72 complete and 0 interrupted iterations
warmup       [  24% ] 00/20 VUs  07.2s/30s  10.00 iters/s
warm_cache • [   0% ] waiting    22.8s     

running (0m12.0s), 000/120 VUs, 82 complete and 0 interrupted iterations
warmup       [  27% ] 00/20 VUs  08.2s/30s  10.00 iters/s
warm_cache • [   0% ] waiting    21.8s     

running (0m13.0s), 000/120 VUs, 92 complete and 0 interrupted iterations
warmup       [  31% ] 00/20 VUs  09.2s/30s  10.00 iters/s
warm_cache • [   0% ] waiting    20.8s     

running (0m14.0s), 000/120 VUs, 102 complete and 0 interrupted iterations
warmup       [  34% ] 00/20 VUs  10.2s/30s  10.00 iters/s
warm_cache • [   0% ] waiting    19.8s     

running (0m15.0s), 000/120 VUs, 112 complete and 0 interrupted iterations
warmup       [  37% ] 00/20 VUs  11.2s/30s  10.00 iters/s
warm_cache • [   0% ] waiting    18.8s     

running (0m16.0s), 000/120 VUs, 122 complete and 0 interrupted iterations
warmup       [  41% ] 00/20 VUs  12.2s/30s  10.00 iters/s
warm_cache • [   0% ] waiting    17.8s     

running (0m17.0s), 000/120 VUs, 132 complete and 0 interrupted iterations
warmup       [  44% ] 00/20 VUs  13.2s/30s  10.00 iters/s
warm_cache • [   0% ] waiting    16.8s     

running (0m18.0s), 000/120 VUs, 142 complete and 0 interrupted iterations
warmup       [  47% ] 00/20 VUs  14.2s/30s  10.00 iters/s
warm_cache • [   0% ] waiting    15.8s     

running (0m19.0s), 000/120 VUs, 152 complete and 0 interrupted iterations
warmup       [  51% ] 00/20 VUs  15.2s/30s  10.00 iters/s
warm_cache • [   0% ] waiting    14.8s     

running (0m20.0s), 000/120 VUs, 162 complete and 0 interrupted iterations
warmup       [  54% ] 00/20 VUs  16.2s/30s  10.00 iters/s
warm_cache • [   0% ] waiting    13.8s     

running (0m21.0s), 000/120 VUs, 172 complete and 0 interrupted iterations
warmup       [  57% ] 00/20 VUs  17.2s/30s  10.00 iters/s
warm_cache • [   0% ] waiting    12.8s     

running (0m22.0s), 000/120 VUs, 182 complete and 0 interrupted iterations
warmup       [  61% ] 00/20 VUs  18.2s/30s  10.00 iters/s
warm_cache • [   0% ] waiting    11.8s     

running (0m23.0s), 000/120 VUs, 192 complete and 0 interrupted iterations
warmup       [  64% ] 00/20 VUs  19.2s/30s  10.00 iters/s
warm_cache • [   0% ] waiting    10.8s     

running (0m24.0s), 000/120 VUs, 202 complete and 0 interrupted iterations
warmup       [  67% ] 00/20 VUs  20.2s/30s  10.00 iters/s
warm_cache • [   0% ] waiting    09.8s     

running (0m25.0s), 000/120 VUs, 212 complete and 0 interrupted iterations
warmup       [  71% ] 00/20 VUs  21.2s/30s  10.00 iters/s
warm_cache • [   0% ] waiting    08.8s     

running (0m26.0s), 000/120 VUs, 222 complete and 0 interrupted iterations
warmup       [  74% ] 00/20 VUs  22.2s/30s  10.00 iters/s
warm_cache • [   0% ] waiting    07.8s     

running (0m27.0s), 000/120 VUs, 232 complete and 0 interrupted iterations
warmup       [  77% ] 00/20 VUs  23.2s/30s  10.00 iters/s
warm_cache • [   0% ] waiting    06.8s     

running (0m28.0s), 000/120 VUs, 242 complete and 0 interrupted iterations
warmup       [  81% ] 00/20 VUs  24.2s/30s  10.00 iters/s
warm_cache • [   0% ] waiting    05.8s     

running (0m29.0s), 000/120 VUs, 252 complete and 0 interrupted iterations
warmup       [  84% ] 00/20 VUs  25.2s/30s  10.00 iters/s
warm_cache • [   0% ] waiting    04.8s     

running (0m30.0s), 000/120 VUs, 262 complete and 0 interrupted iterations
warmup       [  87% ] 00/20 VUs  26.2s/30s  10.00 iters/s
warm_cache • [   0% ] waiting    03.8s     

running (0m31.0s), 000/120 VUs, 272 complete and 0 interrupted iterations
warmup       [  91% ] 00/20 VUs  27.2s/30s  10.00 iters/s
warm_cache • [   0% ] waiting    02.8s     

running (0m32.0s), 000/120 VUs, 282 complete and 0 interrupted iterations
warmup       [  94% ] 00/20 VUs  28.2s/30s  10.00 iters/s
warm_cache • [   0% ] waiting    01.8s     

running (0m33.0s), 000/120 VUs, 292 complete and 0 interrupted iterations
warmup       [  97% ] 00/20 VUs  29.2s/30s  10.00 iters/s
warm_cache • [   0% ] waiting    00.8s     

running (0m34.0s), 001/120 VUs, 302 complete and 0 interrupted iterations
warmup     ✓ [ 100% ] 00/20 VUs    30s            10.00 iters/s
warm_cache   [   0% ] 001/100 VUs  0m00.2s/8m40s  016.40 iters/s

running (0m35.0s), 002/120 VUs, 334 complete and 0 interrupted iterations
warmup     ✓ [ 100% ] 00/20 VUs    30s            10.00 iters/s
warm_cache   [   0% ] 002/100 VUs  0m01.2s/8m40s  050.14 iters/s

running (0m36.0s), 003/120 VUs, 400 complete and 0 interrupted iterations
warmup     ✓ [ 100% ] 00/20 VUs    30s            10.00 iters/s
warm_cache   [   0% ] 003/100 VUs  0m02.2s/8m40s  084.08 iters/s

running (0m37.0s), 001/120 VUs, 503 complete and 0 interrupted iterations
warmup     ✓ [ 100% ] 00/20 VUs    30s            10.00 iters/s
warm_cache   [   1% ] 001/100 VUs  0m03.2s/8m40s  118.06 iters/s

running (0m38.0s), 001/120 VUs, 638 complete and 0 interrupted iterations
warmup     ✓ [ 100% ] 00/20 VUs    30s            10.00 iters/s
warm_cache   [   1% ] 001/100 VUs  0m04.2s/8m40s  152.05 iters/s

running (0m39.0s), 002/120 VUs, 806 complete and 0 interrupted iterations
warmup     ✓ [ 100% ] 00/20 VUs    30s            10.00 iters/s
warm_cache   [   1% ] 002/100 VUs  0m05.2s/8m40s  186.04 iters/s

running (0m40.0s), 006/120 VUs, 1005 complete and 0 interrupted iterations
warmup     ✓ [ 100% ] 00/20 VUs    30s            10.00 iters/s
warm_cache   [   1% ] 006/100 VUs  0m06.2s/8m40s  220.03 iters/s

running (0m41.0s), 007/120 VUs, 1242 complete and 0 interrupted iterations
warmup     ✓ [ 100% ] 00/20 VUs    30s            10.00 iters/s
warm_cache   [   1% ] 007/100 VUs  0m07.2s/8m40s  254.16 iters/s

running (0m42.0s), 011/120 VUs, 1509 complete and 0 interrupted iterations
warmup     ✓ [ 100% ] 00/20 VUs    30s            10.00 iters/s
warm_cache   [   2% ] 011/100 VUs  0m08.2s/8m40s  288.14 iters/s

running (0m43.0s), 005/120 VUs, 1820 complete and 0 interrupted iterations
warmup     ✓ [ 100% ] 00/20 VUs    30s            10.00 iters/s
warm_cache   [   2% ] 005/100 VUs  0m09.2s/8m40s  322.13 iters/s

running (0m44.0s), 003/120 VUs, 2160 complete and 0 interrupted iterations
warmup     ✓ [ 100% ] 00/20 VUs    30s            10.00 iters/s
warm_cache   [   2% ] 003/100 VUs  0m10.2s/8m40s  350.00 iters/s

running (0m45.0s), 005/120 VUs, 2508 complete and 0 interrupted iterations
warmup     ✓ [ 100% ] 00/20 VUs    30s            10.00 iters/s
warm_cache   [   2% ] 005/100 VUs  0m11.2s/8m40s  350.00 iters/s

running (0m46.0s), 013/120 VUs, 2850 complete and 0 interrupted iterations
warmup     ✓ [ 100% ] 00/20 VUs    30s            10.00 iters/s
warm_cache   [   2% ] 013/100 VUs  0m12.2s/8m40s  350.00 iters/s

running (0m47.0s), 003/120 VUs, 3210 complete and 0 interrupted iterations
warmup     ✓ [ 100% ] 00/20 VUs    30s            10.00 iters/s
warm_cache   [   3% ] 003/100 VUs  0m13.2s/8m40s  350.00 iters/s

running (0m48.0s), 013/120 VUs, 3550 complete and 0 interrupted iterations
warmup     ✓ [ 100% ] 00/20 VUs    30s            10.00 iters/s
warm_cache   [   3% ] 013/100 VUs  0m14.2s/8m40s  350.00 iters/s

running (0m49.0s), 085/122 VUs, 3826 complete and 0 interrupted iterations
warmup     ✓ [ 100% ] 00/20 VUs    30s            10.00 iters/s
warm_cache   [   3% ] 085/102 VUs  0m15.2s/8m40s  350.00 iters/s

running (0m50.0s), 013/122 VUs, 4248 complete and 0 interrupted iterations
warmup     ✓ [ 100% ] 00/20 VUs    30s            10.00 iters/s
warm_cache   [   3% ] 013/102 VUs  0m16.2s/8m40s  350.00 iters/s

running (0m51.0s), 014/122 VUs, 4597 complete and 0 interrupted iterations
warmup     ✓ [ 100% ] 00/20 VUs    30s            10.00 iters/s
warm_cache   [   3% ] 014/102 VUs  0m17.2s/8m40s  350.00 iters/s

running (0m52.0s), 012/122 VUs, 4949 complete and 0 interrupted iterations
warmup     ✓ [ 100% ] 00/20 VUs    30s            10.00 iters/s
warm_cache   [   3% ] 012/102 VUs  0m18.2s/8m40s  350.00 iters/s

running (0m53.0s), 006/122 VUs, 5305 complete and 0 interrupted iterations
warmup     ✓ [ 100% ] 00/20 VUs    30s            10.00 iters/s
warm_cache   [   4% ] 006/102 VUs  0m19.2s/8m40s  350.00 iters/s

running (0m54.0s), 007/122 VUs, 5654 complete and 0 interrupted iterations
warmup     ✓ [ 100% ] 00/20 VUs    30s            10.00 iters/s
warm_cache   [   4% ] 007/102 VUs  0m20.2s/8m40s  350.00 iters/s

running (0m55.0s), 018/122 VUs, 5993 complete and 0 interrupted iterations
warmup     ✓ [ 100% ] 00/20 VUs    30s            10.00 iters/s
warm_cache   [   4% ] 018/102 VUs  0m21.2s/8m40s  350.00 iters/s

running (0m56.0s), 012/122 VUs, 6349 complete and 0 interrupted iterations
warmup     ✓ [ 100% ] 00/20 VUs    30s            10.00 iters/s
warm_cache   [   4% ] 012/102 VUs  0m22.2s/8m40s  350.00 iters/s

running (0m57.0s), 037/122 VUs, 6674 complete and 0 interrupted iterations
warmup     ✓ [ 100% ] 00/20 VUs    30s            10.00 iters/s
warm_cache   [   4% ] 037/102 VUs  0m23.2s/8m40s  350.00 iters/s

running (0m58.0s), 008/122 VUs, 7053 complete and 0 interrupted iterations
warmup     ✓ [ 100% ] 00/20 VUs    30s            10.00 iters/s
warm_cache   [   5% ] 008/102 VUs  0m24.2s/8m40s  350.00 iters/s

running (0m59.0s), 060/122 VUs, 7351 complete and 0 interrupted iterations
warmup     ✓ [ 100% ] 00/20 VUs    30s            10.00 iters/s
warm_cache   [   5% ] 060/102 VUs  0m25.2s/8m40s  350.00 iters/s

running (1m00.0s), 059/122 VUs, 7702 complete and 0 interrupted iterations
warmup     ✓ [ 100% ] 00/20 VUs    30s            10.00 iters/s
warm_cache   [   5% ] 059/102 VUs  0m26.2s/8m40s  350.00 iters/s

running (1m01.0s), 072/127 VUs, 8034 complete and 0 interrupted iterations
warmup     ✓ [ 100% ] 00/20 VUs    30s            10.00 iters/s
warm_cache   [   5% ] 072/107 VUs  0m27.2s/8m40s  350.00 iters/s

running (1m02.0s), 059/127 VUs, 8397 complete and 0 interrupted iterations
warmup     ✓ [ 100% ] 00/20 VUs    30s            10.00 iters/s
warm_cache   [   5% ] 059/107 VUs  0m28.2s/8m40s  350.00 iters/s

running (1m03.0s), 000/127 VUs, 8397 complete and 59 interrupted iterations
warmup     ✓ [ 100% ] 00/20 VUs    30s            10.00 iters/s
warm_cache ✗ [   5% ] 057/107 VUs  0m28.2s/8m40s  350.00 iters/s

running (1m04.0s), 000/127 VUs, 8397 complete and 59 interrupted iterations
warmup     ✓ [ 100% ] 00/20 VUs    30s            10.00 iters/s
warm_cache ✗ [   5% ] 057/107 VUs  0m28.2s/8m40s  350.00 iters/s


  █ THRESHOLDS 

    checks
    ✓ 'rate==1' rate=100.00%

    dropped_iterations
    ✓ 'rate<1' rate=0.109093/s
    ✓ 'count<10' count=7

    http_req_duration{endpoint:redirect_warm_cache}
    ✗ 'p(95)<100' p(95)=192.79ms
    ✗ 'p(99)<250' p(99)=288.05ms

    http_req_failed
    ✓ 'rate<0.001' rate=0.00%


  █ TOTAL RESULTS 

    checks_total.......: 8497    132.422939/s
    checks_succeeded...: 100.00% 8497 out of 8497
    checks_failed......: 0.00%   0 out of 8497

    ✓ setup link create returns 201
    ✓ setup link has a valid code
    ✓ setup link has a short URL
    ✓ setup link has a secret key
    ✓ redirect_warm_cache_warmup returns 302
    ✓ redirect_warm_cache returns 302
    ✓ test link cleanup returns 200

    CUSTOM
    redirect_client_blocked..............: avg=475.22µs min=0s     med=0s      max=252.43ms p(90)=0s       p(95)=0s      
    redirect_client_connecting...........: avg=144.67µs min=0s     med=0s      max=123.72ms p(90)=0s       p(95)=0s      
    redirect_client_receiving............: avg=97.55µs  min=0s     med=0s      max=2.01ms   p(90)=516.15µs p(95)=711.62µs
    redirect_client_sending..............: avg=207.27µs min=0s     med=0s      max=6.72ms   p(90)=546.54µs p(95)=608.5µs 
    redirect_client_tls_handshaking......: avg=327.28µs min=0s     med=0s      max=128.71ms p(90)=0s       p(95)=0s      
    redirect_client_waiting..............: avg=58.14ms  min=5.75ms med=34.59ms max=591.63ms p(90)=160.56ms p(95)=192.61ms

    HTTP
    http_req_duration....................: avg=57.22ms  min=5.75ms med=32.54ms max=592.18ms p(90)=159.66ms p(95)=191.22ms
      { endpoint:redirect_warm_cache }...: avg=58.45ms  min=5.75ms med=34.91ms max=592.18ms p(90)=160.76ms p(95)=192.79ms
      { expected_response:true }.........: avg=57.22ms  min=5.75ms med=32.54ms max=592.18ms p(90)=159.66ms p(95)=191.22ms
    http_req_failed......................: 0.00%  0 out of 8437
    http_reqs............................: 8437   131.487859/s

    EXECUTION
    dropped_iterations...................: 7      0.109093/s
    iteration_duration...................: avg=57.53ms  min=5.8ms  med=34.43ms max=592.18ms p(90)=158.8ms  p(95)=192.03ms
    iterations...........................: 8397   130.864472/s
    vus..................................: 59     min=0         max=85 
    vus_max..............................: 127    min=120       max=127

    NETWORK
    data_received........................: 1.3 MB 21 kB/s
    data_sent............................: 567 kB 8.8 kB/s




running (1m04.2s), 000/127 VUs, 8397 complete and 59 interrupted iterations
warmup     ✓ [ 100% ] 00/20 VUs    30s            10.00 iters/s
warm_cache ✗ [   5% ] 057/107 VUs  0m28.2s/8m40s  350.00 iters/s
time="2026-07-29T12:50:54+09:00" level=error msg="thresholds on metrics 'http_req_duration{endpoint:redirect_warm_cache}' were crossed; at least one has abortOnFail enabled, stopping test prematurely"
