time="2026-07-29T17:41:10+09:00" level=info msg="test configuration: scenario=link-create, cacheMode=hit, baseUrl=https://jhhomehub.gonetis.com/srrrg-dev, rates=12, stageDuration=30s, rampDuration=5s, warmupRate=1, warmupDuration=30s, preAllocatedVUs=20, maxVUs=100, runId=1785314470900-411968" source=console


  █ THRESHOLDS 

    checks
    ✓ 'rate==1' rate=100.00%

    dropped_iterations
    ✓ 'rate<1' rate=0/s
    ✓ 'count<10' count=0

    http_req_duration{endpoint:link_create_cache_hit}
    ✓ 'p(95)<300' p(95)=112.73ms
    ✓ 'p(99)<500' p(99)=286.33ms

    http_req_failed
    ✓ 'rate<0.001' rate=0.00%


  █ TOTAL RESULTS 

    checks_total.......: 1272    19.455063/s
    checks_succeeded...: 100.00% 1272 out of 1272
    checks_failed......: 0.00%   0 out of 1272

    ✓ link_create_setup_seed returns 201
    ✓ link_create_setup_seed has a valid code
    ✓ link_create_setup_seed has a secret key
    ✓ link_create_warmup returns 201
    ✓ link_create_warmup has a valid code
    ✓ link_create_warmup has a secret key
    ✓ link_create_cache_hit returns 201
    ✓ link_create_cache_hit has a valid code
    ✓ link_create_cache_hit has a secret key

    HTTP
    http_req_duration......................: avg=72.74ms min=55.97ms med=61.05ms max=319.18ms p(90)=86.97ms  p(95)=141.06ms
      { endpoint:link_create_cache_hit }...: avg=71.38ms min=55.97ms med=60.61ms max=319.18ms p(90)=81.58ms  p(95)=112.73ms
      { expected_response:true }...........: avg=72.74ms min=55.97ms med=61.05ms max=319.18ms p(90)=86.97ms  p(95)=141.06ms
    http_req_failed........................: 0.00%  0 out of 424
    http_reqs..............................: 424    6.485021/s

    EXECUTION
    dropped_iterations.....................: 0      0/s
    iteration_duration.....................: avg=78.34ms min=55.97ms med=61.67ms max=319.18ms p(90)=114.68ms p(95)=164.58ms
    iterations.............................: 423    6.469726/s
    vus....................................: 1      min=0        max=4 
    vus_max................................: 40     min=40       max=40

    NETWORK
    data_received..........................: 380 kB 5.8 kB/s
    data_sent..............................: 147 kB 2.2 kB/s



