time="2026-07-29T22:11:02+09:00" level=info msg="test configuration: scenario=mixed-workload, baseUrl=https://jhhomehub.gonetis.com/srrrg-dev, redirectRate=500, hitCreateRate=4, missCreateRate=1, duration=30m, rampDuration=10s, warmupRate=10, warmupDuration=30s, dataLinks=20, redirectPreAllocatedVUs=100, redirectMaxVUs=500, runId=1785330662127-678879" source=console
time="2026-07-29T22:15:02+09:00" level=warning msg="Insufficient VUs, reached 500 active VUs and cannot initialize more" executor=ramping-arrival-rate scenario=redirect
time="2026-07-29T22:15:06+09:00" level=error msg="GoError: link creation failed: endpoint=mixed_link_create_hit, status=500\n\tat go.k6.io/k6/v2/internal/js/modules/k6.(*K6).Fail-fm (native)\n\tat createLink (file:///Users/jihoon/Desktop/workspace/personal/srrrg/scripts/performance/mixed-workload.js:169:9(50))\n\tat linkCreateHit (file:///Users/jihoon/Desktop/workspace/personal/srrrg/scripts/performance/mixed-workload.js:127:13(6))\n" executor=constant-arrival-rate hint="script exception" scenario=link_create_hit source=stacktrace
time="2026-07-29T22:15:07+09:00" level=error msg="GoError: link creation failed: endpoint=mixed_link_create_hit, status=500\n\tat go.k6.io/k6/v2/internal/js/modules/k6.(*K6).Fail-fm (native)\n\tat createLink (file:///Users/jihoon/Desktop/workspace/personal/srrrg/scripts/performance/mixed-workload.js:169:9(50))\n\tat linkCreateHit (file:///Users/jihoon/Desktop/workspace/personal/srrrg/scripts/performance/mixed-workload.js:127:13(6))\n" executor=constant-arrival-rate hint="script exception" scenario=link_create_hit source=stacktrace
time="2026-07-29T22:15:09+09:00" level=error msg="GoError: link creation failed: endpoint=mixed_link_create_hit, status=500\n\tat go.k6.io/k6/v2/internal/js/modules/k6.(*K6).Fail-fm (native)\n\tat createLink (file:///Users/jihoon/Desktop/workspace/personal/srrrg/scripts/performance/mixed-workload.js:169:9(50))\n\tat linkCreateHit (file:///Users/jihoon/Desktop/workspace/personal/srrrg/scripts/performance/mixed-workload.js:127:13(6))\n" executor=constant-arrival-rate hint="script exception" scenario=link_create_hit source=stacktrace
time="2026-07-29T22:15:09+09:00" level=error msg="GoError: link creation failed: endpoint=mixed_link_create_hit, status=500\n\tat go.k6.io/k6/v2/internal/js/modules/k6.(*K6).Fail-fm (native)\n\tat createLink (file:///Users/jihoon/Desktop/workspace/personal/srrrg/scripts/performance/mixed-workload.js:169:9(50))\n\tat linkCreateHit (file:///Users/jihoon/Desktop/workspace/personal/srrrg/scripts/performance/mixed-workload.js:127:13(6))\n" executor=constant-arrival-rate hint="script exception" scenario=link_create_hit source=stacktrace
time="2026-07-29T22:15:09+09:00" level=error msg="GoError: link creation failed: endpoint=mixed_link_create_miss, status=500\n\tat go.k6.io/k6/v2/internal/js/modules/k6.(*K6).Fail-fm (native)\n\tat createLink (file:///Users/jihoon/Desktop/workspace/personal/srrrg/scripts/performance/mixed-workload.js:169:9(50))\n\tat linkCreateMiss (file:///Users/jihoon/Desktop/workspace/personal/srrrg/scripts/performance/mixed-workload.js:131:13(24))\n" executor=constant-arrival-rate hint="script exception" scenario=link_create_miss source=stacktrace
time="2026-07-29T22:15:10+09:00" level=error msg="GoError: link creation failed: endpoint=mixed_link_create_miss, status=500\n\tat go.k6.io/k6/v2/internal/js/modules/k6.(*K6).Fail-fm (native)\n\tat createLink (file:///Users/jihoon/Desktop/workspace/personal/srrrg/scripts/performance/mixed-workload.js:169:9(50))\n\tat linkCreateMiss (file:///Users/jihoon/Desktop/workspace/personal/srrrg/scripts/performance/mixed-workload.js:131:13(24))\n" executor=constant-arrival-rate hint="script exception" scenario=link_create_miss source=stacktrace
time="2026-07-29T22:15:10+09:00" level=error msg="GoError: link creation failed: endpoint=mixed_link_create_hit, status=500\n\tat go.k6.io/k6/v2/internal/js/modules/k6.(*K6).Fail-fm (native)\n\tat createLink (file:///Users/jihoon/Desktop/workspace/personal/srrrg/scripts/performance/mixed-workload.js:169:9(50))\n\tat linkCreateHit (file:///Users/jihoon/Desktop/workspace/personal/srrrg/scripts/performance/mixed-workload.js:127:13(6))\n" executor=constant-arrival-rate hint="script exception" scenario=link_create_hit source=stacktrace
time="2026-07-29T22:15:10+09:00" level=error msg="GoError: link creation failed: endpoint=mixed_link_create_hit, status=500\n\tat go.k6.io/k6/v2/internal/js/modules/k6.(*K6).Fail-fm (native)\n\tat createLink (file:///Users/jihoon/Desktop/workspace/personal/srrrg/scripts/performance/mixed-workload.js:169:9(50))\n\tat linkCreateHit (file:///Users/jihoon/Desktop/workspace/personal/srrrg/scripts/performance/mixed-workload.js:127:13(6))\n" executor=constant-arrival-rate hint="script exception" scenario=link_create_hit source=stacktrace
time="2026-07-29T22:15:10+09:00" level=error msg="GoError: link creation failed: endpoint=mixed_link_create_hit, status=500\n\tat go.k6.io/k6/v2/internal/js/modules/k6.(*K6).Fail-fm (native)\n\tat createLink (file:///Users/jihoon/Desktop/workspace/personal/srrrg/scripts/performance/mixed-workload.js:169:9(50))\n\tat linkCreateHit (file:///Users/jihoon/Desktop/workspace/personal/srrrg/scripts/performance/mixed-workload.js:127:13(6))\n" executor=constant-arrival-rate hint="script exception" scenario=link_create_hit source=stacktrace
time="2026-07-29T22:15:11+09:00" level=error msg="GoError: link creation failed: endpoint=mixed_link_create_miss, status=500\n\tat go.k6.io/k6/v2/internal/js/modules/k6.(*K6).Fail-fm (native)\n\tat createLink (file:///Users/jihoon/Desktop/workspace/personal/srrrg/scripts/performance/mixed-workload.js:169:9(50))\n\tat linkCreateMiss (file:///Users/jihoon/Desktop/workspace/personal/srrrg/scripts/performance/mixed-workload.js:131:13(24))\n" executor=constant-arrival-rate hint="script exception" scenario=link_create_miss source=stacktrace
time="2026-07-29T22:15:11+09:00" level=error msg="GoError: link creation failed: endpoint=mixed_link_create_hit, status=500\n\tat go.k6.io/k6/v2/internal/js/modules/k6.(*K6).Fail-fm (native)\n\tat createLink (file:///Users/jihoon/Desktop/workspace/personal/srrrg/scripts/performance/mixed-workload.js:169:9(50))\n\tat linkCreateHit (file:///Users/jihoon/Desktop/workspace/personal/srrrg/scripts/performance/mixed-workload.js:127:13(6))\n" executor=constant-arrival-rate hint="script exception" scenario=link_create_hit source=stacktrace
time="2026-07-29T22:15:11+09:00" level=error msg="GoError: link creation failed: endpoint=mixed_link_create_miss, status=500\n\tat go.k6.io/k6/v2/internal/js/modules/k6.(*K6).Fail-fm (native)\n\tat createLink (file:///Users/jihoon/Desktop/workspace/personal/srrrg/scripts/performance/mixed-workload.js:169:9(50))\n\tat linkCreateMiss (file:///Users/jihoon/Desktop/workspace/personal/srrrg/scripts/performance/mixed-workload.js:131:13(24))\n" executor=constant-arrival-rate hint="script exception" scenario=link_create_miss source=stacktrace
time="2026-07-29T22:15:12+09:00" level=error msg="GoError: link creation failed: endpoint=mixed_link_create_miss, status=500\n\tat go.k6.io/k6/v2/internal/js/modules/k6.(*K6).Fail-fm (native)\n\tat createLink (file:///Users/jihoon/Desktop/workspace/personal/srrrg/scripts/performance/mixed-workload.js:169:9(50))\n\tat linkCreateMiss (file:///Users/jihoon/Desktop/workspace/personal/srrrg/scripts/performance/mixed-workload.js:131:13(24))\n" executor=constant-arrival-rate hint="script exception" scenario=link_create_miss source=stacktrace
time="2026-07-29T22:15:12+09:00" level=error msg="GoError: link creation failed: endpoint=mixed_link_create_hit, status=500\n\tat go.k6.io/k6/v2/internal/js/modules/k6.(*K6).Fail-fm (native)\n\tat createLink (file:///Users/jihoon/Desktop/workspace/personal/srrrg/scripts/performance/mixed-workload.js:169:9(50))\n\tat linkCreateHit (file:///Users/jihoon/Desktop/workspace/personal/srrrg/scripts/performance/mixed-workload.js:127:13(6))\n" executor=constant-arrival-rate hint="script exception" scenario=link_create_hit source=stacktrace
time="2026-07-29T22:15:13+09:00" level=error msg="GoError: link creation failed: endpoint=mixed_link_create_hit, status=500\n\tat go.k6.io/k6/v2/internal/js/modules/k6.(*K6).Fail-fm (native)\n\tat createLink (file:///Users/jihoon/Desktop/workspace/personal/srrrg/scripts/performance/mixed-workload.js:169:9(50))\n\tat linkCreateHit (file:///Users/jihoon/Desktop/workspace/personal/srrrg/scripts/performance/mixed-workload.js:127:13(6))\n" executor=constant-arrival-rate hint="script exception" scenario=link_create_hit source=stacktrace


  █ THRESHOLDS 

    checks
    ✗ 'rate==1' rate=99.94%

    dropped_iterations
    ✗ 'count==0' count=37125

    http_req_duration{endpoint:mixed_link_create_hit}
    ✗ 'p(95)<300' p(95)=1.53s
    ✗ 'p(99)<500' p(99)=3.57s

    http_req_duration{endpoint:mixed_link_create_miss}
    ✗ 'p(95)<300' p(95)=1.82s
    ✗ 'p(99)<500' p(99)=3.92s

    http_req_duration{endpoint:mixed_redirect}
    ✗ 'p(95)<100' p(95)=455.27ms
    ✗ 'p(99)<250' p(99)=2.42s

    http_req_failed
    ✓ 'rate<0.001' rate=0.05%


  █ TOTAL RESULTS 

    checks_total.......: 892775 484.434154/s
    checks_succeeded...: 99.94% 892306 out of 892775
    checks_failed......: 0.05%  469 out of 892775

    ✓ mixed_setup_redirect_link returns 201
    ✓ mixed_setup_redirect_link has a valid code
    ✓ mixed_setup_redirect_link has a secret key
    ✓ mixed_setup_hit_seed returns 201
    ✓ mixed_setup_hit_seed has a valid code
    ✓ mixed_setup_hit_seed has a secret key
    ✓ mixed_redirect_warmup returns 302
    ✗ mixed_redirect returns 302
      ↳  99% — ✓ 864973 / ✗ 454
    ✗ mixed_link_create_hit returns 201
      ↳  99% — ✓ 7188 / ✗ 10
    ✓ mixed_link_create_hit has a valid code
    ✓ mixed_link_create_hit has a secret key
    ✗ mixed_link_create_miss returns 201
      ↳  99% — ✓ 1795 / ✗ 5
    ✓ mixed_link_create_miss has a valid code
    ✓ mixed_link_create_miss has a secret key
    ✓ mixed setup link cleanup returns 200

    CUSTOM
    mixed_redirect_client_blocked...........: avg=30.9µs   min=0s      med=0s       max=450.91ms p(90)=1µs      p(95)=1µs     
    mixed_redirect_client_connecting........: avg=11.73µs  min=0s      med=0s       max=133.19ms p(90)=0s       p(95)=0s      
    mixed_redirect_client_receiving.........: avg=55.01µs  min=2µs     med=36µs     max=111.69ms p(90)=74µs     p(95)=121µs   
    mixed_redirect_client_sending...........: avg=138.83µs min=7µs     med=119µs    max=7.08ms   p(90)=228µs    p(95)=313µs   
    mixed_redirect_client_tls_handshaking...: avg=18.69µs  min=0s      med=0s       max=319.9ms  p(90)=0s       p(95)=0s      
    mixed_redirect_client_waiting...........: avg=106.09ms min=1.22ms  med=7.41ms   max=10.11s   p(90)=54.38ms  p(95)=455.1ms 

    HTTP
    http_req_duration.......................: avg=107.38ms min=4.13ms  med=7.63ms   max=10.11s   p(90)=59.56ms  p(95)=495.92ms
      { endpoint:mixed_link_create_hit }....: avg=192.07ms min=4.4ms   med=8.44ms   max=7.07s    p(90)=179.74ms p(95)=1.53s   
      { endpoint:mixed_link_create_miss }...: avg=312.25ms min=105.8ms med=109.28ms max=8.51s    p(90)=301.14ms p(95)=1.82s   
      { endpoint:mixed_redirect }...........: avg=106.28ms min=4.13ms  med=7.61ms   max=10.11s   p(90)=54.66ms  p(95)=455.27ms
      { expected_response:true }............: avg=104.37ms min=4.13ms  med=7.62ms   max=10.11s   p(90)=58.38ms  p(95)=441.64ms
    http_req_failed.........................: 0.05%  469 out of 874767
    http_reqs...............................: 874767 474.662721/s

    EXECUTION
    dropped_iterations......................: 37125  20.144625/s
    iteration_duration......................: avg=107.62ms min=4.21ms  med=7.85ms   max=10.14s   p(90)=59.76ms  p(95)=496.45ms
    iterations..............................: 874726 474.640474/s
    vus.....................................: 4      min=0             max=528
    vus_max.................................: 563    min=160           max=563

    NETWORK
    data_received...........................: 63 MB  34 kB/s
    data_sent...............................: 34 MB  18 kB/s



time="2026-07-29T22:41:45+09:00" level=error msg="thresholds on metrics 'checks, dropped_iterations, http_req_duration{endpoint:mixed_link_create_hit}, http_req_duration{endpoint:mixed_link_create_miss}, http_req_duration{endpoint:mixed_redirect}' have been crossed"
