time="2026-07-31T11:45:43+09:00" level=info msg="test configuration: scenario=baseline, baseUrl=https://jhhomehub.gonetis.com/srrrg-dev, duration=1m" source=console


  █ THRESHOLDS 

    checks
    ✓ 'rate==1' rate=100.00%

    http_req_failed
    ✓ 'rate==0' rate=0.00%


  █ TOTAL RESULTS 

    checks_total.......: 10300   170.45067/s
    checks_succeeded...: 100.00% 10300 out of 10300
    checks_failed......: 0.00%   0 out of 10300

    ✓ baseline_setup_seed returns 201
    ✓ baseline_setup_seed response is valid
    ✓ baseline_link_create returns 201
    ✓ baseline_link_create response is valid
    ✓ baseline management lookup returns 200
    ✓ baseline management lookup returns the original URL
    ✓ baseline redirect returns 302
    ✓ baseline redirect location matches the original URL
    ✓ baseline_link_delete returns 200
    ✓ baseline_setup_delete returns 200

    HTTP
    http_req_duration..............: avg=10.07ms min=5.34ms  med=8.51ms max=113.81ms p(90)=15.08ms p(95)=21.44ms
      { expected_response:true }...: avg=10.07ms min=5.34ms  med=8.51ms max=113.81ms p(90)=15.08ms p(95)=21.44ms
    http_req_failed................: 0.00%  0 out of 5886
    http_reqs......................: 5886   97.405111/s

    EXECUTION
    iteration_duration.............: avg=40.78ms min=26.67ms med=37.6ms max=107.9ms  p(90)=54.79ms p(95)=60.11ms
    iterations.....................: 1471   24.343003/s
    vus............................: 1      min=1         max=1
    vus_max........................: 1      min=1         max=1

    NETWORK
    data_received..................: 1.2 MB 20 kB/s
    data_sent......................: 535 kB 8.9 kB/s



