time="2026-07-29T14:00:38+09:00" level=info msg="test configuration: scenario=warm-cache, baseUrl=https://jhhomehub.gonetis.com/srrrg-dev, rates=800, stageDuration=2m, rampDuration=10s, dataLinks=20, warmupRate=10, warmupDuration=30s, preAllocatedVUs=160, maxVUs=200" source=console
time="2026-07-29T14:00:39+09:00" level=info msg="test link created: code=DDMJRC, shortUrl=https://jhhomehub.gonetis.com/srrrg-dev/DDMJRC" source=console
time="2026-07-29T14:00:39+09:00" level=info msg="test link created: code=4WWNEd, shortUrl=https://jhhomehub.gonetis.com/srrrg-dev/4WWNEd" source=console
time="2026-07-29T14:00:39+09:00" level=info msg="test link created: code=vU9qVK, shortUrl=https://jhhomehub.gonetis.com/srrrg-dev/vU9qVK" source=console
time="2026-07-29T14:00:39+09:00" level=info msg="test link created: code=LbTYxI, shortUrl=https://jhhomehub.gonetis.com/srrrg-dev/LbTYxI" source=console
time="2026-07-29T14:00:40+09:00" level=info msg="test link created: code=t2KdnO, shortUrl=https://jhhomehub.gonetis.com/srrrg-dev/t2KdnO" source=console
time="2026-07-29T14:00:40+09:00" level=info msg="test link created: code=eqPrEn, shortUrl=https://jhhomehub.gonetis.com/srrrg-dev/eqPrEn" source=console
time="2026-07-29T14:00:40+09:00" level=info msg="test link created: code=sjSFMX, shortUrl=https://jhhomehub.gonetis.com/srrrg-dev/sjSFMX" source=console
time="2026-07-29T14:00:40+09:00" level=info msg="test link created: code=0mLm31, shortUrl=https://jhhomehub.gonetis.com/srrrg-dev/0mLm31" source=console
time="2026-07-29T14:00:40+09:00" level=info msg="test link created: code=8E4DlF, shortUrl=https://jhhomehub.gonetis.com/srrrg-dev/8E4DlF" source=console
time="2026-07-29T14:00:40+09:00" level=info msg="test link created: code=evvVAr, shortUrl=https://jhhomehub.gonetis.com/srrrg-dev/evvVAr" source=console
time="2026-07-29T14:00:41+09:00" level=info msg="test link created: code=DPOUrC, shortUrl=https://jhhomehub.gonetis.com/srrrg-dev/DPOUrC" source=console
time="2026-07-29T14:00:41+09:00" level=info msg="test link created: code=dC4nJK, shortUrl=https://jhhomehub.gonetis.com/srrrg-dev/dC4nJK" source=console
time="2026-07-29T14:00:41+09:00" level=info msg="test link created: code=Vbq3kb, shortUrl=https://jhhomehub.gonetis.com/srrrg-dev/Vbq3kb" source=console
time="2026-07-29T14:00:41+09:00" level=info msg="test link created: code=dc0dn5, shortUrl=https://jhhomehub.gonetis.com/srrrg-dev/dc0dn5" source=console
time="2026-07-29T14:00:41+09:00" level=info msg="test link created: code=8PemSz, shortUrl=https://jhhomehub.gonetis.com/srrrg-dev/8PemSz" source=console
time="2026-07-29T14:00:41+09:00" level=info msg="test link created: code=7pR6WE, shortUrl=https://jhhomehub.gonetis.com/srrrg-dev/7pR6WE" source=console
time="2026-07-29T14:00:42+09:00" level=info msg="test link created: code=rz5ShJ, shortUrl=https://jhhomehub.gonetis.com/srrrg-dev/rz5ShJ" source=console
time="2026-07-29T14:00:42+09:00" level=info msg="test link created: code=DXRrJx, shortUrl=https://jhhomehub.gonetis.com/srrrg-dev/DXRrJx" source=console
time="2026-07-29T14:00:42+09:00" level=info msg="test link created: code=Q8MGwI, shortUrl=https://jhhomehub.gonetis.com/srrrg-dev/Q8MGwI" source=console
time="2026-07-29T14:00:42+09:00" level=info msg="test link created: code=ESiYHD, shortUrl=https://jhhomehub.gonetis.com/srrrg-dev/ESiYHD" source=console


  █ THRESHOLDS 

    checks
    ✓ 'rate==1' rate=100.00%

    dropped_iterations
    ✓ 'rate<1' rate=0/s
    ✓ 'count<10' count=0

    http_req_duration{endpoint:redirect_warm_cache}
    ✓ 'p(95)<100' p(95)=16.59ms
    ✓ 'p(99)<250' p(99)=45.49ms

    http_req_failed
    ✓ 'rate<0.001' rate=0.00%


  █ TOTAL RESULTS 

    checks_total.......: 100449  608.047812/s
    checks_succeeded...: 100.00% 100449 out of 100449
    checks_failed......: 0.00%   0 out of 100449

    ✓ setup link create returns 201
    ✓ setup link has a valid code
    ✓ setup link has a short URL
    ✓ setup link has a secret key
    ✓ redirect_warm_cache_warmup returns 302
    ✓ redirect_warm_cache returns 302
    ✓ test link cleanup returns 200

    CUSTOM
    redirect_client_blocked..............: avg=41.93µs min=0s     med=0s     max=65.5ms   p(90)=0s      p(95)=0s     
    redirect_client_connecting...........: avg=13.1µs  min=0s     med=0s     max=49.66ms  p(90)=0s      p(95)=0s     
    redirect_client_receiving............: avg=26.69µs min=0s     med=0s     max=1.73ms   p(90)=0s      p(95)=0s     
    redirect_client_sending..............: avg=5.44µs  min=0s     med=0s     max=6.58ms   p(90)=0s      p(95)=0s     
    redirect_client_tls_handshaking......: avg=28.63µs min=0s     med=0s     max=49.73ms  p(90)=0s      p(95)=0s     
    redirect_client_waiting..............: avg=10.22ms min=2.3ms  med=8.72ms max=276.59ms p(90)=12.89ms p(95)=16.56ms

    HTTP
    http_req_duration....................: avg=10.3ms  min=4.98ms med=8.76ms max=276.59ms p(90)=12.96ms p(95)=16.68ms
      { endpoint:redirect_warm_cache }...: avg=10.25ms min=4.98ms med=8.75ms max=276.59ms p(90)=12.92ms p(95)=16.59ms
      { expected_response:true }.........: avg=10.3ms  min=4.98ms med=8.76ms max=276.59ms p(90)=12.96ms p(95)=16.68ms
    http_req_failed......................: 0.00%  0 out of 100389
    http_reqs............................: 100389 607.684614/s

    EXECUTION
    dropped_iterations...................: 0      0/s
    iteration_duration...................: avg=10.36ms min=4.98ms med=8.81ms max=276.59ms p(90)=13.05ms p(95)=17.01ms
    iterations...........................: 100349 607.442482/s
    vus..................................: 0      min=0           max=48 
    vus_max..............................: 180    min=180         max=180

    NETWORK
    data_received........................: 5.9 MB 36 kB/s
    data_sent............................: 4.0 MB 24 kB/s



