time="2026-07-31T11:47:27+09:00" level=info msg="test configuration: scenario=baseline, baseUrl=https://jhhomehub.gonetis.com/srrrg-dev, duration=1m" source=console


  █ THRESHOLDS 

    checks
    ✓ 'rate==1' rate=100.00%

    http_req_failed
    ✓ 'rate==0' rate=0.00%


  █ TOTAL RESULTS 

    checks_total.......: 8207    135.224308/s
    checks_succeeded...: 100.00% 8207 out of 8207
    checks_failed......: 0.00%   0 out of 8207

    ✓ baseline_setup_seed returns 201
    ✓ baseline_setup_seed response is valid
    ✓ baseline_link_create returns 201
    ✓ baseline_link_create response is valid
    ✓ baseline management lookup returns 200
    ✓ baseline management lookup returns the original URL
    ✓ baseline redirect returns 302
    ✓ baseline redirect location matches the original URL
    ✓ baseline_link_delete returns 200
    ✓ baseline_setup_delete returns 200

    CUSTOM
    baseline_link_create_duration......: avg=13.75ms min=7.03ms  med=10.75ms max=87.61ms  p(90)=25.36ms p(95)=28.91ms p(99)=36.16ms 
    baseline_management_get_duration...: avg=11.93ms min=6.22ms  med=9.43ms  max=109.7ms  p(90)=20.14ms p(95)=25.31ms p(99)=31.94ms 
    baseline_redirect_duration.........: avg=11.59ms min=7.64ms  med=10.45ms max=95.77ms  p(90)=14.95ms p(95)=16.91ms p(99)=23.72ms 

    HTTP
    http_req_duration..................: avg=12.17ms min=6.22ms  med=10.15ms max=126.67ms p(90)=17.62ms p(95)=24.18ms p(99)=32.42ms 
      { expected_response:true }.......: avg=12.17ms min=6.22ms  med=10.15ms max=126.67ms p(90)=17.62ms p(95)=24.18ms p(99)=32.42ms 
    http_req_failed....................: 0.00%  0 out of 4690
    http_reqs..........................: 4690   77.275741/s

    EXECUTION
    iteration_duration.................: avg=51.15ms min=33.31ms med=47.08ms max=308.72ms p(90)=65.01ms p(95)=69.44ms p(99)=104.49ms
    iterations.........................: 1172   19.310697/s
    vus................................: 1      min=1         max=1
    vus_max............................: 1      min=1         max=1

    NETWORK
    data_received......................: 968 kB 16 kB/s
    data_sent..........................: 427 kB 7.0 kB/s



