time="2026-07-30T11:15:03+09:00" level=info msg="test configuration: scenario=smoke, baseUrl=https://jhhomehub.gonetis.com/srrrg-dev, redirectRequests=20" source=console
time="2026-07-30T11:15:04+09:00" level=info msg="test link created: code=5VdLDC, shortUrl=https://jhhomehub.gonetis.com/srrrg-dev/5VdLDC" source=console


  █ THRESHOLDS 

    checks
    ✓ 'rate==1' rate=100.00%

    http_req_failed
    ✓ 'rate==0' rate=0.00%


  █ TOTAL RESULTS 

    checks_total.......: 48      33.914201/s
    checks_succeeded...: 100.00% 48 out of 48
    checks_failed......: 0.00%   0 out of 48

    ✓ link create returns 201
    ✓ link create response has a six-character code
    ✓ link create response has a short URL
    ✓ link create response has a secret key
    ✓ management lookup returns 200
    ✓ management lookup returns the original URL
    ✓ redirect returns 302
    ✓ redirect location matches the original URL
    ✓ test link cleanup returns 200
    ✓ test link cleanup confirms deletion

    HTTP
    http_req_duration..............: avg=48.23ms min=12.04ms med=15.95ms max=424.68ms p(90)=110.64ms p(95)=125.36ms
      { expected_response:true }...: avg=48.23ms min=12.04ms med=15.95ms max=424.68ms p(90)=110.64ms p(95)=125.36ms
    http_req_failed................: 0.00%  0 out of 23
    http_reqs......................: 23     16.250555/s

    EXECUTION
    iteration_duration.............: avg=700.3ms min=700.3ms med=700.3ms max=700.3ms  p(90)=700.3ms  p(95)=700.3ms 
    iterations.....................: 1      0.706546/s
    vus............................: 1      min=1       max=1
    vus_max........................: 1      min=1       max=1

    NETWORK
    data_received..................: 21 kB  15 kB/s
    data_sent......................: 6.4 kB 4.5 kB/s



