time="2026-07-29T21:40:59+09:00" level=info msg="test configuration: scenario=mixed-workload, baseUrl=https://jhhomehub.gonetis.com/srrrg-dev, redirectRate=500, hitCreateRate=4, missCreateRate=1, duration=2m, rampDuration=10s, warmupRate=10, warmupDuration=30s, dataLinks=20, runId=1785328859255-425120" source=console
time="2026-07-29T21:41:39+09:00" level=warning msg="Insufficient VUs, reached 200 active VUs and cannot initialize more" executor=ramping-arrival-rate scenario=redirect


  █ THRESHOLDS 

    checks
    ✗ 'rate==1' rate=99.99%

    dropped_iterations
    ✗ 'count==0' count=13049

    http_req_duration{endpoint:mixed_link_create_hit}
    ✗ 'p(95)<300' p(95)=765.25ms
    ✗ 'p(99)<500' p(99)=1.1s

    http_req_duration{endpoint:mixed_link_create_miss}
    ✗ 'p(95)<300' p(95)=1.18s
    ✗ 'p(99)<500' p(99)=1.3s

    http_req_duration{endpoint:mixed_redirect}
    ✗ 'p(95)<100' p(95)=1.02s
    ✗ 'p(99)<250' p(99)=1.43s

    http_req_failed
    ✓ 'rate<0.001' rate=0.00%


  █ TOTAL RESULTS 

    checks_total.......: 51689  316.256537/s
    checks_succeeded...: 99.99% 51688 out of 51689
    checks_failed......: 0.00%  1 out of 51689

    ✓ mixed_setup_redirect_link returns 201
    ✓ mixed_setup_redirect_link has a valid code
    ✓ mixed_setup_redirect_link has a secret key
    ✓ mixed_setup_hit_seed returns 201
    ✓ mixed_setup_hit_seed has a valid code
    ✓ mixed_setup_hit_seed has a secret key
    ✓ mixed_redirect_warmup returns 302
    ✗ mixed_redirect returns 302
      ↳  99% — ✓ 49498 / ✗ 1
    ✓ mixed_link_create_hit returns 201
    ✓ mixed_link_create_hit has a valid code
    ✓ mixed_link_create_hit has a secret key
    ✓ mixed_link_create_miss returns 201
    ✓ mixed_link_create_miss has a valid code
    ✓ mixed_link_create_miss has a secret key
    ✓ mixed setup link cleanup returns 200

    HTTP
    http_req_duration.......................: avg=329.82ms min=4.77ms  med=244.36ms max=2.99s p(90)=818.37ms p(95)=1.01s   
      { endpoint:mixed_link_create_hit }....: avg=261.89ms min=6.26ms  med=209.57ms max=1.42s p(90)=616.18ms p(95)=765.25ms
      { endpoint:mixed_link_create_miss }...: avg=463.52ms min=106.8ms med=427.17ms max=1.4s  p(90)=921.29ms p(95)=1.18s   
      { endpoint:mixed_redirect }...........: avg=332.23ms min=4.77ms  med=249.52ms max=2.99s p(90)=826.08ms p(95)=1.02s   
      { expected_response:true }............: avg=329.77ms min=4.77ms  med=244.34ms max=2.99s p(90)=818.23ms p(95)=1.01s   
    http_req_failed.........................: 0.00%  1 out of 50443
    http_reqs...............................: 50443  308.632949/s

    EXECUTION
    dropped_iterations......................: 13049  79.839648/s
    iteration_duration......................: avg=330.36ms min=4.9ms   med=245.19ms max=2.99s p(90)=820.33ms p(95)=1.01s   
    iterations..............................: 50402  308.382092/s
    vus.....................................: 1      min=0          max=205
    vus_max.................................: 260    min=160        max=260

    NETWORK
    data_received...........................: 4.8 MB 30 kB/s
    data_sent...............................: 2.4 MB 15 kB/s



time="2026-07-29T21:43:42+09:00" level=error msg="thresholds on metrics 'checks, dropped_iterations, http_req_duration{endpoint:mixed_link_create_hit}, http_req_duration{endpoint:mixed_link_create_miss}, http_req_duration{endpoint:mixed_redirect}' have been crossed"
