time="2026-07-29T21:45:09+09:00" level=info msg="test configuration: scenario=mixed-workload, baseUrl=https://jhhomehub.gonetis.com/srrrg-dev, redirectRate=500, hitCreateRate=4, missCreateRate=1, duration=2m, rampDuration=10s, warmupRate=10, warmupDuration=30s, dataLinks=20, runId=1785329109367-243093" source=console
time="2026-07-29T21:47:39+09:00" level=warning msg="Insufficient VUs, reached 200 active VUs and cannot initialize more" executor=ramping-arrival-rate scenario=redirect


  █ THRESHOLDS 

    checks
    ✓ 'rate==1' rate=100.00%

    dropped_iterations
    ✗ 'count==0' count=1083

    http_req_duration{endpoint:mixed_link_create_hit}
    ✓ 'p(95)<300' p(95)=83.06ms
    ✓ 'p(99)<500' p(99)=361.22ms

    http_req_duration{endpoint:mixed_link_create_miss}
    ✓ 'p(95)<300' p(95)=207.15ms
    ✗ 'p(99)<500' p(99)=1.54s

    http_req_duration{endpoint:mixed_redirect}
    ✓ 'p(95)<100' p(95)=68.52ms
    ✗ 'p(99)<250' p(99)=392.83ms

    http_req_failed
    ✓ 'rate<0.001' rate=0.00%


  █ TOTAL RESULTS 

    checks_total.......: 63651   389.548659/s
    checks_succeeded...: 100.00% 63651 out of 63651
    checks_failed......: 0.00%   0 out of 63651

    ✓ mixed_setup_redirect_link returns 201
    ✓ mixed_setup_redirect_link has a valid code
    ✓ mixed_setup_redirect_link has a secret key
    ✓ mixed_setup_hit_seed returns 201
    ✓ mixed_setup_hit_seed has a valid code
    ✓ mixed_setup_hit_seed has a secret key
    ✓ mixed_redirect_warmup returns 302
    ✓ mixed_redirect returns 302
    ✓ mixed_link_create_hit returns 201
    ✓ mixed_link_create_hit has a valid code
    ✓ mixed_link_create_hit has a secret key
    ✓ mixed_link_create_miss returns 201
    ✓ mixed_link_create_miss has a valid code
    ✓ mixed_link_create_miss has a secret key
    ✓ mixed setup link cleanup returns 200

    HTTP
    http_req_duration.......................: avg=25.83ms  min=4.92ms   med=8.73ms   max=6.84s p(90)=30.34ms  p(95)=70.65ms 
      { endpoint:mixed_link_create_hit }....: avg=29.45ms  min=5.13ms   med=9.27ms   max=1.83s p(90)=38.48ms  p(95)=83.06ms 
      { endpoint:mixed_link_create_miss }...: avg=156.82ms min=106.46ms med=110.08ms max=1.68s p(90)=155.46ms p(95)=207.15ms
      { endpoint:mixed_redirect }...........: avg=25.56ms  min=4.92ms   med=8.69ms   max=6.84s p(90)=29.37ms  p(95)=68.52ms 
      { expected_response:true }............: avg=25.83ms  min=4.92ms   med=8.73ms   max=6.84s p(90)=30.34ms  p(95)=70.65ms 
    http_req_failed.........................: 0.00%  0 out of 62407
    http_reqs...............................: 62407  381.93529/s

    EXECUTION
    dropped_iterations......................: 1083   6.628037/s
    iteration_duration......................: avg=28.66ms  min=4.97ms   med=8.91ms   max=8.2s  p(90)=31.75ms  p(95)=71ms    
    iterations..............................: 62366  381.684367/s
    vus.....................................: 0      min=0          max=204
    vus_max.................................: 260    min=160        max=260

    NETWORK
    data_received...........................: 4.9 MB 30 kB/s
    data_sent...............................: 2.8 MB 17 kB/s



time="2026-07-29T21:47:53+09:00" level=error msg="thresholds on metrics 'dropped_iterations, http_req_duration{endpoint:mixed_link_create_miss}, http_req_duration{endpoint:mixed_redirect}' have been crossed"
